2026/09/06 15:29:14 maxprocs: Leaving GOMAXPROCS=12: CPU quota undefined
I0906 15:29:14.750353       1 flags.go:57] FLAG: --add-dir-header="false"
I0906 15:29:14.750366       1 flags.go:57] FLAG: --alsologtostderr="false"
I0906 15:29:14.750369       1 flags.go:57] FLAG: --alsologtostderrthreshold="0"
I0906 15:29:14.750371       1 flags.go:57] FLAG: --ca-cert-file=""
I0906 15:29:14.750374       1 flags.go:57] FLAG: --cache-dump-dir="/tmp"
I0906 15:29:14.750376       1 flags.go:57] FLAG: --cache-dumper="true"
I0906 15:29:14.750380       1 flags.go:57] FLAG: --csi-storage="false"
I0906 15:29:14.750384       1 flags.go:57] FLAG: --default-queue="default"
I0906 15:29:14.750387       1 flags.go:57] FLAG: --disable-default-scheduler-config="false"
I0906 15:29:14.750390       1 flags.go:57] FLAG: --enable-healthz="true"
I0906 15:29:14.750392       1 flags.go:57] FLAG: --enable-metrics="true"
I0906 15:29:14.750394       1 flags.go:57] FLAG: --enable-pprof="false"
I0906 15:29:14.750396       1 flags.go:57] FLAG: --feature-gates=""
I0906 15:29:14.750399       1 flags.go:57] FLAG: --gate-removal-worker-num="5"
I0906 15:29:14.750402       1 flags.go:57] FLAG: --healthz-address=":11251"
I0906 15:29:14.750404       1 flags.go:57] FLAG: --ignored-provisioners="[]"
I0906 15:29:14.750409       1 flags.go:57] FLAG: --kube-api-burst="2000"
I0906 15:29:14.750411       1 flags.go:57] FLAG: --kube-api-qps="2000"
I0906 15:29:14.750413       1 flags.go:57] FLAG: --kubeconfig=""
I0906 15:29:14.750415       1 flags.go:57] FLAG: --leader-elect="false"
I0906 15:29:14.750417       1 flags.go:57] FLAG: --leader-elect-lease-duration="15s"
I0906 15:29:14.750420       1 flags.go:57] FLAG: --leader-elect-renew-deadline="10s"
I0906 15:29:14.750422       1 flags.go:57] FLAG: --leader-elect-resource-lock="leases"
I0906 15:29:14.750424       1 flags.go:57] FLAG: --leader-elect-resource-name="volcano"
I0906 15:29:14.750431       1 flags.go:57] FLAG: --leader-elect-resource-namespace="volcano-system"
I0906 15:29:14.750434       1 flags.go:57] FLAG: --leader-elect-retry-period="2s"
I0906 15:29:14.750436       1 flags.go:57] FLAG: --legacy-stderr-threshold-behavior="false"
I0906 15:29:14.750438       1 flags.go:57] FLAG: --listen-address=":8080"
I0906 15:29:14.750440       1 flags.go:57] FLAG: --lock-object-namespace=""
I0906 15:29:14.750441       1 flags.go:57] FLAG: --log-backtrace-at=":0"
I0906 15:29:14.750444       1 flags.go:57] FLAG: --log-dir=""
I0906 15:29:14.750446       1 flags.go:57] FLAG: --log-file=""
I0906 15:29:14.750448       1 flags.go:57] FLAG: --log-file-max-size="1800"
I0906 15:29:14.750450       1 flags.go:57] FLAG: --log-flush-frequency="5s"
I0906 15:29:14.750452       1 flags.go:57] FLAG: --logtostderr="true"
I0906 15:29:14.750454       1 flags.go:57] FLAG: --master=""
I0906 15:29:14.750456       1 flags.go:57] FLAG: --minimum-feasible-nodes="100"
I0906 15:29:14.750465       1 flags.go:57] FLAG: --minimum-percentage-nodes-to-find="5"
I0906 15:29:14.750468       1 flags.go:57] FLAG: --node-selector="[]"
I0906 15:29:14.750472       1 flags.go:57] FLAG: --node-worker-threads="20"
I0906 15:29:14.750477       1 flags.go:57] FLAG: --one-output="false"
I0906 15:29:14.750479       1 flags.go:57] FLAG: --percentage-nodes-to-find="0"
I0906 15:29:14.750482       1 flags.go:57] FLAG: --plugins-dir=""
I0906 15:29:14.750483       1 flags.go:57] FLAG: --priority-class="true"
I0906 15:29:14.750485       1 flags.go:57] FLAG: --resource-sync-timeout="1m0s"
I0906 15:29:14.750487       1 flags.go:57] FLAG: --resync-period="0s"
I0906 15:29:14.750489       1 flags.go:57] FLAG: --schedule-period="1s"
I0906 15:29:14.750491       1 flags.go:57] FLAG: --scheduler-conf="/volcano.scheduler/volcano-scheduler.conf"
I0906 15:29:14.750494       1 flags.go:57] FLAG: --scheduler-name="[volcano]"
I0906 15:29:14.750498       1 flags.go:57] FLAG: --scheduler-sharding-mode="none"
I0906 15:29:14.750500       1 flags.go:57] FLAG: --scheduler-sharding-name="volcano"
I0906 15:29:14.750503       1 flags.go:57] FLAG: --skip-headers="false"
I0906 15:29:14.750504       1 flags.go:57] FLAG: --skip-log-headers="false"
I0906 15:29:14.750506       1 flags.go:57] FLAG: --stderrthreshold="0"
I0906 15:29:14.750508       1 flags.go:57] FLAG: --tls-cert-file=""
I0906 15:29:14.750510       1 flags.go:57] FLAG: --tls-private-key-file=""
I0906 15:29:14.750512       1 flags.go:57] FLAG: --v="3"
I0906 15:29:14.750514       1 flags.go:57] FLAG: --version="false"
I0906 15:29:14.750516       1 flags.go:57] FLAG: --vmodule=""
W0906 15:29:14.750536       1 client_config.go:682] Neither --kubeconfig nor --master was specified.  Using the inClusterConfig.  This might not work.
I0906 15:29:14.754369       1 registry.go:397] setting kube:feature gate emulation version to 1.35, min compatibility version to 1.34
I0906 15:29:14.754636       1 cache.go:537] Creating default queue and root queue
I0906 15:29:14.756422       1 cache.go:469] Queue root already exists, skip creating.
I0906 15:29:14.757871       1 cache.go:469] Queue default already exists, skip creating.
I0906 15:29:14.758499       1 cache.go:598] no registered bind method, new a default one
I0906 15:29:14.759372       1 scheduler.go:159] Finished loading scheduler config. Final state: actions=[enqueue reclaim allocate backfill preempt], plugins=[priority gang conformance drf predicates proportion nodeorder binpack deviceshare]
I0906 15:29:14.759481       1 reflector.go:367] "Starting reflector" type="*v1.CSINode" resyncPeriod="0s" reflector="pkg/mod/k8s.io/client-go@v0.35.3/tools/cache/reflector.go:289"
I0906 15:29:14.759481       1 reflector.go:367] "Starting reflector" type="*v1.Node" resyncPeriod="0s" reflector="pkg/mod/k8s.io/client-go@v0.35.3/tools/cache/reflector.go:289"
I0906 15:29:14.759491       1 reflector.go:367] "Starting reflector" type="*v1.PriorityClass" resyncPeriod="0s" reflector="pkg/mod/k8s.io/client-go@v0.35.3/tools/cache/reflector.go:289"
I0906 15:29:14.759496       1 reflector.go:411] "Listing and watching" type="*v1.Node" reflector="pkg/mod/k8s.io/client-go@v0.35.3/tools/cache/reflector.go:289"
I0906 15:29:14.759495       1 reflector.go:411] "Listing and watching" type="*v1.CSINode" reflector="pkg/mod/k8s.io/client-go@v0.35.3/tools/cache/reflector.go:289"
I0906 15:29:14.759532       1 reflector.go:367] "Starting reflector" type="*v1.ResourceClaim" resyncPeriod="0s" reflector="pkg/mod/k8s.io/client-go@v0.35.3/tools/cache/reflector.go:289"
I0906 15:29:14.759542       1 reflector.go:411] "Listing and watching" type="*v1.ResourceClaim" reflector="pkg/mod/k8s.io/client-go@v0.35.3/tools/cache/reflector.go:289"
I0906 15:29:14.759554       1 reflector.go:367] "Starting reflector" type="*v1.ResourceQuota" resyncPeriod="0s" reflector="pkg/mod/k8s.io/client-go@v0.35.3/tools/cache/reflector.go:289"
I0906 15:29:14.759563       1 reflector.go:411] "Listing and watching" type="*v1.ResourceQuota" reflector="pkg/mod/k8s.io/client-go@v0.35.3/tools/cache/reflector.go:289"
I0906 15:29:14.759598       1 reflector.go:367] "Starting reflector" type="*v1.ResourceSlice" resyncPeriod="0s" reflector="pkg/mod/k8s.io/client-go@v0.35.3/tools/cache/reflector.go:289"
I0906 15:29:14.759616       1 reflector.go:411] "Listing and watching" type="*v1.ResourceSlice" reflector="pkg/mod/k8s.io/client-go@v0.35.3/tools/cache/reflector.go:289"
I0906 15:29:14.759501       1 reflector.go:411] "Listing and watching" type="*v1.PriorityClass" reflector="pkg/mod/k8s.io/client-go@v0.35.3/tools/cache/reflector.go:289"
I0906 15:29:14.759658       1 reflector.go:367] "Starting reflector" type="*v1.PersistentVolume" resyncPeriod="0s" reflector="pkg/mod/k8s.io/client-go@v0.35.3/tools/cache/reflector.go:289"
I0906 15:29:14.759661       1 reflector.go:367] "Starting reflector" type="*v1.ReplicationController" resyncPeriod="0s" reflector="pkg/mod/k8s.io/client-go@v0.35.3/tools/cache/reflector.go:289"
I0906 15:29:14.759671       1 reflector.go:411] "Listing and watching" type="*v1.PersistentVolume" reflector="pkg/mod/k8s.io/client-go@v0.35.3/tools/cache/reflector.go:289"
I0906 15:29:14.759675       1 reflector.go:411] "Listing and watching" type="*v1.ReplicationController" reflector="pkg/mod/k8s.io/client-go@v0.35.3/tools/cache/reflector.go:289"
I0906 15:29:14.759484       1 reflector.go:367] "Starting reflector" type="*v1.Namespace" resyncPeriod="0s" reflector="pkg/mod/k8s.io/client-go@v0.35.3/tools/cache/reflector.go:289"
I0906 15:29:14.759692       1 reflector.go:367] "Starting reflector" type="*v1.PodDisruptionBudget" resyncPeriod="0s" reflector="pkg/mod/k8s.io/client-go@v0.35.3/tools/cache/reflector.go:289"
I0906 15:29:14.759696       1 reflector.go:411] "Listing and watching" type="*v1.Namespace" reflector="pkg/mod/k8s.io/client-go@v0.35.3/tools/cache/reflector.go:289"
I0906 15:29:14.759696       1 reflector.go:367] "Starting reflector" type="*v1.Pod" resyncPeriod="0s" reflector="pkg/mod/k8s.io/client-go@v0.35.3/tools/cache/reflector.go:289"
I0906 15:29:14.759703       1 reflector.go:411] "Listing and watching" type="*v1.PodDisruptionBudget" reflector="pkg/mod/k8s.io/client-go@v0.35.3/tools/cache/reflector.go:289"
I0906 15:29:14.759719       1 reflector.go:367] "Starting reflector" type="*v1.StatefulSet" resyncPeriod="0s" reflector="pkg/mod/k8s.io/client-go@v0.35.3/tools/cache/reflector.go:289"
I0906 15:29:14.759736       1 reflector.go:411] "Listing and watching" type="*v1.StatefulSet" reflector="pkg/mod/k8s.io/client-go@v0.35.3/tools/cache/reflector.go:289"
I0906 15:29:14.759737       1 reflector.go:367] "Starting reflector" type="*v1.StorageClass" resyncPeriod="0s" reflector="pkg/mod/k8s.io/client-go@v0.35.3/tools/cache/reflector.go:289"
I0906 15:29:14.759743       1 reflector.go:411] "Listing and watching" type="*v1.Pod" reflector="pkg/mod/k8s.io/client-go@v0.35.3/tools/cache/reflector.go:289"
I0906 15:29:14.759751       1 reflector.go:367] "Starting reflector" type="*v1beta1.Queue" resyncPeriod="0s" reflector="pkg/mod/k8s.io/client-go@v0.35.3/tools/cache/reflector.go:289"
I0906 15:29:14.759758       1 reflector.go:411] "Listing and watching" type="*v1.StorageClass" reflector="pkg/mod/k8s.io/client-go@v0.35.3/tools/cache/reflector.go:289"
I0906 15:29:14.759772       1 reflector.go:411] "Listing and watching" type="*v1beta1.Queue" reflector="pkg/mod/k8s.io/client-go@v0.35.3/tools/cache/reflector.go:289"
I0906 15:29:14.759788       1 reflector.go:367] "Starting reflector" type="*v1alpha1.Numatopology" resyncPeriod="0s" reflector="pkg/mod/k8s.io/client-go@v0.35.3/tools/cache/reflector.go:289"
I0906 15:29:14.759812       1 reflector.go:411] "Listing and watching" type="*v1alpha1.Numatopology" reflector="pkg/mod/k8s.io/client-go@v0.35.3/tools/cache/reflector.go:289"
I0906 15:29:14.759819       1 reflector.go:367] "Starting reflector" type="*v1.ReplicaSet" resyncPeriod="0s" reflector="pkg/mod/k8s.io/client-go@v0.35.3/tools/cache/reflector.go:289"
I0906 15:29:14.759827       1 reflector.go:411] "Listing and watching" type="*v1.ReplicaSet" reflector="pkg/mod/k8s.io/client-go@v0.35.3/tools/cache/reflector.go:289"
I0906 15:29:14.759830       1 reflector.go:367] "Starting reflector" type="*v1.Service" resyncPeriod="0s" reflector="pkg/mod/k8s.io/client-go@v0.35.3/tools/cache/reflector.go:289"
I0906 15:29:14.759827       1 reflector.go:367] "Starting reflector" type="*v1.DeviceClass" resyncPeriod="0s" reflector="pkg/mod/k8s.io/client-go@v0.35.3/tools/cache/reflector.go:289"
I0906 15:29:14.759837       1 reflector.go:411] "Listing and watching" type="*v1.Service" reflector="pkg/mod/k8s.io/client-go@v0.35.3/tools/cache/reflector.go:289"
I0906 15:29:14.759854       1 reflector.go:411] "Listing and watching" type="*v1.DeviceClass" reflector="pkg/mod/k8s.io/client-go@v0.35.3/tools/cache/reflector.go:289"
I0906 15:29:14.759874       1 reflector.go:367] "Starting reflector" type="*v1beta1.PodGroup" resyncPeriod="0s" reflector="pkg/mod/k8s.io/client-go@v0.35.3/tools/cache/reflector.go:289"
I0906 15:29:14.759882       1 reflector.go:411] "Listing and watching" type="*v1beta1.PodGroup" reflector="pkg/mod/k8s.io/client-go@v0.35.3/tools/cache/reflector.go:289"
I0906 15:29:14.760200       1 reflector.go:367] "Starting reflector" type="*v1.VolumeAttachment" resyncPeriod="0s" reflector="pkg/mod/k8s.io/client-go@v0.35.3/tools/cache/reflector.go:289"
I0906 15:29:14.760214       1 reflector.go:411] "Listing and watching" type="*v1.VolumeAttachment" reflector="pkg/mod/k8s.io/client-go@v0.35.3/tools/cache/reflector.go:289"
I0906 15:29:14.759752       1 reflector.go:367] "Starting reflector" type="*v1.PersistentVolumeClaim" resyncPeriod="0s" reflector="pkg/mod/k8s.io/client-go@v0.35.3/tools/cache/reflector.go:289"
I0906 15:29:14.760236       1 reflector.go:367] "Starting reflector" type="*v1alpha1.HyperNode" resyncPeriod="0s" reflector="pkg/mod/k8s.io/client-go@v0.35.3/tools/cache/reflector.go:289"
I0906 15:29:14.760246       1 reflector.go:411] "Listing and watching" type="*v1.PersistentVolumeClaim" reflector="pkg/mod/k8s.io/client-go@v0.35.3/tools/cache/reflector.go:289"
I0906 15:29:14.760250       1 reflector.go:411] "Listing and watching" type="*v1alpha1.HyperNode" reflector="pkg/mod/k8s.io/client-go@v0.35.3/tools/cache/reflector.go:289"
I0906 15:29:14.761914       1 reflector.go:446] "Caches populated" type="*v1.ResourceSlice" reflector="pkg/mod/k8s.io/client-go@v0.35.3/tools/cache/reflector.go:289"
I0906 15:29:14.762010       1 reflector.go:446] "Caches populated" type="*v1.ReplicationController" reflector="pkg/mod/k8s.io/client-go@v0.35.3/tools/cache/reflector.go:289"
I0906 15:29:14.762270       1 reflector.go:446] "Caches populated" type="*v1.PriorityClass" reflector="pkg/mod/k8s.io/client-go@v0.35.3/tools/cache/reflector.go:289"
I0906 15:29:14.762734       1 reflector.go:446] "Caches populated" type="*v1.StatefulSet" reflector="pkg/mod/k8s.io/client-go@v0.35.3/tools/cache/reflector.go:289"
I0906 15:29:14.762919       1 reflector.go:446] "Caches populated" type="*v1.CSINode" reflector="pkg/mod/k8s.io/client-go@v0.35.3/tools/cache/reflector.go:289"
I0906 15:29:14.763251       1 reflector.go:446] "Caches populated" type="*v1.Namespace" reflector="pkg/mod/k8s.io/client-go@v0.35.3/tools/cache/reflector.go:289"
I0906 15:29:14.763256       1 reflector.go:446] "Caches populated" type="*v1.StorageClass" reflector="pkg/mod/k8s.io/client-go@v0.35.3/tools/cache/reflector.go:289"
I0906 15:29:14.763272       1 reflector.go:446] "Caches populated" type="*v1.ResourceQuota" reflector="pkg/mod/k8s.io/client-go@v0.35.3/tools/cache/reflector.go:289"
I0906 15:29:14.763330       1 reflector.go:446] "Caches populated" type="*v1.PersistentVolume" reflector="pkg/mod/k8s.io/client-go@v0.35.3/tools/cache/reflector.go:289"
I0906 15:29:14.763356       1 reflector.go:446] "Caches populated" type="*v1.DeviceClass" reflector="pkg/mod/k8s.io/client-go@v0.35.3/tools/cache/reflector.go:289"
I0906 15:29:14.763375       1 reflector.go:446] "Caches populated" type="*v1.ResourceClaim" reflector="pkg/mod/k8s.io/client-go@v0.35.3/tools/cache/reflector.go:289"
I0906 15:29:14.763423       1 reflector.go:446] "Caches populated" type="*v1.VolumeAttachment" reflector="pkg/mod/k8s.io/client-go@v0.35.3/tools/cache/reflector.go:289"
I0906 15:29:14.763433       1 reflector.go:446] "Caches populated" type="*v1alpha1.Numatopology" reflector="pkg/mod/k8s.io/client-go@v0.35.3/tools/cache/reflector.go:289"
I0906 15:29:14.763443       1 reflector.go:446] "Caches populated" type="*v1.PodDisruptionBudget" reflector="pkg/mod/k8s.io/client-go@v0.35.3/tools/cache/reflector.go:289"
I0906 15:29:14.763469       1 reflector.go:446] "Caches populated" type="*v1.PersistentVolumeClaim" reflector="pkg/mod/k8s.io/client-go@v0.35.3/tools/cache/reflector.go:289"
I0906 15:29:14.763535       1 reflector.go:446] "Caches populated" type="*v1beta1.PodGroup" reflector="pkg/mod/k8s.io/client-go@v0.35.3/tools/cache/reflector.go:289"
I0906 15:29:14.763619       1 reflector.go:446] "Caches populated" type="*v1.Node" reflector="pkg/mod/k8s.io/client-go@v0.35.3/tools/cache/reflector.go:289"
I0906 15:29:14.763824       1 reflector.go:446] "Caches populated" type="*v1alpha1.HyperNode" reflector="pkg/mod/k8s.io/client-go@v0.35.3/tools/cache/reflector.go:289"
I0906 15:29:14.763997       1 reflector.go:446] "Caches populated" type="*v1.Service" reflector="pkg/mod/k8s.io/client-go@v0.35.3/tools/cache/reflector.go:289"
I0906 15:29:14.764338       1 reflector.go:446] "Caches populated" type="*v1beta1.Queue" reflector="pkg/mod/k8s.io/client-go@v0.35.3/tools/cache/reflector.go:289"
I0906 15:29:14.765215       1 reflector.go:446] "Caches populated" type="*v1.ReplicaSet" reflector="pkg/mod/k8s.io/client-go@v0.35.3/tools/cache/reflector.go:289"
I0906 15:29:14.766405       1 reflector.go:446] "Caches populated" type="*v1.Pod" reflector="pkg/mod/k8s.io/client-go@v0.35.3/tools/cache/reflector.go:289"
W0906 15:29:14.766495       1 node_info.go:359] received argument of nil node, no need to set other resources for
W0906 15:29:14.766501       1 node_info.go:254] the argument node is null.
I0906 15:29:14.766507       1 event_handlers.go:421] Added pod <kube-system/coredns-7d764666f9-d2csr> into cache.
I0906 15:29:14.766514       1 event_handlers.go:421] Added pod <kube-system/coredns-7d764666f9-vzd7n> into cache.
I0906 15:29:14.766528       1 event_handlers.go:421] Added pod <kube-system/kube-proxy-5ckcv> into cache.
W0906 15:29:14.766535       1 node_info.go:359] received argument of nil node, no need to set other resources for
W0906 15:29:14.766537       1 node_info.go:254] the argument node is null.
I0906 15:29:14.766541       1 event_handlers.go:421] Added pod <kube-system/volcano-device-plugin-2sg22> into cache.
I0906 15:29:14.766546       1 event_handlers.go:421] Added pod <local-path-storage/local-path-provisioner-67b8995b4b-cs4p4> into cache.
I0906 15:29:14.766554       1 event_handlers.go:421] Added pod <volcano-system/grafana-7c5659d458-xrbnn> into cache.
W0906 15:29:14.766559       1 node_info.go:359] received argument of nil node, no need to set other resources for
W0906 15:29:14.766563       1 node_info.go:254] the argument node is null.
I0906 15:29:14.766566       1 event_handlers.go:421] Added pod <volcano-system/kube-state-metrics-5ffcdf767c-gf9d5> into cache.
I0906 15:29:14.766575       1 event_handlers.go:421] Added pod <volcano-system/volcano-admission-5b979dc8f6-8rdzl> into cache.
I0906 15:29:14.766583       1 event_handlers.go:421] Added pod <kube-system/kindnet-k2m7h> into cache.
I0906 15:29:14.766601       1 event_handlers.go:421] Added pod <volcano-system/volcano-controllers-5b976c6d4b-rkqw6> into cache.
I0906 15:29:14.766607       1 event_handlers.go:421] Added pod <volcano-system/volcano-scheduler-5c9b5db6bf-6qtjx> into cache.
I0906 15:29:14.766612       1 event_handlers.go:421] Added pod <kube-system/kube-apiserver-volcano-lab-control-plane> into cache.
I0906 15:29:14.766619       1 event_handlers.go:421] Added pod <mock-system/mock1-nvml-mock-9rgh9> into cache.
I0906 15:29:14.766625       1 event_handlers.go:421] Added pod <mock-system/mock2-nvml-mock-mtnbp> into cache.
I0906 15:29:14.766630       1 event_handlers.go:421] Added pod <volcano-system/prometheus-deployment-7cb9b4545b-h2fz4> into cache.
I0906 15:29:14.766634       1 event_handlers.go:421] Added pod <volcano-system/volcano-scheduler-75847d877-kglkg> into cache.
I0906 15:29:14.766639       1 event_handlers.go:421] Added pod <kube-system/volcano-device-plugin-jj26z> into cache.
I0906 15:29:14.766646       1 event_handlers.go:421] Added pod <kube-system/etcd-volcano-lab-control-plane> into cache.
I0906 15:29:14.766652       1 event_handlers.go:421] Added pod <kube-system/kindnet-5whpw> into cache.
I0906 15:29:14.766672       1 event_handlers.go:421] Added pod <kube-system/kindnet-xp5ff> into cache.
I0906 15:29:14.766686       1 event_handlers.go:421] Added pod <kube-system/kube-controller-manager-volcano-lab-control-plane> into cache.
I0906 15:29:14.766697       1 event_handlers.go:421] Added pod <kube-system/kube-proxy-btcmr> into cache.
I0906 15:29:14.766706       1 event_handlers.go:421] Added pod <kube-system/kube-proxy-gwssg> into cache.
I0906 15:29:14.766714       1 event_handlers.go:421] Added pod <kube-system/kube-scheduler-volcano-lab-control-plane> into cache.
I0906 15:29:14.859631       1 cache.go:877] Start metrics collection, metricsConf is map[]
I0906 15:29:14.859672       1 cache.go:882] The interval for querying metrics data is 30s
I0906 15:29:14.859739       1 cache.go:885] scheduler wait for handlers sync
W0906 15:29:14.859784       1 node_info.go:359] received argument of nil node, no need to set other resources for
W0906 15:29:14.859812       1 node_info.go:254] the argument node is null.
I0906 15:29:14.859844       1 event_handlers.go:765] "No need to update hyperNode cache when node added or deleted"
I0906 15:29:14.859870       1 cache.go:1758] The metrics type is not set in the volcano scheduler configmap file. As a result, the CPU and memory load information of the node is not collected.
I0906 15:29:14.859883       1 event_handlers.go:765] "No need to update hyperNode cache when node added or deleted"
I0906 15:29:14.859903       1 event_handlers.go:765] "No need to update hyperNode cache when node added or deleted"
W0906 15:29:14.860002       1 node_info.go:359] received argument of nil node, no need to set other resources for
W0906 15:29:14.860018       1 node_info.go:254] the argument node is null.
I0906 15:29:14.860109       1 hyper_node_info.go:332] "Successfully built RealNodesSet with members" name="rack-a" nodeSets={"volcano-lab-worker":{}}
I0906 15:29:14.860151       1 hyper_node_info.go:332] "Successfully built RealNodesSet with members" name="rack-b" nodeSets={"volcano-lab-worker2":{}}
I0906 15:29:14.860178       1 hyper_node_info.go:332] "Successfully built RealNodesSet with members" name="fabric" nodeSets={"volcano-lab-worker":{},"volcano-lab-worker2":{}}
W0906 15:29:14.860318       1 node_info.go:359] received argument of nil node, no need to set other resources for
W0906 15:29:14.860328       1 node_info.go:254] the argument node is null.
I0906 15:29:14.960766       1 cache.go:887] scheduler finished handlers sync
I0906 15:29:14.960798       1 scheduler.go:114] Scheduler completes Initialization and start to run
I0906 15:29:14.961206       1 cache.go:1581] "SnapShot for scheduling" jobNum=0 QueueNum=3 NodeNum=3
I0906 15:29:14.961227       1 session.go:1036] Start adjusting jobs' network topology spec according to hyperNodeTierNameMap map[]
I0906 15:29:14.961235       1 session.go:1079] Finish adjusting jobs' network topology spec according to hyperNodeTierNameMap map[]
I0906 15:29:14.961242       1 session.go:279] Open Session 8f169374-5d29-44aa-ab48-21890d0d8703 with <0> Job and <3> Queues. HyperNodesReadyToSchedule: true
I0906 15:29:14.964875       1 config.go:164] "Initializing volcano device config" device-configs={"NvidiaConfig":{"ResourceCountName":"volcano.sh/vgpu-number","ResourceMemoryName":"volcano.sh/vgpu-memory","ResourceCoreName":"volcano.sh/vgpu-cores","ResourceMemoryPercentageName":"volcano.sh/vgpu-memory-percentage","ResourcePriority":"","OverwriteEnv":false,"DefaultMemory":0,"DefaultCores":0,"DefaultGPUNum":1,"DeviceSplitCount":10,"DeviceMemoryScaling":1,"DeviceCoreScaling":1,"DisableCoreLimit":false,"MigGeometriesList":[{"Models":["A30"],"Geometries":[{"Group":"group1","Instances":[{"Name":"1g.6gb","Memory":6144,"Count":4}]},{"Group":"group2","Instances":[{"Name":"2g.12gb","Memory":12288,"Count":2}]},{"Group":"group3","Instances":[{"Name":"4g.24gb","Memory":24576,"Count":1}]}]},{"Models":["A100-SXM4-40GB","A100-40GB-PCIe","A100-PCIE-40GB","A100-SXM4-40GB"],"Geometries":[{"Group":"group1","Instances":[{"Name":"1g.5gb","Memory":5120,"Count":7}]},{"Group":"group2","Instances":[{"Name":"2g.10gb","Memory":10240,"Count":3},{"Name":"1g.5gb","Memory":5120,"Count":1}]},{"Group":"group3","Instances":[{"Name":"3g.20gb","Memory":20480,"Count":2}]},{"Group":"group4","Instances":[{"Name":"7g.40gb","Memory":40960,"Count":1}]}]},{"Models":["A100-SXM4-80GB","A100-80GB-PCIe","A100-PCIE-80GB"],"Geometries":[{"Group":"group1","Instances":[{"Name":"1g.10gb","Memory":9728,"Count":7}]},{"Group":"group2","Instances":[{"Name":"2g.20gb","Memory":19968,"Count":3},{"Name":"1g.10gb","Memory":9728,"Count":1}]},{"Group":"group3","Instances":[{"Name":"3g.40gb","Memory":40192,"Count":2}]},{"Group":"group4","Instances":[{"Name":"7g.80gb","Memory":80896,"Count":1}]}]}],"GPUMemoryFactor":100},"VNPUs":null}
I0906 15:29:14.964900       1 gpuexclusive.go:437] gpuexclusive: no rules configured, skipping GPU exclusivity wrapping
I0906 15:29:14.964918       1 enqueue.go:79] Try to enqueue PodGroup to 0 Queues
I0906 15:29:14.964937       1 reclaim.go:68] There are <0> Jobs and <3> Queues in total for scheduling.
I0906 15:29:14.964944       1 allocate.go:138] Try to allocate resource to 0 Queues
I0906 15:29:14.964992       1 session.go:577] Close Session 8f169374-5d29-44aa-ab48-21890d0d8703
I0906 15:29:15.915518       1 event_handlers.go:476] Deleted pod <volcano-system/volcano-scheduler-5c9b5db6bf-6qtjx> from cache.
I0906 15:29:15.965199       1 device_info.go:111] GPU sharing mode:  hami-core
I0906 15:29:15.965270       1 device_info.go:113] "Nvidia Device registered name" name="volcano-lab-worker" val={"ID":0,"Node":"volcano-lab-worker","UUID":"GPU-12345678-1234-1234-1234-123456780000","PodMap":{},"Memory":409,"Number":10,"Type":"NVIDIA-NVIDIA A100-SXM4-40GB","Health":true,"UsedNum":0,"UsedMem":0,"UsedCore":0,"MigTemplate":[],"MigUsage":{"Index":-1,"UsageList":null}}
I0906 15:29:15.965290       1 device_info.go:113] "Nvidia Device registered name" name="volcano-lab-worker" val={"ID":1,"Node":"volcano-lab-worker","UUID":"GPU-12345678-1234-1234-1234-123456780001","PodMap":{},"Memory":409,"Number":10,"Type":"NVIDIA-NVIDIA A100-SXM4-40GB","Health":true,"UsedNum":0,"UsedMem":0,"UsedCore":0,"MigTemplate":[],"MigUsage":{"Index":-1,"UsageList":null}}
I0906 15:29:15.965300       1 device_info.go:111] GPU sharing mode:  hami-core
I0906 15:29:15.965306       1 device_info.go:113] "Nvidia Device registered name" name="volcano-lab-worker" val={"ID":1,"Node":"volcano-lab-worker","UUID":"GPU-12345678-1234-1234-1234-123456780001","PodMap":{},"Memory":409,"Number":10,"Type":"NVIDIA-NVIDIA A100-SXM4-40GB","Health":true,"UsedNum":0,"UsedMem":0,"UsedCore":0,"MigTemplate":[],"MigUsage":{"Index":-1,"UsageList":null}}
I0906 15:29:15.965311       1 device_info.go:113] "Nvidia Device registered name" name="volcano-lab-worker" val={"ID":0,"Node":"volcano-lab-worker","UUID":"GPU-12345678-1234-1234-1234-123456780000","PodMap":{},"Memory":409,"Number":10,"Type":"NVIDIA-NVIDIA A100-SXM4-40GB","Health":true,"UsedNum":0,"UsedMem":0,"UsedCore":0,"MigTemplate":[],"MigUsage":{"Index":-1,"UsageList":null}}
E0906 15:29:15.965327       1 device_info.go:189] pod volcano-device-plugin-2sg22 has no annotation volcano.sh/devices-to-allocate
E0906 15:29:15.965336       1 device_info.go:189] pod grafana-7c5659d458-xrbnn has no annotation volcano.sh/devices-to-allocate
E0906 15:29:15.965340       1 device_info.go:189] pod kindnet-k2m7h has no annotation volcano.sh/devices-to-allocate
E0906 15:29:15.965344       1 device_info.go:189] pod mock1-nvml-mock-9rgh9 has no annotation volcano.sh/devices-to-allocate
E0906 15:29:15.965348       1 device_info.go:189] pod volcano-scheduler-75847d877-kglkg has no annotation volcano.sh/devices-to-allocate
E0906 15:29:15.965351       1 device_info.go:189] pod kube-proxy-btcmr has no annotation volcano.sh/devices-to-allocate
I0906 15:29:15.965375       1 device_info.go:111] GPU sharing mode:  hami-core
I0906 15:29:15.965380       1 device_info.go:113] "Nvidia Device registered name" name="volcano-lab-worker2" val={"ID":0,"Node":"volcano-lab-worker2","UUID":"GPU-22345678-1234-1234-1234-123456780001","PodMap":{},"Memory":409,"Number":10,"Type":"NVIDIA-NVIDIA A100-SXM4-40GB","Health":true,"UsedNum":0,"UsedMem":0,"UsedCore":0,"MigTemplate":[],"MigUsage":{"Index":-1,"UsageList":null}}
I0906 15:29:15.965391       1 device_info.go:113] "Nvidia Device registered name" name="volcano-lab-worker2" val={"ID":1,"Node":"volcano-lab-worker2","UUID":"GPU-22345678-1234-1234-1234-123456780000","PodMap":{},"Memory":409,"Number":10,"Type":"NVIDIA-NVIDIA A100-SXM4-40GB","Health":true,"UsedNum":0,"UsedMem":0,"UsedCore":0,"MigTemplate":[],"MigUsage":{"Index":-1,"UsageList":null}}
I0906 15:29:15.965397       1 device_info.go:111] GPU sharing mode:  hami-core
I0906 15:29:15.965401       1 device_info.go:113] "Nvidia Device registered name" name="volcano-lab-worker2" val={"ID":0,"Node":"volcano-lab-worker2","UUID":"GPU-22345678-1234-1234-1234-123456780001","PodMap":{},"Memory":409,"Number":10,"Type":"NVIDIA-NVIDIA A100-SXM4-40GB","Health":true,"UsedNum":0,"UsedMem":0,"UsedCore":0,"MigTemplate":[],"MigUsage":{"Index":-1,"UsageList":null}}
I0906 15:29:15.965406       1 device_info.go:113] "Nvidia Device registered name" name="volcano-lab-worker2" val={"ID":1,"Node":"volcano-lab-worker2","UUID":"GPU-22345678-1234-1234-1234-123456780000","PodMap":{},"Memory":409,"Number":10,"Type":"NVIDIA-NVIDIA A100-SXM4-40GB","Health":true,"UsedNum":0,"UsedMem":0,"UsedCore":0,"MigTemplate":[],"MigUsage":{"Index":-1,"UsageList":null}}
E0906 15:29:15.965419       1 device_info.go:189] pod volcano-admission-5b979dc8f6-8rdzl has no annotation volcano.sh/devices-to-allocate
E0906 15:29:15.965424       1 device_info.go:189] pod volcano-controllers-5b976c6d4b-rkqw6 has no annotation volcano.sh/devices-to-allocate
E0906 15:29:15.965428       1 device_info.go:189] pod prometheus-deployment-7cb9b4545b-h2fz4 has no annotation volcano.sh/devices-to-allocate
E0906 15:29:15.965432       1 device_info.go:189] pod volcano-device-plugin-jj26z has no annotation volcano.sh/devices-to-allocate
E0906 15:29:15.965435       1 device_info.go:189] pod kube-state-metrics-5ffcdf767c-gf9d5 has no annotation volcano.sh/devices-to-allocate
E0906 15:29:15.965438       1 device_info.go:189] pod mock2-nvml-mock-mtnbp has no annotation volcano.sh/devices-to-allocate
E0906 15:29:15.965442       1 device_info.go:189] pod kindnet-5whpw has no annotation volcano.sh/devices-to-allocate
E0906 15:29:15.965449       1 device_info.go:189] pod kube-proxy-gwssg has no annotation volcano.sh/devices-to-allocate
I0906 15:29:15.965514       1 cache.go:1581] "SnapShot for scheduling" jobNum=1 QueueNum=3 NodeNum=3
I0906 15:29:15.965525       1 session.go:1036] Start adjusting jobs' network topology spec according to hyperNodeTierNameMap map[]
I0906 15:29:15.965532       1 session.go:1079] Finish adjusting jobs' network topology spec according to hyperNodeTierNameMap map[]
I0906 15:29:15.965539       1 session.go:279] Open Session ba7b8fce-7643-4d10-be1c-0fa4ffb249da with <1> Job and <3> Queues. HyperNodesReadyToSchedule: true
I0906 15:29:15.965863       1 gpuexclusive.go:437] gpuexclusive: no rules configured, skipping GPU exclusivity wrapping
I0906 15:29:15.965877       1 enqueue.go:79] Try to enqueue PodGroup to 1 Queues
I0906 15:29:15.965892       1 reclaim.go:68] There are <1> Jobs and <3> Queues in total for scheduling.
I0906 15:29:15.965904       1 allocate.go:138] Try to allocate resource to 0 Queues
I0906 15:29:15.973638       1 session.go:577] Close Session ba7b8fce-7643-4d10-be1c-0fa4ffb249da
I0906 15:29:15.985795       1 event_handlers.go:421] Added pod <volcano-tests/early-0-worker-0> into cache.
I0906 15:29:15.990477       1 event_handlers.go:421] Added pod <volcano-tests/early-0-worker-1> into cache.
I0906 15:29:16.974695       1 device_info.go:111] GPU sharing mode:  hami-core
I0906 15:29:16.974743       1 device_info.go:113] "Nvidia Device registered name" name="volcano-lab-worker" val={"ID":0,"Node":"volcano-lab-worker","UUID":"GPU-12345678-1234-1234-1234-123456780000","PodMap":{},"Memory":409,"Number":10,"Type":"NVIDIA-NVIDIA A100-SXM4-40GB","Health":true,"UsedNum":0,"UsedMem":0,"UsedCore":0,"MigTemplate":[],"MigUsage":{"Index":-1,"UsageList":null}}
I0906 15:29:16.974778       1 device_info.go:113] "Nvidia Device registered name" name="volcano-lab-worker" val={"ID":1,"Node":"volcano-lab-worker","UUID":"GPU-12345678-1234-1234-1234-123456780001","PodMap":{},"Memory":409,"Number":10,"Type":"NVIDIA-NVIDIA A100-SXM4-40GB","Health":true,"UsedNum":0,"UsedMem":0,"UsedCore":0,"MigTemplate":[],"MigUsage":{"Index":-1,"UsageList":null}}
I0906 15:29:16.974819       1 device_info.go:111] GPU sharing mode:  hami-core
I0906 15:29:16.974836       1 device_info.go:113] "Nvidia Device registered name" name="volcano-lab-worker" val={"ID":0,"Node":"volcano-lab-worker","UUID":"GPU-12345678-1234-1234-1234-123456780000","PodMap":{},"Memory":409,"Number":10,"Type":"NVIDIA-NVIDIA A100-SXM4-40GB","Health":true,"UsedNum":0,"UsedMem":0,"UsedCore":0,"MigTemplate":[],"MigUsage":{"Index":-1,"UsageList":null}}
I0906 15:29:16.974854       1 device_info.go:113] "Nvidia Device registered name" name="volcano-lab-worker" val={"ID":1,"Node":"volcano-lab-worker","UUID":"GPU-12345678-1234-1234-1234-123456780001","PodMap":{},"Memory":409,"Number":10,"Type":"NVIDIA-NVIDIA A100-SXM4-40GB","Health":true,"UsedNum":0,"UsedMem":0,"UsedCore":0,"MigTemplate":[],"MigUsage":{"Index":-1,"UsageList":null}}
E0906 15:29:16.974895       1 device_info.go:189] pod mock1-nvml-mock-9rgh9 has no annotation volcano.sh/devices-to-allocate
E0906 15:29:16.974915       1 device_info.go:189] pod volcano-scheduler-75847d877-kglkg has no annotation volcano.sh/devices-to-allocate
E0906 15:29:16.974932       1 device_info.go:189] pod kube-proxy-btcmr has no annotation volcano.sh/devices-to-allocate
E0906 15:29:16.974946       1 device_info.go:189] pod volcano-device-plugin-2sg22 has no annotation volcano.sh/devices-to-allocate
E0906 15:29:16.974960       1 device_info.go:189] pod grafana-7c5659d458-xrbnn has no annotation volcano.sh/devices-to-allocate
E0906 15:29:16.974969       1 device_info.go:189] pod kindnet-k2m7h has no annotation volcano.sh/devices-to-allocate
I0906 15:29:16.975101       1 device_info.go:111] GPU sharing mode:  hami-core
I0906 15:29:16.975141       1 device_info.go:113] "Nvidia Device registered name" name="volcano-lab-worker2" val={"ID":0,"Node":"volcano-lab-worker2","UUID":"GPU-22345678-1234-1234-1234-123456780001","PodMap":{},"Memory":409,"Number":10,"Type":"NVIDIA-NVIDIA A100-SXM4-40GB","Health":true,"UsedNum":0,"UsedMem":0,"UsedCore":0,"MigTemplate":[],"MigUsage":{"Index":-1,"UsageList":null}}
I0906 15:29:16.975179       1 device_info.go:113] "Nvidia Device registered name" name="volcano-lab-worker2" val={"ID":1,"Node":"volcano-lab-worker2","UUID":"GPU-22345678-1234-1234-1234-123456780000","PodMap":{},"Memory":409,"Number":10,"Type":"NVIDIA-NVIDIA A100-SXM4-40GB","Health":true,"UsedNum":0,"UsedMem":0,"UsedCore":0,"MigTemplate":[],"MigUsage":{"Index":-1,"UsageList":null}}
I0906 15:29:16.975210       1 device_info.go:111] GPU sharing mode:  hami-core
I0906 15:29:16.975230       1 device_info.go:113] "Nvidia Device registered name" name="volcano-lab-worker2" val={"ID":0,"Node":"volcano-lab-worker2","UUID":"GPU-22345678-1234-1234-1234-123456780001","PodMap":{},"Memory":409,"Number":10,"Type":"NVIDIA-NVIDIA A100-SXM4-40GB","Health":true,"UsedNum":0,"UsedMem":0,"UsedCore":0,"MigTemplate":[],"MigUsage":{"Index":-1,"UsageList":null}}
I0906 15:29:16.975251       1 device_info.go:113] "Nvidia Device registered name" name="volcano-lab-worker2" val={"ID":1,"Node":"volcano-lab-worker2","UUID":"GPU-22345678-1234-1234-1234-123456780000","PodMap":{},"Memory":409,"Number":10,"Type":"NVIDIA-NVIDIA A100-SXM4-40GB","Health":true,"UsedNum":0,"UsedMem":0,"UsedCore":0,"MigTemplate":[],"MigUsage":{"Index":-1,"UsageList":null}}
E0906 15:29:16.975270       1 device_info.go:189] pod volcano-admission-5b979dc8f6-8rdzl has no annotation volcano.sh/devices-to-allocate
E0906 15:29:16.975285       1 device_info.go:189] pod volcano-controllers-5b976c6d4b-rkqw6 has no annotation volcano.sh/devices-to-allocate
E0906 15:29:16.975295       1 device_info.go:189] pod prometheus-deployment-7cb9b4545b-h2fz4 has no annotation volcano.sh/devices-to-allocate
E0906 15:29:16.975304       1 device_info.go:189] pod volcano-device-plugin-jj26z has no annotation volcano.sh/devices-to-allocate
E0906 15:29:16.975313       1 device_info.go:189] pod kube-state-metrics-5ffcdf767c-gf9d5 has no annotation volcano.sh/devices-to-allocate
E0906 15:29:16.975322       1 device_info.go:189] pod mock2-nvml-mock-mtnbp has no annotation volcano.sh/devices-to-allocate
E0906 15:29:16.975330       1 device_info.go:189] pod kindnet-5whpw has no annotation volcano.sh/devices-to-allocate
E0906 15:29:16.975341       1 device_info.go:189] pod kube-proxy-gwssg has no annotation volcano.sh/devices-to-allocate
I0906 15:29:16.975513       1 cache.go:1581] "SnapShot for scheduling" jobNum=1 QueueNum=3 NodeNum=3
I0906 15:29:16.975544       1 session.go:1036] Start adjusting jobs' network topology spec according to hyperNodeTierNameMap map[]
I0906 15:29:16.975561       1 session.go:1079] Finish adjusting jobs' network topology spec according to hyperNodeTierNameMap map[]
I0906 15:29:16.975582       1 session.go:279] Open Session 04920086-50ea-4653-bb0e-38e2a51051e7 with <1> Job and <3> Queues. HyperNodesReadyToSchedule: true
I0906 15:29:16.976108       1 gpuexclusive.go:437] gpuexclusive: no rules configured, skipping GPU exclusivity wrapping
I0906 15:29:16.976125       1 enqueue.go:79] Try to enqueue PodGroup to 0 Queues
I0906 15:29:16.976131       1 reclaim.go:68] There are <1> Jobs and <3> Queues in total for scheduling.
I0906 15:29:16.976148       1 reclaim.go:140] Considering reclaim for 2 tasks of job <volcano-tests/early-0-2e2d493f-d181-47e8-945c-6cad70b7cb25>.
I0906 15:29:16.976215       1 predicate_helper.go:115] Predicates failed: task volcano-tests/early-0-worker-0 on node volcano-lab-control-plane fit failed: node(s) had untolerated taint(s)
W0906 15:29:16.976232       1 deviceshare.go:256] Devices hamivgpu assertion conversion failed, skip
W0906 15:29:16.976232       1 deviceshare.go:256] Devices hamivgpu assertion conversion failed, skip
I0906 15:29:16.976251       1 reclaim.go:185] Considering Task <volcano-tests/early-0-worker-0> on Node <volcano-lab-worker2>.
I0906 15:29:16.976256       1 reclaim.go:185] Considering Task <volcano-tests/early-0-worker-0> on Node <volcano-lab-worker>.
I0906 15:29:16.976263       1 reclaim.go:140] Considering reclaim for 1 tasks of job <volcano-tests/early-0-2e2d493f-d181-47e8-945c-6cad70b7cb25>.
I0906 15:29:16.976290       1 predicate_helper.go:115] Predicates failed: task volcano-tests/early-0-worker-1 on node volcano-lab-control-plane fit failed: node(s) had untolerated taint(s)
W0906 15:29:16.976299       1 deviceshare.go:256] Devices hamivgpu assertion conversion failed, skip
W0906 15:29:16.976305       1 deviceshare.go:256] Devices hamivgpu assertion conversion failed, skip
I0906 15:29:16.976314       1 reclaim.go:185] Considering Task <volcano-tests/early-0-worker-1> on Node <volcano-lab-worker2>.
I0906 15:29:16.976318       1 reclaim.go:185] Considering Task <volcano-tests/early-0-worker-1> on Node <volcano-lab-worker>.
I0906 15:29:16.976323       1 reclaim.go:135] No preemptor task in job <volcano-tests/early-0-2e2d493f-d181-47e8-945c-6cad70b7cb25>.
I0906 15:29:16.976328       1 statement.go:366] Discarding operations ...
I0906 15:29:16.976342       1 allocate.go:138] Try to allocate resource to 1 Queues
I0906 15:29:16.976356       1 allocate.go:328] "Try to allocate resource" queue="lab" job="volcano-tests/early-0-2e2d493f-d181-47e8-945c-6cad70b7cb25" taskNum=2
I0906 15:29:16.976366       1 allocate.go:757] There are <3> nodes for Job <volcano-tests/early-0-2e2d493f-d181-47e8-945c-6cad70b7cb25>
I0906 15:29:16.976399       1 predicate_helper.go:115] Predicates failed: task volcano-tests/early-0-worker-0 on node volcano-lab-control-plane fit failed: Insufficient volcano.sh/vgpu-memory
W0906 15:29:16.976413       1 deviceshare.go:256] Devices hamivgpu assertion conversion failed, skip
W0906 15:29:16.976425       1 deviceshare.go:256] Devices hamivgpu assertion conversion failed, skip
I0906 15:29:16.977249       1 allocate.go:934] Binding Task <volcano-tests/early-0-worker-0> to node <volcano-lab-worker>
I0906 15:29:16.977434       1 statement.go:277] After allocated Task <volcano-tests/early-0-worker-0> to Node <volcano-lab-worker>: idle <cpu 11290.00, memory 27959619584.00, ephemeral-storage 1005867986944000.00, hugepages-1Gi 0.00, hugepages-2Mi 0.00, pods 103.00, volcano.sh/vgpu-cores 180000.00, volcano.sh/vgpu-memory 788000.00, volcano.sh/vgpu-number 19000.00>, used <cpu 710.00, memory 1193279488.00, pods 7.00, volcano.sh/vgpu-cores 20000.00, volcano.sh/vgpu-memory 30000.00, volcano.sh/vgpu-number 1000.00>, releasing <cpu 0.00, memory 0.00>
W0906 15:29:16.977493       1 predicates.go:249] Devices hamivgpu assertion conversion failed, skip
I0906 15:29:16.977539       1 statement.go:307] Allocating operations ...
I0906 15:29:16.977553       1 allocate.go:757] There are <3> nodes for Job <volcano-tests/early-0-2e2d493f-d181-47e8-945c-6cad70b7cb25>
W0906 15:29:16.977590       1 deviceshare.go:256] Devices hamivgpu assertion conversion failed, skip
W0906 15:29:16.977653       1 deviceshare.go:256] Devices hamivgpu assertion conversion failed, skip
I0906 15:29:16.977799       1 allocate.go:934] Binding Task <volcano-tests/early-0-worker-1> to node <volcano-lab-worker>
I0906 15:29:16.977811       1 statement.go:277] After allocated Task <volcano-tests/early-0-worker-1> to Node <volcano-lab-worker>: idle <cpu 11190.00, memory 27926065152.00, ephemeral-storage 1005867986944000.00, hugepages-1Gi 0.00, hugepages-2Mi 0.00, pods 102.00, volcano.sh/vgpu-cores 160000.00, volcano.sh/vgpu-memory 758000.00, volcano.sh/vgpu-number 18000.00>, used <cpu 810.00, memory 1226833920.00, pods 8.00, volcano.sh/vgpu-cores 40000.00, volcano.sh/vgpu-memory 60000.00, volcano.sh/vgpu-number 2000.00>, releasing <cpu 0.00, memory 0.00>
W0906 15:29:16.977842       1 predicates.go:249] Devices hamivgpu assertion conversion failed, skip
I0906 15:29:16.977859       1 statement.go:307] Allocating operations ...
I0906 15:29:16.977876       1 allocate.go:833] "SubJob ready, return statement" job="volcano-tests/early-0-2e2d493f-d181-47e8-945c-6cad70b7cb25" subJob="volcano-tests/early-0-2e2d493f-d181-47e8-945c-6cad70b7cb25"
I0906 15:29:16.977882       1 statement.go:393] Committing operations ...
I0906 15:29:16.977911       1 proportion.go:326] Queue <lab> is overused: deserved <cpu 200.00, memory 67108864.00, ephemeral-storage 0.00, hugepages-1Gi 0.00, hugepages-2Mi 0.00, pods 2.00, volcano.sh/vgpu-cores 40000.00, volcano.sh/vgpu-memory 60000.00, volcano.sh/vgpu-number 2000.00>, allocated <cpu 200.00, memory 67108864.00, pods 2.00, volcano.sh/vgpu-cores 40000.00, volcano.sh/vgpu-memory 60000.00, volcano.sh/vgpu-number 2000.00>, share <1>
I0906 15:29:16.977924       1 allocate.go:295] Queue <lab> is overused, ignore it.
I0906 15:29:16.998755       1 cache.go:992] bind ok, latency 14.996639ms
I0906 15:29:16.998771       1 cache.go:992] bind ok, latency 15.014512ms
I0906 15:29:17.009329       1 session.go:577] Close Session 04920086-50ea-4653-bb0e-38e2a51051e7
I0906 15:29:17.066227       1 cache.go:1126] Try to delete Job <volcano-tests/early-0-2e2d493f-d181-47e8-945c-6cad70b7cb25:volcano-tests/early-0-2e2d493f-d181-47e8-945c-6cad70b7cb25>
I0906 15:29:17.066247       1 cache.go:1171] Retry to delete Job <volcano-tests/early-0-2e2d493f-d181-47e8-945c-6cad70b7cb25:volcano-tests/early-0-2e2d493f-d181-47e8-945c-6cad70b7cb25>
I0906 15:29:17.071435       1 cache.go:1171] Retry to delete Job <volcano-tests/early-0-2e2d493f-d181-47e8-945c-6cad70b7cb25:volcano-tests/early-0-2e2d493f-d181-47e8-945c-6cad70b7cb25>
I0906 15:29:17.081642       1 cache.go:1171] Retry to delete Job <volcano-tests/early-0-2e2d493f-d181-47e8-945c-6cad70b7cb25:volcano-tests/early-0-2e2d493f-d181-47e8-945c-6cad70b7cb25>
I0906 15:29:17.102040       1 cache.go:1171] Retry to delete Job <volcano-tests/early-0-2e2d493f-d181-47e8-945c-6cad70b7cb25:volcano-tests/early-0-2e2d493f-d181-47e8-945c-6cad70b7cb25>
I0906 15:29:17.142497       1 cache.go:1171] Retry to delete Job <volcano-tests/early-0-2e2d493f-d181-47e8-945c-6cad70b7cb25:volcano-tests/early-0-2e2d493f-d181-47e8-945c-6cad70b7cb25>
I0906 15:29:17.223262       1 cache.go:1171] Retry to delete Job <volcano-tests/early-0-2e2d493f-d181-47e8-945c-6cad70b7cb25:volcano-tests/early-0-2e2d493f-d181-47e8-945c-6cad70b7cb25>
I0906 15:29:17.383774       1 cache.go:1171] Retry to delete Job <volcano-tests/early-0-2e2d493f-d181-47e8-945c-6cad70b7cb25:volcano-tests/early-0-2e2d493f-d181-47e8-945c-6cad70b7cb25>
