I0906 15:23:27.655119       1 session.go:279] Open Session ac231f7d-a9f2-48ca-81cf-c8f0ac1a4cee with <1> Job and <3> Queues. HyperNodesReadyToSchedule: true
I0906 15:23:27.655690       1 gpuexclusive.go:437] gpuexclusive: no rules configured, skipping GPU exclusivity wrapping
I0906 15:23:27.655708       1 enqueue.go:79] Try to enqueue PodGroup to 0 Queues
I0906 15:23:27.655714       1 reclaim.go:68] There are <1> Jobs and <3> Queues in total for scheduling.
I0906 15:23:27.655729       1 reclaim.go:140] Considering reclaim for 2 tasks of job <volcano-tests/quota-51f8c2fe-a505-4778-b7de-73fe83fb76d1>.
W0906 15:23:27.656125       1 deviceshare.go:256] Devices hamivgpu assertion conversion failed, skip
W0906 15:23:27.656131       1 deviceshare.go:256] Devices hamivgpu assertion conversion failed, skip
I0906 15:23:27.656123       1 predicate_helper.go:115] Predicates failed: task volcano-tests/quota-worker-0 on node volcano-lab-control-plane fit failed: node(s) had untolerated taint(s)
I0906 15:23:27.656159       1 reclaim.go:185] Considering Task <volcano-tests/quota-worker-0> on Node <volcano-lab-worker>.
I0906 15:23:27.656167       1 reclaim.go:185] Considering Task <volcano-tests/quota-worker-0> on Node <volcano-lab-worker2>.
I0906 15:23:27.656178       1 reclaim.go:140] Considering reclaim for 1 tasks of job <volcano-tests/quota-51f8c2fe-a505-4778-b7de-73fe83fb76d1>.
W0906 15:23:27.656227       1 deviceshare.go:256] Devices hamivgpu assertion conversion failed, skip
W0906 15:23:27.656235       1 deviceshare.go:256] Devices hamivgpu assertion conversion failed, skip
I0906 15:23:27.656240       1 predicate_helper.go:115] Predicates failed: task volcano-tests/quota-worker-1 on node volcano-lab-control-plane fit failed: node(s) had untolerated taint(s)
I0906 15:23:27.656258       1 reclaim.go:185] Considering Task <volcano-tests/quota-worker-1> on Node <volcano-lab-worker>.
I0906 15:23:27.656263       1 reclaim.go:185] Considering Task <volcano-tests/quota-worker-1> on Node <volcano-lab-worker2>.
I0906 15:23:27.656270       1 reclaim.go:135] No preemptor task in job <volcano-tests/quota-51f8c2fe-a505-4778-b7de-73fe83fb76d1>.
I0906 15:23:27.656275       1 statement.go:366] Discarding operations ...
I0906 15:23:27.656296       1 allocate.go:138] Try to allocate resource to 1 Queues
I0906 15:23:27.656312       1 allocate.go:328] "Try to allocate resource" queue="lab" job="volcano-tests/quota-51f8c2fe-a505-4778-b7de-73fe83fb76d1" taskNum=2
I0906 15:23:27.656323       1 allocate.go:757] There are <3> nodes for Job <volcano-tests/quota-51f8c2fe-a505-4778-b7de-73fe83fb76d1>
W0906 15:23:27.656374       1 deviceshare.go:256] Devices hamivgpu assertion conversion failed, skip
W0906 15:23:27.656375       1 deviceshare.go:256] Devices hamivgpu assertion conversion failed, skip
I0906 15:23:27.656372       1 predicate_helper.go:115] Predicates failed: task volcano-tests/quota-worker-0 on node volcano-lab-control-plane fit failed: node(s) had untolerated taint(s)
I0906 15:23:27.656475       1 allocate.go:934] Binding Task <volcano-tests/quota-worker-0> to node <volcano-lab-worker>
I0906 15:23:27.656486       1 statement.go:277] After allocated Task <volcano-tests/quota-worker-0> to Node <volcano-lab-worker>: idle <cpu 10390.00, memory 27959619584.00, ephemeral-storage 1005867986944000.00, hugepages-1Gi 0.00, hugepages-2Mi 0.00, pods 104.00, volcano.sh/vgpu-cores 200000.00, volcano.sh/vgpu-memory 818000.00, volcano.sh/vgpu-number 20000.00>, used <cpu 1610.00, memory 1193279488.00, pods 6.00>, releasing <cpu 0.00, memory 0.00>
W0906 15:23:27.656555       1 predicates.go:249] Devices hamivgpu assertion conversion failed, skip
I0906 15:23:27.656570       1 statement.go:307] Allocating operations ...
I0906 15:23:27.656591       1 allocate.go:757] There are <3> nodes for Job <volcano-tests/quota-51f8c2fe-a505-4778-b7de-73fe83fb76d1>
W0906 15:23:27.656634       1 deviceshare.go:256] Devices hamivgpu assertion conversion failed, skip
W0906 15:23:27.656635       1 deviceshare.go:256] Devices hamivgpu assertion conversion failed, skip
I0906 15:23:27.656703       1 allocate.go:934] Binding Task <volcano-tests/quota-worker-1> to node <volcano-lab-worker>
I0906 15:23:27.656712       1 statement.go:277] After allocated Task <volcano-tests/quota-worker-1> to Node <volcano-lab-worker>: idle <cpu 9390.00, memory 27926065152.00, ephemeral-storage 1005867986944000.00, hugepages-1Gi 0.00, hugepages-2Mi 0.00, pods 103.00, volcano.sh/vgpu-cores 200000.00, volcano.sh/vgpu-memory 818000.00, volcano.sh/vgpu-number 20000.00>, used <cpu 2610.00, memory 1226833920.00, pods 7.00>, releasing <cpu 0.00, memory 0.00>
W0906 15:23:27.656739       1 predicates.go:249] Devices hamivgpu assertion conversion failed, skip
I0906 15:23:27.656754       1 statement.go:307] Allocating operations ...
I0906 15:23:27.656776       1 allocate.go:833] "SubJob ready, return statement" job="volcano-tests/quota-51f8c2fe-a505-4778-b7de-73fe83fb76d1" subJob="volcano-tests/quota-51f8c2fe-a505-4778-b7de-73fe83fb76d1"
I0906 15:23:27.656789       1 statement.go:393] Committing operations ...
I0906 15:23:27.656821       1 proportion.go:326] Queue <lab> is overused: deserved <cpu 2000.00, memory 67108864.00, ephemeral-storage 0.00, hugepages-1Gi 0.00, hugepages-2Mi 0.00, pods 2.00, volcano.sh/vgpu-cores 0.00, volcano.sh/vgpu-memory 0.00, volcano.sh/vgpu-number 0.00>, allocated <cpu 2000.00, memory 67108864.00, pods 2.00>, share <1>
I0906 15:23:27.656833       1 allocate.go:295] Queue <lab> is overused, ignore it.
I0906 15:23:27.678452       1 cache.go:992] bind ok, latency 8.091365ms
I0906 15:23:27.678473       1 cache.go:992] bind ok, latency 8.047763ms
I0906 15:23:27.680553       1 session.go:577] Close Session ac231f7d-a9f2-48ca-81cf-c8f0ac1a4cee
I0906 15:23:28.681698       1 device_info.go:111] GPU sharing mode:  hami-core
I0906 15:23:28.681745       1 device_info.go:113] "Nvidia Device registered name" name="volcano-lab-worker" val={"ID":0,"Node":"volcano-lab-worker","UUID":"GPU-12345678-1234-1234-1234-123456780000","PodMap":{},"Memory":409,"Number":10,"Type":"NVIDIA-NVIDIA A100-SXM4-40GB","Health":true,"UsedNum":0,"UsedMem":0,"UsedCore":0,"MigTemplate":[],"MigUsage":{"Index":-1,"UsageList":null}}
I0906 15:23:28.681788       1 device_info.go:113] "Nvidia Device registered name" name="volcano-lab-worker" val={"ID":1,"Node":"volcano-lab-worker","UUID":"GPU-12345678-1234-1234-1234-123456780001","PodMap":{},"Memory":409,"Number":10,"Type":"NVIDIA-NVIDIA A100-SXM4-40GB","Health":true,"UsedNum":0,"UsedMem":0,"UsedCore":0,"MigTemplate":[],"MigUsage":{"Index":-1,"UsageList":null}}
I0906 15:23:28.681848       1 device_info.go:111] GPU sharing mode:  hami-core
I0906 15:23:28.681872       1 device_info.go:113] "Nvidia Device registered name" name="volcano-lab-worker" val={"ID":0,"Node":"volcano-lab-worker","UUID":"GPU-12345678-1234-1234-1234-123456780000","PodMap":{},"Memory":409,"Number":10,"Type":"NVIDIA-NVIDIA A100-SXM4-40GB","Health":true,"UsedNum":0,"UsedMem":0,"UsedCore":0,"MigTemplate":[],"MigUsage":{"Index":-1,"UsageList":null}}
I0906 15:23:28.681902       1 device_info.go:113] "Nvidia Device registered name" name="volcano-lab-worker" val={"ID":1,"Node":"volcano-lab-worker","UUID":"GPU-12345678-1234-1234-1234-123456780001","PodMap":{},"Memory":409,"Number":10,"Type":"NVIDIA-NVIDIA A100-SXM4-40GB","Health":true,"UsedNum":0,"UsedMem":0,"UsedCore":0,"MigTemplate":[],"MigUsage":{"Index":-1,"UsageList":null}}
E0906 15:23:28.681933       1 device_info.go:189] pod quota-worker-0 has no annotation volcano.sh/devices-to-allocate
E0906 15:23:28.681948       1 device_info.go:189] pod volcano-device-plugin-2sg22 has no annotation volcano.sh/devices-to-allocate
E0906 15:23:28.681959       1 device_info.go:189] pod quota-worker-1 has no annotation volcano.sh/devices-to-allocate
E0906 15:23:28.681969       1 device_info.go:189] pod kube-proxy-btcmr has no annotation volcano.sh/devices-to-allocate
E0906 15:23:28.681984       1 device_info.go:189] pod mock1-nvml-mock-9rgh9 has no annotation volcano.sh/devices-to-allocate
E0906 15:23:28.681999       1 device_info.go:189] pod grafana-7c5659d458-xrbnn has no annotation volcano.sh/devices-to-allocate
E0906 15:23:28.682014       1 device_info.go:189] pod kindnet-k2m7h has no annotation volcano.sh/devices-to-allocate
I0906 15:23:28.682140       1 device_info.go:111] GPU sharing mode:  hami-core
I0906 15:23:28.682176       1 device_info.go:113] "Nvidia Device registered name" name="volcano-lab-worker2" val={"ID":0,"Node":"volcano-lab-worker2","UUID":"GPU-22345678-1234-1234-1234-123456780000","PodMap":{},"Memory":409,"Number":10,"Type":"NVIDIA-NVIDIA A100-SXM4-40GB","Health":true,"UsedNum":0,"UsedMem":0,"UsedCore":0,"MigTemplate":[],"MigUsage":{"Index":-1,"UsageList":null}}
I0906 15:23:28.682224       1 device_info.go:113] "Nvidia Device registered name" name="volcano-lab-worker2" val={"ID":1,"Node":"volcano-lab-worker2","UUID":"GPU-22345678-1234-1234-1234-123456780001","PodMap":{},"Memory":409,"Number":10,"Type":"NVIDIA-NVIDIA A100-SXM4-40GB","Health":true,"UsedNum":0,"UsedMem":0,"UsedCore":0,"MigTemplate":[],"MigUsage":{"Index":-1,"UsageList":null}}
I0906 15:23:28.682253       1 device_info.go:111] GPU sharing mode:  hami-core
I0906 15:23:28.682281       1 device_info.go:113] "Nvidia Device registered name" name="volcano-lab-worker2" val={"ID":0,"Node":"volcano-lab-worker2","UUID":"GPU-22345678-1234-1234-1234-123456780000","PodMap":{},"Memory":409,"Number":10,"Type":"NVIDIA-NVIDIA A100-SXM4-40GB","Health":true,"UsedNum":0,"UsedMem":0,"UsedCore":0,"MigTemplate":[],"MigUsage":{"Index":-1,"UsageList":null}}
I0906 15:23:28.682307       1 device_info.go:113] "Nvidia Device registered name" name="volcano-lab-worker2" val={"ID":1,"Node":"volcano-lab-worker2","UUID":"GPU-22345678-1234-1234-1234-123456780001","PodMap":{},"Memory":409,"Number":10,"Type":"NVIDIA-NVIDIA A100-SXM4-40GB","Health":true,"UsedNum":0,"UsedMem":0,"UsedCore":0,"MigTemplate":[],"MigUsage":{"Index":-1,"UsageList":null}}
E0906 15:23:28.682346       1 device_info.go:189] pod mock2-nvml-mock-mtnbp has no annotation volcano.sh/devices-to-allocate
E0906 15:23:28.682366       1 device_info.go:189] pod kube-proxy-gwssg has no annotation volcano.sh/devices-to-allocate
E0906 15:23:28.682381       1 device_info.go:189] pod kindnet-5whpw has no annotation volcano.sh/devices-to-allocate
E0906 15:23:28.682402       1 device_info.go:189] pod volcano-admission-5b979dc8f6-8rdzl has no annotation volcano.sh/devices-to-allocate
E0906 15:23:28.682419       1 device_info.go:189] pod volcano-controllers-5b976c6d4b-rkqw6 has no annotation volcano.sh/devices-to-allocate
E0906 15:23:28.682435       1 device_info.go:189] pod kube-state-metrics-5ffcdf767c-gf9d5 has no annotation volcano.sh/devices-to-allocate
E0906 15:23:28.682456       1 device_info.go:189] pod volcano-scheduler-84c697bcfb-lq48d has no annotation volcano.sh/devices-to-allocate
E0906 15:23:28.682471       1 device_info.go:189] pod prometheus-deployment-7cb9b4545b-h2fz4 has no annotation volcano.sh/devices-to-allocate
E0906 15:23:28.682486       1 device_info.go:189] pod volcano-device-plugin-jj26z has no annotation volcano.sh/devices-to-allocate
I0906 15:23:28.682653       1 cache.go:1581] "SnapShot for scheduling" jobNum=1 QueueNum=3 NodeNum=3
I0906 15:23:28.682687       1 session.go:1036] Start adjusting jobs' network topology spec according to hyperNodeTierNameMap map[]
I0906 15:23:28.682708       1 session.go:1079] Finish adjusting jobs' network topology spec according to hyperNodeTierNameMap map[]
I0906 15:23:28.682728       1 session.go:279] Open Session 3a3d0abe-6e28-4829-8ce2-cb5ee3e6134c with <1> Job and <3> Queues. HyperNodesReadyToSchedule: true
I0906 15:23:28.683149       1 gpuexclusive.go:437] gpuexclusive: no rules configured, skipping GPU exclusivity wrapping
I0906 15:23:28.683167       1 enqueue.go:79] Try to enqueue PodGroup to 0 Queues
I0906 15:23:28.683174       1 reclaim.go:68] There are <1> Jobs and <3> Queues in total for scheduling.
I0906 15:23:28.683182       1 proportion.go:326] Queue <lab> is overused: deserved <cpu 2000.00, memory 67108864.00, ephemeral-storage 0.00, hugepages-1Gi 0.00, hugepages-2Mi 0.00, pods 2.00, volcano.sh/vgpu-cores 0.00, volcano.sh/vgpu-memory 0.00, volcano.sh/vgpu-number 0.00>, allocated <cpu 2000.00, memory 67108864.00, pods 2.00>, share <1>
I0906 15:23:28.683195       1 reclaim.go:112] Queue <lab> is overused, ignore it.
I0906 15:23:28.683205       1 allocate.go:138] Try to allocate resource to 0 Queues
I0906 15:23:28.697837       1 session.go:577] Close Session 3a3d0abe-6e28-4829-8ce2-cb5ee3e6134c
I0906 15:23:29.698181       1 device_info.go:111] GPU sharing mode:  hami-core
I0906 15:23:29.698211       1 device_info.go:113] "Nvidia Device registered name" name="volcano-lab-worker" val={"ID":0,"Node":"volcano-lab-worker","UUID":"GPU-12345678-1234-1234-1234-123456780000","PodMap":{},"Memory":409,"Number":10,"Type":"NVIDIA-NVIDIA A100-SXM4-40GB","Health":true,"UsedNum":0,"UsedMem":0,"UsedCore":0,"MigTemplate":[],"MigUsage":{"Index":-1,"UsageList":null}}
I0906 15:23:29.698231       1 device_info.go:113] "Nvidia Device registered name" name="volcano-lab-worker" val={"ID":1,"Node":"volcano-lab-worker","UUID":"GPU-12345678-1234-1234-1234-123456780001","PodMap":{},"Memory":409,"Number":10,"Type":"NVIDIA-NVIDIA A100-SXM4-40GB","Health":true,"UsedNum":0,"UsedMem":0,"UsedCore":0,"MigTemplate":[],"MigUsage":{"Index":-1,"UsageList":null}}
I0906 15:23:29.698243       1 device_info.go:111] GPU sharing mode:  hami-core
I0906 15:23:29.698251       1 device_info.go:113] "Nvidia Device registered name" name="volcano-lab-worker" val={"ID":0,"Node":"volcano-lab-worker","UUID":"GPU-12345678-1234-1234-1234-123456780000","PodMap":{},"Memory":409,"Number":10,"Type":"NVIDIA-NVIDIA A100-SXM4-40GB","Health":true,"UsedNum":0,"UsedMem":0,"UsedCore":0,"MigTemplate":[],"MigUsage":{"Index":-1,"UsageList":null}}
I0906 15:23:29.698262       1 device_info.go:113] "Nvidia Device registered name" name="volcano-lab-worker" val={"ID":1,"Node":"volcano-lab-worker","UUID":"GPU-12345678-1234-1234-1234-123456780001","PodMap":{},"Memory":409,"Number":10,"Type":"NVIDIA-NVIDIA A100-SXM4-40GB","Health":true,"UsedNum":0,"UsedMem":0,"UsedCore":0,"MigTemplate":[],"MigUsage":{"Index":-1,"UsageList":null}}
E0906 15:23:29.698275       1 device_info.go:189] pod mock1-nvml-mock-9rgh9 has no annotation volcano.sh/devices-to-allocate
E0906 15:23:29.698283       1 device_info.go:189] pod grafana-7c5659d458-xrbnn has no annotation volcano.sh/devices-to-allocate
E0906 15:23:29.698289       1 device_info.go:189] pod kindnet-k2m7h has no annotation volcano.sh/devices-to-allocate
E0906 15:23:29.698294       1 device_info.go:189] pod quota-worker-0 has no annotation volcano.sh/devices-to-allocate
E0906 15:23:29.698299       1 device_info.go:189] pod volcano-device-plugin-2sg22 has no annotation volcano.sh/devices-to-allocate
E0906 15:23:29.698337       1 device_info.go:189] pod quota-worker-1 has no annotation volcano.sh/devices-to-allocate
E0906 15:23:29.698347       1 device_info.go:189] pod kube-proxy-btcmr has no annotation volcano.sh/devices-to-allocate
I0906 15:23:29.698384       1 device_info.go:111] GPU sharing mode:  hami-core
I0906 15:23:29.698398       1 device_info.go:113] "Nvidia Device registered name" name="volcano-lab-worker2" val={"ID":0,"Node":"volcano-lab-worker2","UUID":"GPU-22345678-1234-1234-1234-123456780000","PodMap":{},"Memory":409,"Number":10,"Type":"NVIDIA-NVIDIA A100-SXM4-40GB","Health":true,"UsedNum":0,"UsedMem":0,"UsedCore":0,"MigTemplate":[],"MigUsage":{"Index":-1,"UsageList":null}}
I0906 15:23:29.698414       1 device_info.go:113] "Nvidia Device registered name" name="volcano-lab-worker2" val={"ID":1,"Node":"volcano-lab-worker2","UUID":"GPU-22345678-1234-1234-1234-123456780001","PodMap":{},"Memory":409,"Number":10,"Type":"NVIDIA-NVIDIA A100-SXM4-40GB","Health":true,"UsedNum":0,"UsedMem":0,"UsedCore":0,"MigTemplate":[],"MigUsage":{"Index":-1,"UsageList":null}}
I0906 15:23:29.698424       1 device_info.go:111] GPU sharing mode:  hami-core
I0906 15:23:29.698432       1 device_info.go:113] "Nvidia Device registered name" name="volcano-lab-worker2" val={"ID":0,"Node":"volcano-lab-worker2","UUID":"GPU-22345678-1234-1234-1234-123456780000","PodMap":{},"Memory":409,"Number":10,"Type":"NVIDIA-NVIDIA A100-SXM4-40GB","Health":true,"UsedNum":0,"UsedMem":0,"UsedCore":0,"MigTemplate":[],"MigUsage":{"Index":-1,"UsageList":null}}
I0906 15:23:29.698441       1 device_info.go:113] "Nvidia Device registered name" name="volcano-lab-worker2" val={"ID":1,"Node":"volcano-lab-worker2","UUID":"GPU-22345678-1234-1234-1234-123456780001","PodMap":{},"Memory":409,"Number":10,"Type":"NVIDIA-NVIDIA A100-SXM4-40GB","Health":true,"UsedNum":0,"UsedMem":0,"UsedCore":0,"MigTemplate":[],"MigUsage":{"Index":-1,"UsageList":null}}
E0906 15:23:29.698458       1 device_info.go:189] pod volcano-admission-5b979dc8f6-8rdzl has no annotation volcano.sh/devices-to-allocate
E0906 15:23:29.698493       1 device_info.go:189] pod volcano-controllers-5b976c6d4b-rkqw6 has no annotation volcano.sh/devices-to-allocate
E0906 15:23:29.698500       1 device_info.go:189] pod kube-state-metrics-5ffcdf767c-gf9d5 has no annotation volcano.sh/devices-to-allocate
E0906 15:23:29.698507       1 device_info.go:189] pod volcano-scheduler-84c697bcfb-lq48d has no annotation volcano.sh/devices-to-allocate
E0906 15:23:29.698513       1 device_info.go:189] pod prometheus-deployment-7cb9b4545b-h2fz4 has no annotation volcano.sh/devices-to-allocate
E0906 15:23:29.698519       1 device_info.go:189] pod volcano-device-plugin-jj26z has no annotation volcano.sh/devices-to-allocate
E0906 15:23:29.698524       1 device_info.go:189] pod mock2-nvml-mock-mtnbp has no annotation volcano.sh/devices-to-allocate
E0906 15:23:29.698529       1 device_info.go:189] pod kube-proxy-gwssg has no annotation volcano.sh/devices-to-allocate
E0906 15:23:29.698534       1 device_info.go:189] pod kindnet-5whpw has no annotation volcano.sh/devices-to-allocate
I0906 15:23:29.698601       1 cache.go:1581] "SnapShot for scheduling" jobNum=1 QueueNum=3 NodeNum=3
I0906 15:23:29.698616       1 session.go:1036] Start adjusting jobs' network topology spec according to hyperNodeTierNameMap map[]
I0906 15:23:29.698626       1 session.go:1079] Finish adjusting jobs' network topology spec according to hyperNodeTierNameMap map[]
I0906 15:23:29.698637       1 session.go:279] Open Session e578cf75-4063-43fa-af41-b74d450cbf82 with <1> Job and <3> Queues. HyperNodesReadyToSchedule: true
I0906 15:23:29.699040       1 gpuexclusive.go:437] gpuexclusive: no rules configured, skipping GPU exclusivity wrapping
I0906 15:23:29.699078       1 enqueue.go:79] Try to enqueue PodGroup to 0 Queues
I0906 15:23:29.699086       1 reclaim.go:68] There are <1> Jobs and <3> Queues in total for scheduling.
I0906 15:23:29.699098       1 proportion.go:326] Queue <lab> is overused: deserved <cpu 2000.00, memory 67108864.00, ephemeral-storage 0.00, hugepages-1Gi 0.00, hugepages-2Mi 0.00, pods 2.00, volcano.sh/vgpu-cores 0.00, volcano.sh/vgpu-memory 0.00, volcano.sh/vgpu-number 0.00>, allocated <cpu 2000.00, memory 67108864.00, pods 2.00>, share <1>
I0906 15:23:29.699119       1 reclaim.go:112] Queue <lab> is overused, ignore it.
I0906 15:23:29.699133       1 allocate.go:138] Try to allocate resource to 0 Queues
I0906 15:23:29.699230       1 session.go:577] Close Session e578cf75-4063-43fa-af41-b74d450cbf82
