I0906 15:18:15.717818       1 allocate.go:138] Try to allocate resource to 0 Queues
I0906 15:18:15.738368       1 event_handlers.go:421] Added pod <volcano-tests/gpu-worker-0> into cache.
I0906 15:18:15.738834       1 session.go:577] Close Session b2efb446-0633-4141-b3e4-4c21c6d01ff3
I0906 15:18:16.739188       1 device_info.go:111] GPU sharing mode:  hami-core
I0906 15:18:16.739222       1 device_info.go:113] "Nvidia Device registered name" name="volcano-lab-worker2" val={"ID":0,"Node":"volcano-lab-worker2","UUID":"GPU-22345678-1234-1234-1234-123456780000","PodMap":{},"Memory":409,"Number":10,"Type":"NVIDIA-NVIDIA A100-SXM4-40GB","Health":true,"UsedNum":0,"UsedMem":0,"UsedCore":0,"MigTemplate":[],"MigUsage":{"Index":-1,"UsageList":null}}
I0906 15:18:16.739247       1 device_info.go:113] "Nvidia Device registered name" name="volcano-lab-worker2" val={"ID":1,"Node":"volcano-lab-worker2","UUID":"GPU-22345678-1234-1234-1234-123456780001","PodMap":{},"Memory":409,"Number":10,"Type":"NVIDIA-NVIDIA A100-SXM4-40GB","Health":true,"UsedNum":0,"UsedMem":0,"UsedCore":0,"MigTemplate":[],"MigUsage":{"Index":-1,"UsageList":null}}
I0906 15:18:16.739262       1 device_info.go:111] GPU sharing mode:  hami-core
I0906 15:18:16.739270       1 device_info.go:113] "Nvidia Device registered name" name="volcano-lab-worker2" val={"ID":0,"Node":"volcano-lab-worker2","UUID":"GPU-22345678-1234-1234-1234-123456780000","PodMap":{},"Memory":409,"Number":10,"Type":"NVIDIA-NVIDIA A100-SXM4-40GB","Health":true,"UsedNum":0,"UsedMem":0,"UsedCore":0,"MigTemplate":[],"MigUsage":{"Index":-1,"UsageList":null}}
I0906 15:18:16.739278       1 device_info.go:113] "Nvidia Device registered name" name="volcano-lab-worker2" val={"ID":1,"Node":"volcano-lab-worker2","UUID":"GPU-22345678-1234-1234-1234-123456780001","PodMap":{},"Memory":409,"Number":10,"Type":"NVIDIA-NVIDIA A100-SXM4-40GB","Health":true,"UsedNum":0,"UsedMem":0,"UsedCore":0,"MigTemplate":[],"MigUsage":{"Index":-1,"UsageList":null}}
E0906 15:18:16.739302       1 device_info.go:189] pod volcano-device-plugin-jj26z has no annotation volcano.sh/devices-to-allocate
E0906 15:18:16.739313       1 device_info.go:189] pod volcano-controllers-5b976c6d4b-rkqw6 has no annotation volcano.sh/devices-to-allocate
E0906 15:18:16.739319       1 device_info.go:189] pod prometheus-deployment-7cb9b4545b-h2fz4 has no annotation volcano.sh/devices-to-allocate
E0906 15:18:16.739325       1 device_info.go:189] pod kindnet-5whpw has no annotation volcano.sh/devices-to-allocate
E0906 15:18:16.739330       1 device_info.go:189] pod kube-state-metrics-5ffcdf767c-gf9d5 has no annotation volcano.sh/devices-to-allocate
E0906 15:18:16.739336       1 device_info.go:189] pod kube-proxy-gwssg has no annotation volcano.sh/devices-to-allocate
E0906 15:18:16.739341       1 device_info.go:189] pod volcano-admission-5b979dc8f6-8rdzl has no annotation volcano.sh/devices-to-allocate
E0906 15:18:16.739346       1 device_info.go:189] pod mock2-nvml-mock-mtnbp has no annotation volcano.sh/devices-to-allocate
I0906 15:18:16.739462       1 device_info.go:111] GPU sharing mode:  hami-core
I0906 15:18:16.739473       1 device_info.go:113] "Nvidia Device registered name" name="volcano-lab-worker" val={"ID":0,"Node":"volcano-lab-worker","UUID":"GPU-12345678-1234-1234-1234-123456780000","PodMap":{},"Memory":409,"Number":10,"Type":"NVIDIA-NVIDIA A100-SXM4-40GB","Health":true,"UsedNum":0,"UsedMem":0,"UsedCore":0,"MigTemplate":[],"MigUsage":{"Index":-1,"UsageList":null}}
I0906 15:18:16.739487       1 device_info.go:113] "Nvidia Device registered name" name="volcano-lab-worker" val={"ID":1,"Node":"volcano-lab-worker","UUID":"GPU-12345678-1234-1234-1234-123456780001","PodMap":{},"Memory":409,"Number":10,"Type":"NVIDIA-NVIDIA A100-SXM4-40GB","Health":true,"UsedNum":0,"UsedMem":0,"UsedCore":0,"MigTemplate":[],"MigUsage":{"Index":-1,"UsageList":null}}
I0906 15:18:16.739496       1 device_info.go:111] GPU sharing mode:  hami-core
I0906 15:18:16.739503       1 device_info.go:113] "Nvidia Device registered name" name="volcano-lab-worker" val={"ID":1,"Node":"volcano-lab-worker","UUID":"GPU-12345678-1234-1234-1234-123456780001","PodMap":{},"Memory":409,"Number":10,"Type":"NVIDIA-NVIDIA A100-SXM4-40GB","Health":true,"UsedNum":0,"UsedMem":0,"UsedCore":0,"MigTemplate":[],"MigUsage":{"Index":-1,"UsageList":null}}
I0906 15:18:16.739511       1 device_info.go:113] "Nvidia Device registered name" name="volcano-lab-worker" val={"ID":0,"Node":"volcano-lab-worker","UUID":"GPU-12345678-1234-1234-1234-123456780000","PodMap":{},"Memory":409,"Number":10,"Type":"NVIDIA-NVIDIA A100-SXM4-40GB","Health":true,"UsedNum":0,"UsedMem":0,"UsedCore":0,"MigTemplate":[],"MigUsage":{"Index":-1,"UsageList":null}}
E0906 15:18:16.739523       1 device_info.go:189] pod volcano-scheduler-688d74cc46-cj9pg has no annotation volcano.sh/devices-to-allocate
E0906 15:18:16.739530       1 device_info.go:189] pod kube-proxy-btcmr has no annotation volcano.sh/devices-to-allocate
E0906 15:18:16.739537       1 device_info.go:189] pod volcano-device-plugin-2sg22 has no annotation volcano.sh/devices-to-allocate
E0906 15:18:16.739544       1 device_info.go:189] pod kindnet-k2m7h has no annotation volcano.sh/devices-to-allocate
E0906 15:18:16.739549       1 device_info.go:189] pod mock1-nvml-mock-9rgh9 has no annotation volcano.sh/devices-to-allocate
E0906 15:18:16.739560       1 device_info.go:189] pod grafana-7c5659d458-xrbnn has no annotation volcano.sh/devices-to-allocate
I0906 15:18:16.739626       1 cache.go:1581] "SnapShot for scheduling" jobNum=1 QueueNum=3 NodeNum=3
I0906 15:18:16.739645       1 session.go:1036] Start adjusting jobs' network topology spec according to hyperNodeTierNameMap map[]
I0906 15:18:16.739657       1 session.go:1079] Finish adjusting jobs' network topology spec according to hyperNodeTierNameMap map[]
I0906 15:18:16.739669       1 session.go:279] Open Session 9bf84668-b2dd-483b-aa43-01f8722ed60d with <1> Job and <3> Queues. HyperNodesReadyToSchedule: true
I0906 15:18:16.739971       1 gpuexclusive.go:437] gpuexclusive: no rules configured, skipping GPU exclusivity wrapping
I0906 15:18:16.739990       1 enqueue.go:79] Try to enqueue PodGroup to 0 Queues
I0906 15:18:16.739997       1 reclaim.go:68] There are <1> Jobs and <3> Queues in total for scheduling.
I0906 15:18:16.740018       1 reclaim.go:140] Considering reclaim for 1 tasks of job <volcano-tests/gpu-42cfcbbd-6b43-4987-8d5f-c02665aaa1a9>.
I0906 15:18:16.740122       1 predicate_helper.go:115] Predicates failed: task volcano-tests/gpu-worker-0 on node volcano-lab-control-plane fit failed: node(s) had untolerated taint(s)
I0906 15:18:16.740157       1 util.go:238] counts= [{1 NVIDIA 30 101 25}]
I0906 15:18:16.740188       1 utils.go:399] "Allocating device for container" request={"Nums":1,"Type":"NVIDIA","Memreq":30,"MemPercentagereq":101,"Coresreq":25}
I0906 15:18:16.740204       1 utils.go:402] "Scoring pod request" memReq=30 memPercentageReq=101 coresReq=25 Nums=1 Index=0 ID=0
I0906 15:18:16.740216       1 utils.go:403] "Current Device" Index=0 TotalMemory=409 UsedMemory=0 UsedCores=0 UsedNum=0 Number=10 replicate=true
I0906 15:18:16.740226       1 utils.go:449] fitted uuid: GPU-22345678-1234-1234-1234-123456780000
I0906 15:18:16.740158       1 util.go:238] counts= [{1 NVIDIA 30 101 25}]
I0906 15:18:16.740241       1 utils.go:399] "Allocating device for container" request={"Nums":1,"Type":"NVIDIA","Memreq":30,"MemPercentagereq":101,"Coresreq":25}
I0906 15:18:16.740251       1 utils.go:402] "Scoring pod request" memReq=30 memPercentageReq=101 coresReq=25 Nums=1 Index=0 ID=0
I0906 15:18:16.740260       1 utils.go:403] "Current Device" Index=0 TotalMemory=409 UsedMemory=0 UsedCores=0 UsedNum=0 Number=10 replicate=true
I0906 15:18:16.740269       1 utils.go:449] fitted uuid: GPU-12345678-1234-1234-1234-123456780000
I0906 15:18:16.740282       1 reclaim.go:185] Considering Task <volcano-tests/gpu-worker-0> on Node <volcano-lab-worker2>.
I0906 15:18:16.740289       1 reclaim.go:185] Considering Task <volcano-tests/gpu-worker-0> on Node <volcano-lab-worker>.
I0906 15:18:16.740300       1 reclaim.go:135] No preemptor task in job <volcano-tests/gpu-42cfcbbd-6b43-4987-8d5f-c02665aaa1a9>.
I0906 15:18:16.740308       1 statement.go:366] Discarding operations ...
I0906 15:18:16.740327       1 allocate.go:138] Try to allocate resource to 1 Queues
I0906 15:18:16.740341       1 allocate.go:328] "Try to allocate resource" queue="lab" job="volcano-tests/gpu-42cfcbbd-6b43-4987-8d5f-c02665aaa1a9" taskNum=1
I0906 15:18:16.740359       1 allocate.go:757] There are <3> nodes for Job <volcano-tests/gpu-42cfcbbd-6b43-4987-8d5f-c02665aaa1a9>
I0906 15:18:16.740390       1 predicate_helper.go:115] Predicates failed: task volcano-tests/gpu-worker-0 on node volcano-lab-control-plane fit failed: Insufficient volcano.sh/vgpu-cores
I0906 15:18:16.740419       1 util.go:238] counts= [{1 NVIDIA 30 101 25}]
I0906 15:18:16.740419       1 util.go:238] counts= [{1 NVIDIA 30 101 25}]
I0906 15:18:16.740430       1 utils.go:399] "Allocating device for container" request={"Nums":1,"Type":"NVIDIA","Memreq":30,"MemPercentagereq":101,"Coresreq":25}
I0906 15:18:16.740433       1 utils.go:399] "Allocating device for container" request={"Nums":1,"Type":"NVIDIA","Memreq":30,"MemPercentagereq":101,"Coresreq":25}
I0906 15:18:16.740437       1 utils.go:402] "Scoring pod request" memReq=30 memPercentageReq=101 coresReq=25 Nums=1 Index=0 ID=0
I0906 15:18:16.740443       1 utils.go:403] "Current Device" Index=0 TotalMemory=409 UsedMemory=0 UsedCores=0 UsedNum=0 Number=10 replicate=true
I0906 15:18:16.740447       1 utils.go:402] "Scoring pod request" memReq=30 memPercentageReq=101 coresReq=25 Nums=1 Index=0 ID=0
I0906 15:18:16.740451       1 utils.go:449] fitted uuid: GPU-22345678-1234-1234-1234-123456780000
I0906 15:18:16.740459       1 utils.go:403] "Current Device" Index=0 TotalMemory=409 UsedMemory=0 UsedCores=0 UsedNum=0 Number=10 replicate=true
I0906 15:18:16.740468       1 utils.go:449] fitted uuid: GPU-12345678-1234-1234-1234-123456780000
I0906 15:18:16.740592       1 allocate.go:934] Binding Task <volcano-tests/gpu-worker-0> to node <volcano-lab-worker>
E0906 15:18:16.740611       1 device_info.go:189] pod gpu-worker-0 has no annotation volcano.sh/devices-to-allocate
I0906 15:18:16.740618       1 statement.go:277] After allocated Task <volcano-tests/gpu-worker-0> to Node <volcano-lab-worker>: idle <cpu 11290.00, memory 27959619584.00, ephemeral-storage 1005867986944000.00, hugepages-1Gi 0.00, hugepages-2Mi 0.00, pods 103.00, volcano.sh/vgpu-cores 175000.00, volcano.sh/vgpu-memory 788000.00, volcano.sh/vgpu-number 19000.00>, used <cpu 710.00, memory 1193279488.00, pods 7.00, volcano.sh/vgpu-cores 25000.00, volcano.sh/vgpu-memory 30000.00, volcano.sh/vgpu-number 1000.00>, releasing <cpu 0.00, memory 0.00>
I0906 15:18:16.740661       1 util.go:238] counts= [{1 NVIDIA 30 101 25}]
I0906 15:18:16.740672       1 utils.go:399] "Allocating device for container" request={"Nums":1,"Type":"NVIDIA","Memreq":30,"MemPercentagereq":101,"Coresreq":25}
I0906 15:18:16.740682       1 utils.go:402] "Scoring pod request" memReq=30 memPercentageReq=101 coresReq=25 Nums=1 Index=0 ID=0
I0906 15:18:16.740691       1 utils.go:403] "Current Device" Index=0 TotalMemory=409 UsedMemory=0 UsedCores=0 UsedNum=0 Number=10 replicate=false
I0906 15:18:16.740698       1 utils.go:449] fitted uuid: GPU-12345678-1234-1234-1234-123456780000
I0906 15:18:16.750897       1 device_info.go:343] DeviceSharing:Allocate Success
I0906 15:18:16.750952       1 statement.go:307] Allocating operations ...
I0906 15:18:16.750984       1 allocate.go:833] "SubJob ready, return statement" job="volcano-tests/gpu-42cfcbbd-6b43-4987-8d5f-c02665aaa1a9" subJob="volcano-tests/gpu-42cfcbbd-6b43-4987-8d5f-c02665aaa1a9"
I0906 15:18:16.750994       1 statement.go:393] Committing operations ...
I0906 15:18:16.751040       1 proportion.go:326] Queue <lab> is overused: deserved <cpu 100.00, memory 33554432.00, ephemeral-storage 0.00, hugepages-1Gi 0.00, hugepages-2Mi 0.00, pods 1.00, volcano.sh/vgpu-cores 25000.00, volcano.sh/vgpu-memory 30000.00, volcano.sh/vgpu-number 1000.00>, allocated <cpu 100.00, memory 33554432.00, pods 1.00, volcano.sh/vgpu-cores 25000.00, volcano.sh/vgpu-memory 30000.00, volcano.sh/vgpu-number 1000.00>, share <1>
I0906 15:18:16.751072       1 allocate.go:295] Queue <lab> is overused, ignore it.
E0906 15:18:16.759525       1 device_info.go:159] pod gpu-worker-0 has no annotation volcano.sh/devices-to-allocate
I0906 15:18:16.780481       1 cache.go:992] bind ok, latency 16.070033ms
I0906 15:18:16.783127       1 session.go:577] Close Session 9bf84668-b2dd-483b-aa43-01f8722ed60d
I0906 15:18:17.783789       1 device_info.go:111] GPU sharing mode:  hami-core
I0906 15:18:17.783822       1 device_info.go:113] "Nvidia Device registered name" name="volcano-lab-worker2" val={"ID":0,"Node":"volcano-lab-worker2","UUID":"GPU-22345678-1234-1234-1234-123456780000","PodMap":{},"Memory":409,"Number":10,"Type":"NVIDIA-NVIDIA A100-SXM4-40GB","Health":true,"UsedNum":0,"UsedMem":0,"UsedCore":0,"MigTemplate":[],"MigUsage":{"Index":-1,"UsageList":null}}
I0906 15:18:17.783848       1 device_info.go:113] "Nvidia Device registered name" name="volcano-lab-worker2" val={"ID":1,"Node":"volcano-lab-worker2","UUID":"GPU-22345678-1234-1234-1234-123456780001","PodMap":{},"Memory":409,"Number":10,"Type":"NVIDIA-NVIDIA A100-SXM4-40GB","Health":true,"UsedNum":0,"UsedMem":0,"UsedCore":0,"MigTemplate":[],"MigUsage":{"Index":-1,"UsageList":null}}
I0906 15:18:17.783863       1 device_info.go:111] GPU sharing mode:  hami-core
I0906 15:18:17.783872       1 device_info.go:113] "Nvidia Device registered name" name="volcano-lab-worker2" val={"ID":1,"Node":"volcano-lab-worker2","UUID":"GPU-22345678-1234-1234-1234-123456780001","PodMap":{},"Memory":409,"Number":10,"Type":"NVIDIA-NVIDIA A100-SXM4-40GB","Health":true,"UsedNum":0,"UsedMem":0,"UsedCore":0,"MigTemplate":[],"MigUsage":{"Index":-1,"UsageList":null}}
I0906 15:18:17.783882       1 device_info.go:113] "Nvidia Device registered name" name="volcano-lab-worker2" val={"ID":0,"Node":"volcano-lab-worker2","UUID":"GPU-22345678-1234-1234-1234-123456780000","PodMap":{},"Memory":409,"Number":10,"Type":"NVIDIA-NVIDIA A100-SXM4-40GB","Health":true,"UsedNum":0,"UsedMem":0,"UsedCore":0,"MigTemplate":[],"MigUsage":{"Index":-1,"UsageList":null}}
E0906 15:18:17.783900       1 device_info.go:189] pod mock2-nvml-mock-mtnbp has no annotation volcano.sh/devices-to-allocate
E0906 15:18:17.783916       1 device_info.go:189] pod volcano-device-plugin-jj26z has no annotation volcano.sh/devices-to-allocate
E0906 15:18:17.783923       1 device_info.go:189] pod volcano-controllers-5b976c6d4b-rkqw6 has no annotation volcano.sh/devices-to-allocate
E0906 15:18:17.783927       1 device_info.go:189] pod prometheus-deployment-7cb9b4545b-h2fz4 has no annotation volcano.sh/devices-to-allocate
E0906 15:18:17.783931       1 device_info.go:189] pod kindnet-5whpw has no annotation volcano.sh/devices-to-allocate
E0906 15:18:17.783935       1 device_info.go:189] pod kube-state-metrics-5ffcdf767c-gf9d5 has no annotation volcano.sh/devices-to-allocate
E0906 15:18:17.783938       1 device_info.go:189] pod kube-proxy-gwssg has no annotation volcano.sh/devices-to-allocate
E0906 15:18:17.783943       1 device_info.go:189] pod volcano-admission-5b979dc8f6-8rdzl has no annotation volcano.sh/devices-to-allocate
I0906 15:18:17.784002       1 device_info.go:111] GPU sharing mode:  hami-core
I0906 15:18:17.784009       1 device_info.go:113] "Nvidia Device registered name" name="volcano-lab-worker" val={"ID":0,"Node":"volcano-lab-worker","UUID":"GPU-12345678-1234-1234-1234-123456780000","PodMap":{},"Memory":409,"Number":10,"Type":"NVIDIA-NVIDIA A100-SXM4-40GB","Health":true,"UsedNum":0,"UsedMem":0,"UsedCore":0,"MigTemplate":[],"MigUsage":{"Index":-1,"UsageList":null}}
I0906 15:18:17.784019       1 device_info.go:113] "Nvidia Device registered name" name="volcano-lab-worker" val={"ID":1,"Node":"volcano-lab-worker","UUID":"GPU-12345678-1234-1234-1234-123456780001","PodMap":{},"Memory":409,"Number":10,"Type":"NVIDIA-NVIDIA A100-SXM4-40GB","Health":true,"UsedNum":0,"UsedMem":0,"UsedCore":0,"MigTemplate":[],"MigUsage":{"Index":-1,"UsageList":null}}
I0906 15:18:17.784027       1 device_info.go:111] GPU sharing mode:  hami-core
I0906 15:18:17.784034       1 device_info.go:113] "Nvidia Device registered name" name="volcano-lab-worker" val={"ID":0,"Node":"volcano-lab-worker","UUID":"GPU-12345678-1234-1234-1234-123456780000","PodMap":{},"Memory":409,"Number":10,"Type":"NVIDIA-NVIDIA A100-SXM4-40GB","Health":true,"UsedNum":0,"UsedMem":0,"UsedCore":0,"MigTemplate":[],"MigUsage":{"Index":-1,"UsageList":null}}
I0906 15:18:17.784043       1 device_info.go:113] "Nvidia Device registered name" name="volcano-lab-worker" val={"ID":1,"Node":"volcano-lab-worker","UUID":"GPU-12345678-1234-1234-1234-123456780001","PodMap":{},"Memory":409,"Number":10,"Type":"NVIDIA-NVIDIA A100-SXM4-40GB","Health":true,"UsedNum":0,"UsedMem":0,"UsedCore":0,"MigTemplate":[],"MigUsage":{"Index":-1,"UsageList":null}}
E0906 15:18:17.784078       1 device_info.go:189] pod volcano-device-plugin-2sg22 has no annotation volcano.sh/devices-to-allocate
E0906 15:18:17.784099       1 device_info.go:189] pod kindnet-k2m7h has no annotation volcano.sh/devices-to-allocate
E0906 15:18:17.784104       1 device_info.go:189] pod mock1-nvml-mock-9rgh9 has no annotation volcano.sh/devices-to-allocate
E0906 15:18:17.784110       1 device_info.go:189] pod grafana-7c5659d458-xrbnn has no annotation volcano.sh/devices-to-allocate
E0906 15:18:17.784116       1 device_info.go:189] pod volcano-scheduler-688d74cc46-cj9pg has no annotation volcano.sh/devices-to-allocate
E0906 15:18:17.784122       1 device_info.go:189] pod kube-proxy-btcmr has no annotation volcano.sh/devices-to-allocate
I0906 15:18:17.784188       1 cache.go:1581] "SnapShot for scheduling" jobNum=1 QueueNum=3 NodeNum=3
I0906 15:18:17.784200       1 session.go:1036] Start adjusting jobs' network topology spec according to hyperNodeTierNameMap map[]
I0906 15:18:17.784206       1 session.go:1079] Finish adjusting jobs' network topology spec according to hyperNodeTierNameMap map[]
I0906 15:18:17.784214       1 session.go:279] Open Session b3825a43-335c-4588-9a78-93ab4b1d2cfc with <1> Job and <3> Queues. HyperNodesReadyToSchedule: true
I0906 15:18:17.784590       1 gpuexclusive.go:437] gpuexclusive: no rules configured, skipping GPU exclusivity wrapping
I0906 15:18:17.784612       1 enqueue.go:79] Try to enqueue PodGroup to 0 Queues
I0906 15:18:17.784621       1 reclaim.go:68] There are <1> Jobs and <3> Queues in total for scheduling.
I0906 15:18:17.784631       1 proportion.go:326] Queue <lab> is overused: deserved <cpu 100.00, memory 33554432.00, ephemeral-storage 0.00, hugepages-1Gi 0.00, hugepages-2Mi 0.00, pods 1.00, volcano.sh/vgpu-cores 25000.00, volcano.sh/vgpu-memory 30000.00, volcano.sh/vgpu-number 1000.00>, allocated <cpu 100.00, memory 33554432.00, pods 1.00, volcano.sh/vgpu-cores 25000.00, volcano.sh/vgpu-memory 30000.00, volcano.sh/vgpu-number 1000.00>, share <1>
I0906 15:18:17.784648       1 reclaim.go:112] Queue <lab> is overused, ignore it.
I0906 15:18:17.784662       1 allocate.go:138] Try to allocate resource to 0 Queues
I0906 15:18:17.794227       1 session.go:577] Close Session b3825a43-335c-4588-9a78-93ab4b1d2cfc
