I0906 15:18:31.489861       1 gpuexclusive.go:437] gpuexclusive: no rules configured, skipping GPU exclusivity wrapping
I0906 15:18:31.489882       1 enqueue.go:79] Try to enqueue PodGroup to 0 Queues
I0906 15:18:31.489890       1 reclaim.go:68] There are <1> Jobs and <4> Queues in total for scheduling.
I0906 15:18:31.489904       1 reclaim.go:140] Considering reclaim for 2 tasks of job <volcano-tests/nodegroup-d9ead955-b225-4b47-99f1-20b4bb353b05>.
I0906 15:18:31.489964       1 predicate_helper.go:115] Predicates failed: task volcano-tests/nodegroup-worker-0 on node volcano-lab-control-plane fit failed: node(s) had untolerated taint(s)
I0906 15:18:31.489999       1 predicate_helper.go:115] Predicates failed: task volcano-tests/nodegroup-worker-0 on node volcano-lab-worker2 fit failed: node does not satisfy the node group affinity
I0906 15:18:31.490054       1 reclaim.go:185] Considering Task <volcano-tests/nodegroup-worker-0> on Node <volcano-lab-worker>.
I0906 15:18:31.490066       1 reclaim.go:140] Considering reclaim for 1 tasks of job <volcano-tests/nodegroup-d9ead955-b225-4b47-99f1-20b4bb353b05>.
I0906 15:18:31.490107       1 predicate_helper.go:115] Predicates failed: task volcano-tests/nodegroup-worker-1 on node volcano-lab-control-plane fit failed: node(s) had untolerated taint(s)
I0906 15:18:31.490135       1 predicate_helper.go:115] Predicates failed: task volcano-tests/nodegroup-worker-1 on node volcano-lab-worker2 fit failed: node does not satisfy the node group affinity
I0906 15:18:31.490149       1 reclaim.go:185] Considering Task <volcano-tests/nodegroup-worker-1> on Node <volcano-lab-worker>.
I0906 15:18:31.490159       1 reclaim.go:135] No preemptor task in job <volcano-tests/nodegroup-d9ead955-b225-4b47-99f1-20b4bb353b05>.
I0906 15:18:31.490165       1 statement.go:366] Discarding operations ...
I0906 15:18:31.490182       1 allocate.go:138] Try to allocate resource to 1 Queues
I0906 15:18:31.490210       1 allocate.go:328] "Try to allocate resource" queue="team-a" job="volcano-tests/nodegroup-d9ead955-b225-4b47-99f1-20b4bb353b05" taskNum=2
I0906 15:18:31.490222       1 allocate.go:757] There are <3> nodes for Job <volcano-tests/nodegroup-d9ead955-b225-4b47-99f1-20b4bb353b05>
I0906 15:18:31.490267       1 predicate_helper.go:115] Predicates failed: task volcano-tests/nodegroup-worker-0 on node volcano-lab-control-plane fit failed: node(s) had untolerated taint(s)
I0906 15:18:31.490274       1 predicate_helper.go:115] Predicates failed: task volcano-tests/nodegroup-worker-0 on node volcano-lab-worker2 fit failed: node does not satisfy the node group affinity
I0906 15:18:31.490286       1 allocate.go:934] Binding Task <volcano-tests/nodegroup-worker-0> to node <volcano-lab-worker>
E0906 15:18:31.490296       1 device_info.go:189] pod nodegroup-worker-0 has no annotation volcano.sh/devices-to-allocate
I0906 15:18:31.490301       1 statement.go:277] After allocated Task <volcano-tests/nodegroup-worker-0> to Node <volcano-lab-worker>: idle <cpu 11290.00, memory 27959619584.00, ephemeral-storage 1005867986944000.00, hugepages-1Gi 0.00, hugepages-2Mi 0.00, pods 104.00, volcano.sh/vgpu-cores 200000.00, volcano.sh/vgpu-memory 818000.00, volcano.sh/vgpu-number 20000.00>, used <cpu 710.00, memory 1193279488.00, pods 6.00>, releasing <cpu 0.00, memory 0.00>
I0906 15:18:31.490471       1 statement.go:307] Allocating operations ...
I0906 15:18:31.490486       1 allocate.go:757] There are <3> nodes for Job <volcano-tests/nodegroup-d9ead955-b225-4b47-99f1-20b4bb353b05>
I0906 15:18:31.490527       1 allocate.go:934] Binding Task <volcano-tests/nodegroup-worker-1> to node <volcano-lab-worker>
E0906 15:18:31.490535       1 device_info.go:189] pod nodegroup-worker-1 has no annotation volcano.sh/devices-to-allocate
I0906 15:18:31.490538       1 statement.go:277] After allocated Task <volcano-tests/nodegroup-worker-1> to Node <volcano-lab-worker>: idle <cpu 11190.00, memory 27926065152.00, ephemeral-storage 1005867986944000.00, hugepages-1Gi 0.00, hugepages-2Mi 0.00, pods 103.00, volcano.sh/vgpu-cores 200000.00, volcano.sh/vgpu-memory 818000.00, volcano.sh/vgpu-number 20000.00>, used <cpu 810.00, memory 1226833920.00, pods 7.00>, releasing <cpu 0.00, memory 0.00>
I0906 15:18:31.490563       1 statement.go:307] Allocating operations ...
I0906 15:18:31.490582       1 allocate.go:833] "SubJob ready, return statement" job="volcano-tests/nodegroup-d9ead955-b225-4b47-99f1-20b4bb353b05" subJob="volcano-tests/nodegroup-d9ead955-b225-4b47-99f1-20b4bb353b05"
I0906 15:18:31.490588       1 statement.go:393] Committing operations ...
E0906 15:18:31.490602       1 device_info.go:189] pod nodegroup-worker-0 has no annotation volcano.sh/devices-to-allocate
E0906 15:18:31.490617       1 device_info.go:189] pod nodegroup-worker-1 has no annotation volcano.sh/devices-to-allocate
I0906 15:18:31.490879       1 proportion.go:326] Queue <team-a> is overused: deserved <cpu 200.00, memory 67108864.00, ephemeral-storage 0.00, hugepages-1Gi 0.00, hugepages-2Mi 0.00, pods 2.00, volcano.sh/vgpu-cores 0.00, volcano.sh/vgpu-memory 0.00, volcano.sh/vgpu-number 0.00>, allocated <cpu 200.00, memory 67108864.00, pods 2.00>, share <1>
I0906 15:18:31.490894       1 allocate.go:295] Queue <team-a> is overused, ignore it.
I0906 15:18:31.503881       1 cache.go:992] bind ok, latency 9.79439ms
I0906 15:18:31.504012       1 cache.go:992] bind ok, latency 10.017379ms
E0906 15:18:31.504118       1 device_info.go:189] pod nodegroup-worker-1 has no annotation volcano.sh/devices-to-allocate
E0906 15:18:31.504156       1 device_info.go:189] pod nodegroup-worker-0 has no annotation volcano.sh/devices-to-allocate
I0906 15:18:31.515790       1 session.go:577] Close Session 88955c7f-d9db-4bd4-a412-0349d1a6d1db
E0906 15:18:31.531711       1 device_info.go:189] pod nodegroup-worker-1 has no annotation volcano.sh/devices-to-allocate
E0906 15:18:31.540922       1 device_info.go:189] pod nodegroup-worker-0 has no annotation volcano.sh/devices-to-allocate
I0906 15:18:32.516346       1 device_info.go:111] GPU sharing mode:  hami-core
I0906 15:18:32.516380       1 device_info.go:113] "Nvidia Device registered name" name="volcano-lab-worker" val={"ID":0,"Node":"volcano-lab-worker","UUID":"GPU-12345678-1234-1234-1234-123456780000","PodMap":{},"Memory":409,"Number":10,"Type":"NVIDIA-NVIDIA A100-SXM4-40GB","Health":true,"UsedNum":0,"UsedMem":0,"UsedCore":0,"MigTemplate":[],"MigUsage":{"Index":-1,"UsageList":null}}
I0906 15:18:32.516407       1 device_info.go:113] "Nvidia Device registered name" name="volcano-lab-worker" val={"ID":1,"Node":"volcano-lab-worker","UUID":"GPU-12345678-1234-1234-1234-123456780001","PodMap":{},"Memory":409,"Number":10,"Type":"NVIDIA-NVIDIA A100-SXM4-40GB","Health":true,"UsedNum":0,"UsedMem":0,"UsedCore":0,"MigTemplate":[],"MigUsage":{"Index":-1,"UsageList":null}}
I0906 15:18:32.516422       1 device_info.go:111] GPU sharing mode:  hami-core
I0906 15:18:32.516431       1 device_info.go:113] "Nvidia Device registered name" name="volcano-lab-worker" val={"ID":1,"Node":"volcano-lab-worker","UUID":"GPU-12345678-1234-1234-1234-123456780001","PodMap":{},"Memory":409,"Number":10,"Type":"NVIDIA-NVIDIA A100-SXM4-40GB","Health":true,"UsedNum":0,"UsedMem":0,"UsedCore":0,"MigTemplate":[],"MigUsage":{"Index":-1,"UsageList":null}}
I0906 15:18:32.516438       1 device_info.go:113] "Nvidia Device registered name" name="volcano-lab-worker" val={"ID":0,"Node":"volcano-lab-worker","UUID":"GPU-12345678-1234-1234-1234-123456780000","PodMap":{},"Memory":409,"Number":10,"Type":"NVIDIA-NVIDIA A100-SXM4-40GB","Health":true,"UsedNum":0,"UsedMem":0,"UsedCore":0,"MigTemplate":[],"MigUsage":{"Index":-1,"UsageList":null}}
E0906 15:18:32.516449       1 device_info.go:189] pod volcano-device-plugin-2sg22 has no annotation volcano.sh/devices-to-allocate
E0906 15:18:32.516457       1 device_info.go:189] pod nodegroup-worker-1 has no annotation volcano.sh/devices-to-allocate
E0906 15:18:32.516462       1 device_info.go:189] pod grafana-7c5659d458-xrbnn has no annotation volcano.sh/devices-to-allocate
E0906 15:18:32.516466       1 device_info.go:189] pod kube-proxy-btcmr has no annotation volcano.sh/devices-to-allocate
E0906 15:18:32.516470       1 device_info.go:189] pod mock1-nvml-mock-9rgh9 has no annotation volcano.sh/devices-to-allocate
E0906 15:18:32.516474       1 device_info.go:189] pod nodegroup-worker-0 has no annotation volcano.sh/devices-to-allocate
E0906 15:18:32.516478       1 device_info.go:189] pod kindnet-k2m7h has no annotation volcano.sh/devices-to-allocate
I0906 15:18:32.516509       1 device_info.go:111] GPU sharing mode:  hami-core
I0906 15:18:32.516518       1 device_info.go:113] "Nvidia Device registered name" name="volcano-lab-worker2" val={"ID":0,"Node":"volcano-lab-worker2","UUID":"GPU-22345678-1234-1234-1234-123456780000","PodMap":{},"Memory":409,"Number":10,"Type":"NVIDIA-NVIDIA A100-SXM4-40GB","Health":true,"UsedNum":0,"UsedMem":0,"UsedCore":0,"MigTemplate":[],"MigUsage":{"Index":-1,"UsageList":null}}
I0906 15:18:32.516540       1 device_info.go:113] "Nvidia Device registered name" name="volcano-lab-worker2" val={"ID":1,"Node":"volcano-lab-worker2","UUID":"GPU-22345678-1234-1234-1234-123456780001","PodMap":{},"Memory":409,"Number":10,"Type":"NVIDIA-NVIDIA A100-SXM4-40GB","Health":true,"UsedNum":0,"UsedMem":0,"UsedCore":0,"MigTemplate":[],"MigUsage":{"Index":-1,"UsageList":null}}
I0906 15:18:32.516554       1 device_info.go:111] GPU sharing mode:  hami-core
I0906 15:18:32.516562       1 device_info.go:113] "Nvidia Device registered name" name="volcano-lab-worker2" val={"ID":0,"Node":"volcano-lab-worker2","UUID":"GPU-22345678-1234-1234-1234-123456780000","PodMap":{},"Memory":409,"Number":10,"Type":"NVIDIA-NVIDIA A100-SXM4-40GB","Health":true,"UsedNum":0,"UsedMem":0,"UsedCore":0,"MigTemplate":[],"MigUsage":{"Index":-1,"UsageList":null}}
I0906 15:18:32.516571       1 device_info.go:113] "Nvidia Device registered name" name="volcano-lab-worker2" val={"ID":1,"Node":"volcano-lab-worker2","UUID":"GPU-22345678-1234-1234-1234-123456780001","PodMap":{},"Memory":409,"Number":10,"Type":"NVIDIA-NVIDIA A100-SXM4-40GB","Health":true,"UsedNum":0,"UsedMem":0,"UsedCore":0,"MigTemplate":[],"MigUsage":{"Index":-1,"UsageList":null}}
E0906 15:18:32.516593       1 device_info.go:189] pod volcano-device-plugin-jj26z has no annotation volcano.sh/devices-to-allocate
E0906 15:18:32.516601       1 device_info.go:189] pod kube-state-metrics-5ffcdf767c-gf9d5 has no annotation volcano.sh/devices-to-allocate
E0906 15:18:32.516610       1 device_info.go:189] pod prometheus-deployment-7cb9b4545b-h2fz4 has no annotation volcano.sh/devices-to-allocate
E0906 15:18:32.516617       1 device_info.go:189] pod kindnet-5whpw has no annotation volcano.sh/devices-to-allocate
E0906 15:18:32.516621       1 device_info.go:189] pod kube-proxy-gwssg has no annotation volcano.sh/devices-to-allocate
E0906 15:18:32.516626       1 device_info.go:189] pod volcano-admission-5b979dc8f6-8rdzl has no annotation volcano.sh/devices-to-allocate
E0906 15:18:32.516633       1 device_info.go:189] pod mock2-nvml-mock-mtnbp has no annotation volcano.sh/devices-to-allocate
E0906 15:18:32.516638       1 device_info.go:189] pod volcano-scheduler-759d9bb8-m5jkm has no annotation volcano.sh/devices-to-allocate
E0906 15:18:32.516643       1 device_info.go:189] pod volcano-controllers-5b976c6d4b-rkqw6 has no annotation volcano.sh/devices-to-allocate
I0906 15:18:32.516731       1 cache.go:1581] "SnapShot for scheduling" jobNum=1 QueueNum=4 NodeNum=3
I0906 15:18:32.516747       1 session.go:1036] Start adjusting jobs' network topology spec according to hyperNodeTierNameMap map[]
I0906 15:18:32.516756       1 session.go:1079] Finish adjusting jobs' network topology spec according to hyperNodeTierNameMap map[]
I0906 15:18:32.516768       1 session.go:279] Open Session 53ef80f0-275e-49c4-bad3-449e11c123d3 with <1> Job and <4> Queues. HyperNodesReadyToSchedule: true
I0906 15:18:32.517182       1 gpuexclusive.go:437] gpuexclusive: no rules configured, skipping GPU exclusivity wrapping
I0906 15:18:32.517208       1 enqueue.go:79] Try to enqueue PodGroup to 0 Queues
I0906 15:18:32.517218       1 reclaim.go:68] There are <1> Jobs and <4> Queues in total for scheduling.
I0906 15:18:32.517228       1 proportion.go:326] Queue <team-a> is overused: deserved <cpu 200.00, memory 67108864.00, ephemeral-storage 0.00, hugepages-1Gi 0.00, hugepages-2Mi 0.00, pods 2.00, volcano.sh/vgpu-cores 0.00, volcano.sh/vgpu-memory 0.00, volcano.sh/vgpu-number 0.00>, allocated <cpu 200.00, memory 67108864.00, pods 2.00>, share <1>
I0906 15:18:32.517248       1 reclaim.go:112] Queue <team-a> is overused, ignore it.
I0906 15:18:32.517263       1 allocate.go:138] Try to allocate resource to 0 Queues
I0906 15:18:32.535246       1 session.go:577] Close Session 53ef80f0-275e-49c4-bad3-449e11c123d3
E0906 15:18:32.794225       1 device_info.go:189] pod nodegroup-worker-0 has no annotation volcano.sh/devices-to-allocate
E0906 15:18:32.808434       1 device_info.go:189] pod nodegroup-worker-1 has no annotation volcano.sh/devices-to-allocate
I0906 15:18:33.536076       1 device_info.go:111] GPU sharing mode:  hami-core
I0906 15:18:33.536112       1 device_info.go:113] "Nvidia Device registered name" name="volcano-lab-worker" val={"ID":0,"Node":"volcano-lab-worker","UUID":"GPU-12345678-1234-1234-1234-123456780000","PodMap":{},"Memory":409,"Number":10,"Type":"NVIDIA-NVIDIA A100-SXM4-40GB","Health":true,"UsedNum":0,"UsedMem":0,"UsedCore":0,"MigTemplate":[],"MigUsage":{"Index":-1,"UsageList":null}}
I0906 15:18:33.536155       1 device_info.go:113] "Nvidia Device registered name" name="volcano-lab-worker" val={"ID":1,"Node":"volcano-lab-worker","UUID":"GPU-12345678-1234-1234-1234-123456780001","PodMap":{},"Memory":409,"Number":10,"Type":"NVIDIA-NVIDIA A100-SXM4-40GB","Health":true,"UsedNum":0,"UsedMem":0,"UsedCore":0,"MigTemplate":[],"MigUsage":{"Index":-1,"UsageList":null}}
I0906 15:18:33.536180       1 device_info.go:111] GPU sharing mode:  hami-core
I0906 15:18:33.536194       1 device_info.go:113] "Nvidia Device registered name" name="volcano-lab-worker" val={"ID":1,"Node":"volcano-lab-worker","UUID":"GPU-12345678-1234-1234-1234-123456780001","PodMap":{},"Memory":409,"Number":10,"Type":"NVIDIA-NVIDIA A100-SXM4-40GB","Health":true,"UsedNum":0,"UsedMem":0,"UsedCore":0,"MigTemplate":[],"MigUsage":{"Index":-1,"UsageList":null}}
I0906 15:18:33.536207       1 device_info.go:113] "Nvidia Device registered name" name="volcano-lab-worker" val={"ID":0,"Node":"volcano-lab-worker","UUID":"GPU-12345678-1234-1234-1234-123456780000","PodMap":{},"Memory":409,"Number":10,"Type":"NVIDIA-NVIDIA A100-SXM4-40GB","Health":true,"UsedNum":0,"UsedMem":0,"UsedCore":0,"MigTemplate":[],"MigUsage":{"Index":-1,"UsageList":null}}
E0906 15:18:33.536224       1 device_info.go:189] pod volcano-device-plugin-2sg22 has no annotation volcano.sh/devices-to-allocate
E0906 15:18:33.536236       1 device_info.go:189] pod nodegroup-worker-1 has no annotation volcano.sh/devices-to-allocate
E0906 15:18:33.536247       1 device_info.go:189] pod grafana-7c5659d458-xrbnn has no annotation volcano.sh/devices-to-allocate
E0906 15:18:33.536254       1 device_info.go:189] pod kube-proxy-btcmr has no annotation volcano.sh/devices-to-allocate
E0906 15:18:33.536265       1 device_info.go:189] pod mock1-nvml-mock-9rgh9 has no annotation volcano.sh/devices-to-allocate
E0906 15:18:33.536278       1 device_info.go:189] pod nodegroup-worker-0 has no annotation volcano.sh/devices-to-allocate
E0906 15:18:33.536290       1 device_info.go:189] pod kindnet-k2m7h has no annotation volcano.sh/devices-to-allocate
I0906 15:18:33.536345       1 device_info.go:111] GPU sharing mode:  hami-core
I0906 15:18:33.536362       1 device_info.go:113] "Nvidia Device registered name" name="volcano-lab-worker2" val={"ID":0,"Node":"volcano-lab-worker2","UUID":"GPU-22345678-1234-1234-1234-123456780000","PodMap":{},"Memory":409,"Number":10,"Type":"NVIDIA-NVIDIA A100-SXM4-40GB","Health":true,"UsedNum":0,"UsedMem":0,"UsedCore":0,"MigTemplate":[],"MigUsage":{"Index":-1,"UsageList":null}}
I0906 15:18:33.536382       1 device_info.go:113] "Nvidia Device registered name" name="volcano-lab-worker2" val={"ID":1,"Node":"volcano-lab-worker2","UUID":"GPU-22345678-1234-1234-1234-123456780001","PodMap":{},"Memory":409,"Number":10,"Type":"NVIDIA-NVIDIA A100-SXM4-40GB","Health":true,"UsedNum":0,"UsedMem":0,"UsedCore":0,"MigTemplate":[],"MigUsage":{"Index":-1,"UsageList":null}}
I0906 15:18:33.536396       1 device_info.go:111] GPU sharing mode:  hami-core
I0906 15:18:33.536407       1 device_info.go:113] "Nvidia Device registered name" name="volcano-lab-worker2" val={"ID":0,"Node":"volcano-lab-worker2","UUID":"GPU-22345678-1234-1234-1234-123456780000","PodMap":{},"Memory":409,"Number":10,"Type":"NVIDIA-NVIDIA A100-SXM4-40GB","Health":true,"UsedNum":0,"UsedMem":0,"UsedCore":0,"MigTemplate":[],"MigUsage":{"Index":-1,"UsageList":null}}
I0906 15:18:33.536420       1 device_info.go:113] "Nvidia Device registered name" name="volcano-lab-worker2" val={"ID":1,"Node":"volcano-lab-worker2","UUID":"GPU-22345678-1234-1234-1234-123456780001","PodMap":{},"Memory":409,"Number":10,"Type":"NVIDIA-NVIDIA A100-SXM4-40GB","Health":true,"UsedNum":0,"UsedMem":0,"UsedCore":0,"MigTemplate":[],"MigUsage":{"Index":-1,"UsageList":null}}
E0906 15:18:33.536434       1 device_info.go:189] pod volcano-admission-5b979dc8f6-8rdzl has no annotation volcano.sh/devices-to-allocate
E0906 15:18:33.536446       1 device_info.go:189] pod mock2-nvml-mock-mtnbp has no annotation volcano.sh/devices-to-allocate
E0906 15:18:33.536461       1 device_info.go:189] pod volcano-scheduler-759d9bb8-m5jkm has no annotation volcano.sh/devices-to-allocate
E0906 15:18:33.536470       1 device_info.go:189] pod volcano-controllers-5b976c6d4b-rkqw6 has no annotation volcano.sh/devices-to-allocate
E0906 15:18:33.536477       1 device_info.go:189] pod volcano-device-plugin-jj26z has no annotation volcano.sh/devices-to-allocate
E0906 15:18:33.536485       1 device_info.go:189] pod kube-state-metrics-5ffcdf767c-gf9d5 has no annotation volcano.sh/devices-to-allocate
E0906 15:18:33.536492       1 device_info.go:189] pod prometheus-deployment-7cb9b4545b-h2fz4 has no annotation volcano.sh/devices-to-allocate
E0906 15:18:33.536501       1 device_info.go:189] pod kindnet-5whpw has no annotation volcano.sh/devices-to-allocate
E0906 15:18:33.536508       1 device_info.go:189] pod kube-proxy-gwssg has no annotation volcano.sh/devices-to-allocate
I0906 15:18:33.536602       1 cache.go:1581] "SnapShot for scheduling" jobNum=1 QueueNum=4 NodeNum=3
I0906 15:18:33.536631       1 session.go:1036] Start adjusting jobs' network topology spec according to hyperNodeTierNameMap map[]
I0906 15:18:33.536647       1 session.go:1079] Finish adjusting jobs' network topology spec according to hyperNodeTierNameMap map[]
I0906 15:18:33.536665       1 session.go:279] Open Session 9f7947af-fd4d-4aff-83a6-ab24b088c25c with <1> Job and <4> Queues. HyperNodesReadyToSchedule: true
I0906 15:18:33.537130       1 gpuexclusive.go:437] gpuexclusive: no rules configured, skipping GPU exclusivity wrapping
I0906 15:18:33.537153       1 enqueue.go:79] Try to enqueue PodGroup to 0 Queues
I0906 15:18:33.537162       1 reclaim.go:68] There are <1> Jobs and <4> Queues in total for scheduling.
I0906 15:18:33.537172       1 proportion.go:326] Queue <team-a> is overused: deserved <cpu 200.00, memory 67108864.00, ephemeral-storage 0.00, hugepages-1Gi 0.00, hugepages-2Mi 0.00, pods 2.00, volcano.sh/vgpu-cores 0.00, volcano.sh/vgpu-memory 0.00, volcano.sh/vgpu-number 0.00>, allocated <cpu 200.00, memory 67108864.00, pods 2.00>, share <1>
I0906 15:18:33.537188       1 reclaim.go:112] Queue <team-a> is overused, ignore it.
I0906 15:18:33.537206       1 allocate.go:138] Try to allocate resource to 0 Queues
I0906 15:18:33.553470       1 session.go:577] Close Session 9f7947af-fd4d-4aff-83a6-ab24b088c25c
