I0906 15:23:53.229009       1 device_info.go:111] GPU sharing mode:  hami-core
I0906 15:23:53.229024       1 device_info.go:113] "Nvidia Device registered name" name="volcano-lab-worker2" val={"ID":0,"Node":"volcano-lab-worker2","UUID":"GPU-22345678-1234-1234-1234-123456780000","PodMap":{},"Memory":409,"Number":10,"Type":"NVIDIA-NVIDIA A100-SXM4-40GB","Health":true,"UsedNum":0,"UsedMem":0,"UsedCore":0,"MigTemplate":[],"MigUsage":{"Index":-1,"UsageList":null}}
I0906 15:23:53.229040       1 device_info.go:113] "Nvidia Device registered name" name="volcano-lab-worker2" val={"ID":1,"Node":"volcano-lab-worker2","UUID":"GPU-22345678-1234-1234-1234-123456780001","PodMap":{},"Memory":409,"Number":10,"Type":"NVIDIA-NVIDIA A100-SXM4-40GB","Health":true,"UsedNum":0,"UsedMem":0,"UsedCore":0,"MigTemplate":[],"MigUsage":{"Index":-1,"UsageList":null}}
E0906 15:23:53.229076       1 device_info.go:189] pod kube-proxy-gwssg has no annotation volcano.sh/devices-to-allocate
E0906 15:23:53.229096       1 device_info.go:189] pod volcano-admission-5b979dc8f6-8rdzl has no annotation volcano.sh/devices-to-allocate
E0906 15:23:53.229112       1 device_info.go:189] pod kindnet-5whpw has no annotation volcano.sh/devices-to-allocate
E0906 15:23:53.229126       1 device_info.go:189] pod kube-state-metrics-5ffcdf767c-gf9d5 has no annotation volcano.sh/devices-to-allocate
E0906 15:23:53.229138       1 device_info.go:189] pod prometheus-deployment-7cb9b4545b-h2fz4 has no annotation volcano.sh/devices-to-allocate
E0906 15:23:53.229147       1 device_info.go:189] pod mock2-nvml-mock-mtnbp has no annotation volcano.sh/devices-to-allocate
E0906 15:23:53.229156       1 device_info.go:189] pod volcano-controllers-5b976c6d4b-rkqw6 has no annotation volcano.sh/devices-to-allocate
E0906 15:23:53.229165       1 device_info.go:189] pod volcano-device-plugin-jj26z has no annotation volcano.sh/devices-to-allocate
I0906 15:23:53.229362       1 cache.go:1581] "SnapShot for scheduling" jobNum=2 QueueNum=3 NodeNum=3
I0906 15:23:53.229420       1 session.go:1036] Start adjusting jobs' network topology spec according to hyperNodeTierNameMap map[]
I0906 15:23:53.229449       1 session.go:1079] Finish adjusting jobs' network topology spec according to hyperNodeTierNameMap map[]
I0906 15:23:53.229481       1 session.go:279] Open Session 3d1b458b-975b-4750-b5e3-65b4ebe8a006 with <2> Job and <3> Queues. HyperNodesReadyToSchedule: true
I0906 15:23:53.230029       1 gpuexclusive.go:437] gpuexclusive: no rules configured, skipping GPU exclusivity wrapping
I0906 15:23:53.230081       1 enqueue.go:79] Try to enqueue PodGroup to 0 Queues
I0906 15:23:53.230091       1 reclaim.go:68] There are <2> Jobs and <3> Queues in total for scheduling.
I0906 15:23:53.230105       1 reclaim.go:140] Considering reclaim for 1 tasks of job <volcano-tests/fit-5dd52602-ef88-4172-8ee4-0eb1fc07f5ce>.
W0906 15:23:53.230164       1 deviceshare.go:256] Devices hamivgpu assertion conversion failed, skip
I0906 15:23:53.230171       1 predicate_helper.go:115] Predicates failed: task volcano-tests/fit-worker-0 on node volcano-lab-control-plane fit failed: node(s) had untolerated taint(s)
W0906 15:23:53.230178       1 deviceshare.go:256] Devices hamivgpu assertion conversion failed, skip
I0906 15:23:53.230189       1 reclaim.go:185] Considering Task <volcano-tests/fit-worker-0> on Node <volcano-lab-worker2>.
I0906 15:23:53.230194       1 reclaim.go:185] Considering Task <volcano-tests/fit-worker-0> on Node <volcano-lab-worker>.
I0906 15:23:53.230200       1 reclaim.go:135] No preemptor task in job <volcano-tests/fit-5dd52602-ef88-4172-8ee4-0eb1fc07f5ce>.
I0906 15:23:53.230205       1 statement.go:366] Discarding operations ...
I0906 15:23:53.230223       1 allocate.go:138] Try to allocate resource to 1 Queues
I0906 15:23:53.230233       1 allocate.go:328] "Try to allocate resource" queue="lab" job="volcano-tests/fit-5dd52602-ef88-4172-8ee4-0eb1fc07f5ce" taskNum=1
I0906 15:23:53.230245       1 allocate.go:757] There are <3> nodes for Job <volcano-tests/fit-5dd52602-ef88-4172-8ee4-0eb1fc07f5ce>
W0906 15:23:53.230282       1 deviceshare.go:256] Devices hamivgpu assertion conversion failed, skip
I0906 15:23:53.230281       1 predicate_helper.go:115] Predicates failed: task volcano-tests/fit-worker-0 on node volcano-lab-control-plane fit failed: node(s) had untolerated taint(s)
W0906 15:23:53.230287       1 deviceshare.go:256] Devices hamivgpu assertion conversion failed, skip
I0906 15:23:53.230374       1 allocate.go:934] Binding Task <volcano-tests/fit-worker-0> to node <volcano-lab-worker2>
I0906 15:23:53.230386       1 statement.go:277] After allocated Task <volcano-tests/fit-worker-0> to Node <volcano-lab-worker2>: idle <cpu 10890.00, memory 29033361408.00, ephemeral-storage 1005867986944000.00, hugepages-1Gi 0.00, hugepages-2Mi 0.00, pods 101.00, volcano.sh/vgpu-cores 200000.00, volcano.sh/vgpu-memory 818000.00, volcano.sh/vgpu-number 20000.00>, used <cpu 1110.00, memory 119537664.00, pods 9.00>, releasing <cpu 0.00, memory 0.00>
W0906 15:23:53.230418       1 predicates.go:249] Devices hamivgpu assertion conversion failed, skip
I0906 15:23:53.230431       1 statement.go:307] Allocating operations ...
I0906 15:23:53.230449       1 allocate.go:833] "SubJob ready, return statement" job="volcano-tests/fit-5dd52602-ef88-4172-8ee4-0eb1fc07f5ce" subJob="volcano-tests/fit-5dd52602-ef88-4172-8ee4-0eb1fc07f5ce"
I0906 15:23:53.230455       1 statement.go:393] Committing operations ...
I0906 15:23:53.230474       1 proportion.go:326] Queue <lab> is overused: deserved <cpu 6000.00, memory 67108864.00, ephemeral-storage 0.00, hugepages-1Gi 0.00, hugepages-2Mi 0.00, pods 2.00, volcano.sh/vgpu-cores 0.00, volcano.sh/vgpu-memory 0.00, volcano.sh/vgpu-number 0.00>, allocated <cpu 6000.00, memory 67108864.00, pods 2.00>, share <1>
I0906 15:23:53.230485       1 allocate.go:295] Queue <lab> is overused, ignore it.
I0906 15:23:53.256419       1 cache.go:992] bind ok, latency 9.098016ms
I0906 15:23:53.266438       1 session.go:577] Close Session 3d1b458b-975b-4750-b5e3-65b4ebe8a006
I0906 15:23:54.267466       1 device_info.go:111] GPU sharing mode:  hami-core
I0906 15:23:54.267500       1 device_info.go:113] "Nvidia Device registered name" name="volcano-lab-worker" val={"ID":0,"Node":"volcano-lab-worker","UUID":"GPU-12345678-1234-1234-1234-123456780000","PodMap":{},"Memory":409,"Number":10,"Type":"NVIDIA-NVIDIA A100-SXM4-40GB","Health":true,"UsedNum":0,"UsedMem":0,"UsedCore":0,"MigTemplate":[],"MigUsage":{"Index":-1,"UsageList":null}}
I0906 15:23:54.267522       1 device_info.go:113] "Nvidia Device registered name" name="volcano-lab-worker" val={"ID":1,"Node":"volcano-lab-worker","UUID":"GPU-12345678-1234-1234-1234-123456780001","PodMap":{},"Memory":409,"Number":10,"Type":"NVIDIA-NVIDIA A100-SXM4-40GB","Health":true,"UsedNum":0,"UsedMem":0,"UsedCore":0,"MigTemplate":[],"MigUsage":{"Index":-1,"UsageList":null}}
I0906 15:23:54.267537       1 device_info.go:111] GPU sharing mode:  hami-core
I0906 15:23:54.267551       1 device_info.go:113] "Nvidia Device registered name" name="volcano-lab-worker" val={"ID":0,"Node":"volcano-lab-worker","UUID":"GPU-12345678-1234-1234-1234-123456780000","PodMap":{},"Memory":409,"Number":10,"Type":"NVIDIA-NVIDIA A100-SXM4-40GB","Health":true,"UsedNum":0,"UsedMem":0,"UsedCore":0,"MigTemplate":[],"MigUsage":{"Index":-1,"UsageList":null}}
I0906 15:23:54.267561       1 device_info.go:113] "Nvidia Device registered name" name="volcano-lab-worker" val={"ID":1,"Node":"volcano-lab-worker","UUID":"GPU-12345678-1234-1234-1234-123456780001","PodMap":{},"Memory":409,"Number":10,"Type":"NVIDIA-NVIDIA A100-SXM4-40GB","Health":true,"UsedNum":0,"UsedMem":0,"UsedCore":0,"MigTemplate":[],"MigUsage":{"Index":-1,"UsageList":null}}
E0906 15:23:54.267576       1 device_info.go:189] pod grafana-7c5659d458-xrbnn has no annotation volcano.sh/devices-to-allocate
E0906 15:23:54.267587       1 device_info.go:189] pod volcano-scheduler-65b88bf47-g8js2 has no annotation volcano.sh/devices-to-allocate
E0906 15:23:54.267606       1 device_info.go:189] pod mock1-nvml-mock-9rgh9 has no annotation volcano.sh/devices-to-allocate
E0906 15:23:54.267613       1 device_info.go:189] pod kindnet-k2m7h has no annotation volcano.sh/devices-to-allocate
E0906 15:23:54.267620       1 device_info.go:189] pod volcano-device-plugin-2sg22 has no annotation volcano.sh/devices-to-allocate
E0906 15:23:54.267626       1 device_info.go:189] pod kube-proxy-btcmr has no annotation volcano.sh/devices-to-allocate
E0906 15:23:54.267633       1 device_info.go:189] pod load-worker-0 has no annotation volcano.sh/devices-to-allocate
I0906 15:23:54.267675       1 device_info.go:111] GPU sharing mode:  hami-core
I0906 15:23:54.267687       1 device_info.go:113] "Nvidia Device registered name" name="volcano-lab-worker2" val={"ID":0,"Node":"volcano-lab-worker2","UUID":"GPU-22345678-1234-1234-1234-123456780000","PodMap":{},"Memory":409,"Number":10,"Type":"NVIDIA-NVIDIA A100-SXM4-40GB","Health":true,"UsedNum":0,"UsedMem":0,"UsedCore":0,"MigTemplate":[],"MigUsage":{"Index":-1,"UsageList":null}}
I0906 15:23:54.267709       1 device_info.go:113] "Nvidia Device registered name" name="volcano-lab-worker2" val={"ID":1,"Node":"volcano-lab-worker2","UUID":"GPU-22345678-1234-1234-1234-123456780001","PodMap":{},"Memory":409,"Number":10,"Type":"NVIDIA-NVIDIA A100-SXM4-40GB","Health":true,"UsedNum":0,"UsedMem":0,"UsedCore":0,"MigTemplate":[],"MigUsage":{"Index":-1,"UsageList":null}}
I0906 15:23:54.267730       1 device_info.go:111] GPU sharing mode:  hami-core
I0906 15:23:54.267739       1 device_info.go:113] "Nvidia Device registered name" name="volcano-lab-worker2" val={"ID":1,"Node":"volcano-lab-worker2","UUID":"GPU-22345678-1234-1234-1234-123456780001","PodMap":{},"Memory":409,"Number":10,"Type":"NVIDIA-NVIDIA A100-SXM4-40GB","Health":true,"UsedNum":0,"UsedMem":0,"UsedCore":0,"MigTemplate":[],"MigUsage":{"Index":-1,"UsageList":null}}
I0906 15:23:54.267752       1 device_info.go:113] "Nvidia Device registered name" name="volcano-lab-worker2" val={"ID":0,"Node":"volcano-lab-worker2","UUID":"GPU-22345678-1234-1234-1234-123456780000","PodMap":{},"Memory":409,"Number":10,"Type":"NVIDIA-NVIDIA A100-SXM4-40GB","Health":true,"UsedNum":0,"UsedMem":0,"UsedCore":0,"MigTemplate":[],"MigUsage":{"Index":-1,"UsageList":null}}
E0906 15:23:54.267765       1 device_info.go:189] pod fit-worker-0 has no annotation volcano.sh/devices-to-allocate
E0906 15:23:54.267773       1 device_info.go:189] pod kube-proxy-gwssg has no annotation volcano.sh/devices-to-allocate
E0906 15:23:54.267780       1 device_info.go:189] pod volcano-admission-5b979dc8f6-8rdzl has no annotation volcano.sh/devices-to-allocate
E0906 15:23:54.267787       1 device_info.go:189] pod kindnet-5whpw has no annotation volcano.sh/devices-to-allocate
E0906 15:23:54.267793       1 device_info.go:189] pod kube-state-metrics-5ffcdf767c-gf9d5 has no annotation volcano.sh/devices-to-allocate
E0906 15:23:54.267799       1 device_info.go:189] pod prometheus-deployment-7cb9b4545b-h2fz4 has no annotation volcano.sh/devices-to-allocate
E0906 15:23:54.267805       1 device_info.go:189] pod mock2-nvml-mock-mtnbp has no annotation volcano.sh/devices-to-allocate
E0906 15:23:54.267811       1 device_info.go:189] pod volcano-controllers-5b976c6d4b-rkqw6 has no annotation volcano.sh/devices-to-allocate
E0906 15:23:54.267818       1 device_info.go:189] pod volcano-device-plugin-jj26z has no annotation volcano.sh/devices-to-allocate
I0906 15:23:54.267959       1 cache.go:1581] "SnapShot for scheduling" jobNum=2 QueueNum=3 NodeNum=3
I0906 15:23:54.267997       1 session.go:1036] Start adjusting jobs' network topology spec according to hyperNodeTierNameMap map[]
I0906 15:23:54.268012       1 session.go:1079] Finish adjusting jobs' network topology spec according to hyperNodeTierNameMap map[]
I0906 15:23:54.268027       1 session.go:279] Open Session 01b60273-5d01-4b44-9ff6-b615bc3df1be with <2> Job and <3> Queues. HyperNodesReadyToSchedule: true
I0906 15:23:54.268628       1 gpuexclusive.go:437] gpuexclusive: no rules configured, skipping GPU exclusivity wrapping
I0906 15:23:54.268690       1 enqueue.go:79] Try to enqueue PodGroup to 0 Queues
I0906 15:23:54.268703       1 reclaim.go:68] There are <2> Jobs and <3> Queues in total for scheduling.
I0906 15:23:54.268718       1 proportion.go:326] Queue <lab> is overused: deserved <cpu 6000.00, memory 67108864.00, ephemeral-storage 0.00, hugepages-1Gi 0.00, hugepages-2Mi 0.00, pods 2.00, volcano.sh/vgpu-cores 0.00, volcano.sh/vgpu-memory 0.00, volcano.sh/vgpu-number 0.00>, allocated <cpu 6000.00, memory 67108864.00, pods 2.00>, share <1>
I0906 15:23:54.268743       1 reclaim.go:112] Queue <lab> is overused, ignore it.
I0906 15:23:54.268757       1 allocate.go:138] Try to allocate resource to 0 Queues
I0906 15:23:54.274639       1 session.go:577] Close Session 01b60273-5d01-4b44-9ff6-b615bc3df1be
I0906 15:23:55.274756       1 device_info.go:111] GPU sharing mode:  hami-core
I0906 15:23:55.274782       1 device_info.go:113] "Nvidia Device registered name" name="volcano-lab-worker" val={"ID":0,"Node":"volcano-lab-worker","UUID":"GPU-12345678-1234-1234-1234-123456780000","PodMap":{},"Memory":409,"Number":10,"Type":"NVIDIA-NVIDIA A100-SXM4-40GB","Health":true,"UsedNum":0,"UsedMem":0,"UsedCore":0,"MigTemplate":[],"MigUsage":{"Index":-1,"UsageList":null}}
I0906 15:23:55.274799       1 device_info.go:113] "Nvidia Device registered name" name="volcano-lab-worker" val={"ID":1,"Node":"volcano-lab-worker","UUID":"GPU-12345678-1234-1234-1234-123456780001","PodMap":{},"Memory":409,"Number":10,"Type":"NVIDIA-NVIDIA A100-SXM4-40GB","Health":true,"UsedNum":0,"UsedMem":0,"UsedCore":0,"MigTemplate":[],"MigUsage":{"Index":-1,"UsageList":null}}
I0906 15:23:55.274808       1 device_info.go:111] GPU sharing mode:  hami-core
I0906 15:23:55.274813       1 device_info.go:113] "Nvidia Device registered name" name="volcano-lab-worker" val={"ID":0,"Node":"volcano-lab-worker","UUID":"GPU-12345678-1234-1234-1234-123456780000","PodMap":{},"Memory":409,"Number":10,"Type":"NVIDIA-NVIDIA A100-SXM4-40GB","Health":true,"UsedNum":0,"UsedMem":0,"UsedCore":0,"MigTemplate":[],"MigUsage":{"Index":-1,"UsageList":null}}
I0906 15:23:55.274818       1 device_info.go:113] "Nvidia Device registered name" name="volcano-lab-worker" val={"ID":1,"Node":"volcano-lab-worker","UUID":"GPU-12345678-1234-1234-1234-123456780001","PodMap":{},"Memory":409,"Number":10,"Type":"NVIDIA-NVIDIA A100-SXM4-40GB","Health":true,"UsedNum":0,"UsedMem":0,"UsedCore":0,"MigTemplate":[],"MigUsage":{"Index":-1,"UsageList":null}}
E0906 15:23:55.274831       1 device_info.go:189] pod kube-proxy-btcmr has no annotation volcano.sh/devices-to-allocate
E0906 15:23:55.274842       1 device_info.go:189] pod load-worker-0 has no annotation volcano.sh/devices-to-allocate
E0906 15:23:55.274848       1 device_info.go:189] pod grafana-7c5659d458-xrbnn has no annotation volcano.sh/devices-to-allocate
E0906 15:23:55.274854       1 device_info.go:189] pod volcano-scheduler-65b88bf47-g8js2 has no annotation volcano.sh/devices-to-allocate
E0906 15:23:55.274859       1 device_info.go:189] pod mock1-nvml-mock-9rgh9 has no annotation volcano.sh/devices-to-allocate
E0906 15:23:55.274862       1 device_info.go:189] pod kindnet-k2m7h has no annotation volcano.sh/devices-to-allocate
E0906 15:23:55.274866       1 device_info.go:189] pod volcano-device-plugin-2sg22 has no annotation volcano.sh/devices-to-allocate
I0906 15:23:55.274892       1 device_info.go:111] GPU sharing mode:  hami-core
I0906 15:23:55.274899       1 device_info.go:113] "Nvidia Device registered name" name="volcano-lab-worker2" val={"ID":0,"Node":"volcano-lab-worker2","UUID":"GPU-22345678-1234-1234-1234-123456780000","PodMap":{},"Memory":409,"Number":10,"Type":"NVIDIA-NVIDIA A100-SXM4-40GB","Health":true,"UsedNum":0,"UsedMem":0,"UsedCore":0,"MigTemplate":[],"MigUsage":{"Index":-1,"UsageList":null}}
I0906 15:23:55.274918       1 device_info.go:113] "Nvidia Device registered name" name="volcano-lab-worker2" val={"ID":1,"Node":"volcano-lab-worker2","UUID":"GPU-22345678-1234-1234-1234-123456780001","PodMap":{},"Memory":409,"Number":10,"Type":"NVIDIA-NVIDIA A100-SXM4-40GB","Health":true,"UsedNum":0,"UsedMem":0,"UsedCore":0,"MigTemplate":[],"MigUsage":{"Index":-1,"UsageList":null}}
I0906 15:23:55.274924       1 device_info.go:111] GPU sharing mode:  hami-core
I0906 15:23:55.274928       1 device_info.go:113] "Nvidia Device registered name" name="volcano-lab-worker2" val={"ID":0,"Node":"volcano-lab-worker2","UUID":"GPU-22345678-1234-1234-1234-123456780000","PodMap":{},"Memory":409,"Number":10,"Type":"NVIDIA-NVIDIA A100-SXM4-40GB","Health":true,"UsedNum":0,"UsedMem":0,"UsedCore":0,"MigTemplate":[],"MigUsage":{"Index":-1,"UsageList":null}}
I0906 15:23:55.274933       1 device_info.go:113] "Nvidia Device registered name" name="volcano-lab-worker2" val={"ID":1,"Node":"volcano-lab-worker2","UUID":"GPU-22345678-1234-1234-1234-123456780001","PodMap":{},"Memory":409,"Number":10,"Type":"NVIDIA-NVIDIA A100-SXM4-40GB","Health":true,"UsedNum":0,"UsedMem":0,"UsedCore":0,"MigTemplate":[],"MigUsage":{"Index":-1,"UsageList":null}}
E0906 15:23:55.274940       1 device_info.go:189] pod kube-state-metrics-5ffcdf767c-gf9d5 has no annotation volcano.sh/devices-to-allocate
E0906 15:23:55.274947       1 device_info.go:189] pod prometheus-deployment-7cb9b4545b-h2fz4 has no annotation volcano.sh/devices-to-allocate
E0906 15:23:55.274951       1 device_info.go:189] pod mock2-nvml-mock-mtnbp has no annotation volcano.sh/devices-to-allocate
E0906 15:23:55.274954       1 device_info.go:189] pod volcano-controllers-5b976c6d4b-rkqw6 has no annotation volcano.sh/devices-to-allocate
E0906 15:23:55.274958       1 device_info.go:189] pod volcano-device-plugin-jj26z has no annotation volcano.sh/devices-to-allocate
E0906 15:23:55.274962       1 device_info.go:189] pod fit-worker-0 has no annotation volcano.sh/devices-to-allocate
E0906 15:23:55.274965       1 device_info.go:189] pod kube-proxy-gwssg has no annotation volcano.sh/devices-to-allocate
E0906 15:23:55.274969       1 device_info.go:189] pod volcano-admission-5b979dc8f6-8rdzl has no annotation volcano.sh/devices-to-allocate
E0906 15:23:55.274972       1 device_info.go:189] pod kindnet-5whpw has no annotation volcano.sh/devices-to-allocate
I0906 15:23:55.275126       1 cache.go:1581] "SnapShot for scheduling" jobNum=2 QueueNum=3 NodeNum=3
I0906 15:23:55.275162       1 session.go:1036] Start adjusting jobs' network topology spec according to hyperNodeTierNameMap map[]
I0906 15:23:55.275183       1 session.go:1079] Finish adjusting jobs' network topology spec according to hyperNodeTierNameMap map[]
I0906 15:23:55.275197       1 session.go:279] Open Session 1f81adef-eaa5-4dd1-9678-d266c3914ace with <2> Job and <3> Queues. HyperNodesReadyToSchedule: true
I0906 15:23:55.275696       1 gpuexclusive.go:437] gpuexclusive: no rules configured, skipping GPU exclusivity wrapping
I0906 15:23:55.275736       1 enqueue.go:79] Try to enqueue PodGroup to 0 Queues
I0906 15:23:55.275744       1 reclaim.go:68] There are <2> Jobs and <3> Queues in total for scheduling.
I0906 15:23:55.275753       1 proportion.go:326] Queue <lab> is overused: deserved <cpu 6000.00, memory 67108864.00, ephemeral-storage 0.00, hugepages-1Gi 0.00, hugepages-2Mi 0.00, pods 2.00, volcano.sh/vgpu-cores 0.00, volcano.sh/vgpu-memory 0.00, volcano.sh/vgpu-number 0.00>, allocated <cpu 6000.00, memory 67108864.00, pods 2.00>, share <1>
I0906 15:23:55.275772       1 reclaim.go:112] Queue <lab> is overused, ignore it.
I0906 15:23:55.275785       1 allocate.go:138] Try to allocate resource to 0 Queues
I0906 15:23:55.282894       1 session.go:577] Close Session 1f81adef-eaa5-4dd1-9678-d266c3914ace
