E0906 15:17:14.459342       1 device_info.go:189] pod volcano-device-plugin-2sg22 has no annotation volcano.sh/devices-to-allocate
I0906 15:17:14.459439       1 cache.go:1581] "SnapShot for scheduling" jobNum=1 QueueNum=3 NodeNum=3
I0906 15:17:14.459462       1 session.go:1036] Start adjusting jobs' network topology spec according to hyperNodeTierNameMap map[]
I0906 15:17:14.459481       1 session.go:1079] Finish adjusting jobs' network topology spec according to hyperNodeTierNameMap map[]
I0906 15:17:14.459503       1 session.go:279] Open Session 65531a09-7ef1-477a-88f1-3b4f76530a3c with <1> Job and <3> Queues. HyperNodesReadyToSchedule: true
I0906 15:17:14.459850       1 gpuexclusive.go:437] gpuexclusive: no rules configured, skipping GPU exclusivity wrapping
I0906 15:17:14.459869       1 enqueue.go:79] Try to enqueue PodGroup to 0 Queues
I0906 15:17:14.459876       1 reclaim.go:68] There are <1> Jobs and <3> Queues in total for scheduling.
I0906 15:17:14.459888       1 reclaim.go:140] Considering reclaim for 1 tasks of job <volcano-tests/waiting-c1099719-c45d-4f85-971b-7d8ad5106b85>.
I0906 15:17:14.459937       1 predicate_helper.go:115] Predicates failed: task volcano-tests/waiting-worker-0 on node volcano-lab-control-plane fit failed: node(s) didn't match Pod's node affinity/selector
I0906 15:17:14.459945       1 predicate_helper.go:115] Predicates failed: task volcano-tests/waiting-worker-0 on node volcano-lab-worker2 fit failed: node(s) didn't match Pod's node affinity/selector
I0906 15:17:14.459974       1 util.go:238] counts= [{1 NVIDIA 10 101 1}]
I0906 15:17:14.459995       1 utils.go:399] "Allocating device for container" request={"Nums":1,"Type":"NVIDIA","Memreq":10,"MemPercentagereq":101,"Coresreq":1}
I0906 15:17:14.460010       1 utils.go:402] "Scoring pod request" memReq=10 memPercentageReq=101 coresReq=1 Nums=1 Index=0 ID=0
I0906 15:17:14.460021       1 utils.go:403] "Current Device" Index=0 TotalMemory=409 UsedMemory=0 UsedCores=0 UsedNum=0 Number=10 replicate=true
I0906 15:17:14.460029       1 utils.go:449] fitted uuid: GPU-12345678-1234-1234-1234-123456780001
I0906 15:17:14.460042       1 reclaim.go:185] Considering Task <volcano-tests/waiting-worker-0> on Node <volcano-lab-worker>.
I0906 15:17:14.460060       1 reclaim.go:135] No preemptor task in job <volcano-tests/waiting-c1099719-c45d-4f85-971b-7d8ad5106b85>.
I0906 15:17:14.460070       1 statement.go:366] Discarding operations ...
I0906 15:17:14.460086       1 allocate.go:138] Try to allocate resource to 1 Queues
I0906 15:17:14.460099       1 allocate.go:328] "Try to allocate resource" queue="lab" job="volcano-tests/waiting-c1099719-c45d-4f85-971b-7d8ad5106b85" taskNum=1
I0906 15:17:14.460115       1 allocate.go:757] There are <3> nodes for Job <volcano-tests/waiting-c1099719-c45d-4f85-971b-7d8ad5106b85>
I0906 15:17:14.460144       1 predicate_helper.go:115] Predicates failed: task volcano-tests/waiting-worker-0 on node volcano-lab-control-plane fit failed: Insufficient volcano.sh/vgpu-cores
I0906 15:17:14.460177       1 util.go:238] counts= [{1 NVIDIA 10 101 1}]
I0906 15:17:14.460189       1 utils.go:399] "Allocating device for container" request={"Nums":1,"Type":"NVIDIA","Memreq":10,"MemPercentagereq":101,"Coresreq":1}
I0906 15:17:14.460200       1 utils.go:402] "Scoring pod request" memReq=10 memPercentageReq=101 coresReq=1 Nums=1 Index=0 ID=0
I0906 15:17:14.460197       1 predicate_helper.go:115] Predicates failed: task volcano-tests/waiting-worker-0 on node volcano-lab-worker2 fit failed: node(s) didn't match Pod's node affinity/selector
I0906 15:17:14.460209       1 utils.go:403] "Current Device" Index=0 TotalMemory=409 UsedMemory=0 UsedCores=0 UsedNum=0 Number=10 replicate=true
I0906 15:17:14.460216       1 utils.go:449] fitted uuid: GPU-12345678-1234-1234-1234-123456780001
I0906 15:17:14.460228       1 allocate.go:934] Binding Task <volcano-tests/waiting-worker-0> to node <volcano-lab-worker>
E0906 15:17:14.460243       1 device_info.go:189] pod waiting-worker-0 has no annotation volcano.sh/devices-to-allocate
I0906 15:17:14.460250       1 statement.go:277] After allocated Task <volcano-tests/waiting-worker-0> to Node <volcano-lab-worker>: idle <cpu 11290.00, memory 27959619584.00, ephemeral-storage 1005867986944000.00, hugepages-1Gi 0.00, hugepages-2Mi 0.00, pods 103.00, volcano.sh/vgpu-cores 199000.00, volcano.sh/vgpu-memory 808000.00, volcano.sh/vgpu-number 19000.00>, used <cpu 710.00, memory 1193279488.00, pods 7.00, volcano.sh/vgpu-cores 1000.00, volcano.sh/vgpu-memory 10000.00, volcano.sh/vgpu-number 1000.00>, releasing <cpu 0.00, memory 0.00>
I0906 15:17:14.460291       1 util.go:238] counts= [{1 NVIDIA 10 101 1}]
I0906 15:17:14.460300       1 utils.go:399] "Allocating device for container" request={"Nums":1,"Type":"NVIDIA","Memreq":10,"MemPercentagereq":101,"Coresreq":1}
I0906 15:17:14.460311       1 utils.go:402] "Scoring pod request" memReq=10 memPercentageReq=101 coresReq=1 Nums=1 Index=0 ID=0
I0906 15:17:14.460320       1 utils.go:403] "Current Device" Index=0 TotalMemory=409 UsedMemory=0 UsedCores=0 UsedNum=0 Number=10 replicate=false
I0906 15:17:14.460328       1 utils.go:449] fitted uuid: GPU-12345678-1234-1234-1234-123456780001
I0906 15:17:14.470099       1 device_info.go:343] DeviceSharing:Allocate Success
I0906 15:17:14.470162       1 statement.go:307] Allocating operations ...
I0906 15:17:14.470202       1 allocate.go:833] "SubJob ready, return statement" job="volcano-tests/waiting-c1099719-c45d-4f85-971b-7d8ad5106b85" subJob="volcano-tests/waiting-c1099719-c45d-4f85-971b-7d8ad5106b85"
I0906 15:17:14.470211       1 statement.go:393] Committing operations ...
I0906 15:17:14.470258       1 proportion.go:326] Queue <lab> is overused: deserved <cpu 100.00, memory 33554432.00, ephemeral-storage 0.00, hugepages-1Gi 0.00, hugepages-2Mi 0.00, pods 1.00, volcano.sh/vgpu-cores 1000.00, volcano.sh/vgpu-memory 10000.00, volcano.sh/vgpu-number 1000.00>, allocated <cpu 100.00, memory 33554432.00, pods 1.00, volcano.sh/vgpu-cores 1000.00, volcano.sh/vgpu-memory 10000.00, volcano.sh/vgpu-number 1000.00>, share <1>
I0906 15:17:14.470276       1 allocate.go:295] Queue <lab> is overused, ignore it.
E0906 15:17:14.480682       1 device_info.go:159] pod waiting-worker-0 has no annotation volcano.sh/devices-to-allocate
I0906 15:17:14.487901       1 cache.go:992] bind ok, latency 6.99542ms
I0906 15:17:14.501969       1 session.go:577] Close Session 65531a09-7ef1-477a-88f1-3b4f76530a3c
I0906 15:17:15.502174       1 device_info.go:111] GPU sharing mode:  hami-core
I0906 15:17:15.502217       1 device_info.go:113] "Nvidia Device registered name" name="volcano-lab-worker2" val={"ID":0,"Node":"volcano-lab-worker2","UUID":"GPU-22345678-1234-1234-1234-123456780000","PodMap":{},"Memory":409,"Number":10,"Type":"NVIDIA-NVIDIA A100-SXM4-40GB","Health":true,"UsedNum":0,"UsedMem":0,"UsedCore":0,"MigTemplate":[],"MigUsage":{"Index":-1,"UsageList":null}}
I0906 15:17:15.502245       1 device_info.go:113] "Nvidia Device registered name" name="volcano-lab-worker2" val={"ID":1,"Node":"volcano-lab-worker2","UUID":"GPU-22345678-1234-1234-1234-123456780001","PodMap":{},"Memory":409,"Number":10,"Type":"NVIDIA-NVIDIA A100-SXM4-40GB","Health":true,"UsedNum":0,"UsedMem":0,"UsedCore":0,"MigTemplate":[],"MigUsage":{"Index":-1,"UsageList":null}}
I0906 15:17:15.502268       1 device_info.go:111] GPU sharing mode:  hami-core
I0906 15:17:15.502288       1 device_info.go:113] "Nvidia Device registered name" name="volcano-lab-worker2" val={"ID":0,"Node":"volcano-lab-worker2","UUID":"GPU-22345678-1234-1234-1234-123456780000","PodMap":{},"Memory":409,"Number":10,"Type":"NVIDIA-NVIDIA A100-SXM4-40GB","Health":true,"UsedNum":0,"UsedMem":0,"UsedCore":0,"MigTemplate":[],"MigUsage":{"Index":-1,"UsageList":null}}
I0906 15:17:15.502300       1 device_info.go:113] "Nvidia Device registered name" name="volcano-lab-worker2" val={"ID":1,"Node":"volcano-lab-worker2","UUID":"GPU-22345678-1234-1234-1234-123456780001","PodMap":{},"Memory":409,"Number":10,"Type":"NVIDIA-NVIDIA A100-SXM4-40GB","Health":true,"UsedNum":0,"UsedMem":0,"UsedCore":0,"MigTemplate":[],"MigUsage":{"Index":-1,"UsageList":null}}
E0906 15:17:15.502324       1 device_info.go:189] pod kube-state-metrics-5ffcdf767c-gf9d5 has no annotation volcano.sh/devices-to-allocate
E0906 15:17:15.502337       1 device_info.go:189] pod kube-proxy-gwssg has no annotation volcano.sh/devices-to-allocate
E0906 15:17:15.502348       1 device_info.go:189] pod volcano-admission-5b979dc8f6-8rdzl has no annotation volcano.sh/devices-to-allocate
E0906 15:17:15.502361       1 device_info.go:189] pod mock2-nvml-mock-mtnbp has no annotation volcano.sh/devices-to-allocate
E0906 15:17:15.502371       1 device_info.go:189] pod volcano-device-plugin-jj26z has no annotation volcano.sh/devices-to-allocate
E0906 15:17:15.502380       1 device_info.go:189] pod volcano-controllers-5b976c6d4b-rkqw6 has no annotation volcano.sh/devices-to-allocate
E0906 15:17:15.502389       1 device_info.go:189] pod prometheus-deployment-7cb9b4545b-h2fz4 has no annotation volcano.sh/devices-to-allocate
E0906 15:17:15.502401       1 device_info.go:189] pod kindnet-5whpw has no annotation volcano.sh/devices-to-allocate
I0906 15:17:15.502509       1 device_info.go:111] GPU sharing mode:  hami-core
I0906 15:17:15.502525       1 device_info.go:113] "Nvidia Device registered name" name="volcano-lab-worker" val={"ID":0,"Node":"volcano-lab-worker","UUID":"GPU-12345678-1234-1234-1234-123456780001","PodMap":{},"Memory":409,"Number":10,"Type":"NVIDIA-NVIDIA A100-SXM4-40GB","Health":true,"UsedNum":0,"UsedMem":0,"UsedCore":0,"MigTemplate":[],"MigUsage":{"Index":-1,"UsageList":null}}
I0906 15:17:15.502542       1 device_info.go:113] "Nvidia Device registered name" name="volcano-lab-worker" val={"ID":1,"Node":"volcano-lab-worker","UUID":"GPU-12345678-1234-1234-1234-123456780000","PodMap":{},"Memory":409,"Number":10,"Type":"NVIDIA-NVIDIA A100-SXM4-40GB","Health":true,"UsedNum":0,"UsedMem":0,"UsedCore":0,"MigTemplate":[],"MigUsage":{"Index":-1,"UsageList":null}}
I0906 15:17:15.502550       1 device_info.go:111] GPU sharing mode:  hami-core
I0906 15:17:15.502556       1 device_info.go:113] "Nvidia Device registered name" name="volcano-lab-worker" val={"ID":0,"Node":"volcano-lab-worker","UUID":"GPU-12345678-1234-1234-1234-123456780001","PodMap":{},"Memory":409,"Number":10,"Type":"NVIDIA-NVIDIA A100-SXM4-40GB","Health":true,"UsedNum":0,"UsedMem":0,"UsedCore":0,"MigTemplate":[],"MigUsage":{"Index":-1,"UsageList":null}}
I0906 15:17:15.502563       1 device_info.go:113] "Nvidia Device registered name" name="volcano-lab-worker" val={"ID":1,"Node":"volcano-lab-worker","UUID":"GPU-12345678-1234-1234-1234-123456780000","PodMap":{},"Memory":409,"Number":10,"Type":"NVIDIA-NVIDIA A100-SXM4-40GB","Health":true,"UsedNum":0,"UsedMem":0,"UsedCore":0,"MigTemplate":[],"MigUsage":{"Index":-1,"UsageList":null}}
E0906 15:17:15.502572       1 device_info.go:189] pod kindnet-k2m7h has no annotation volcano.sh/devices-to-allocate
E0906 15:17:15.502577       1 device_info.go:189] pod mock1-nvml-mock-9rgh9 has no annotation volcano.sh/devices-to-allocate
E0906 15:17:15.502581       1 device_info.go:189] pod grafana-7c5659d458-xrbnn has no annotation volcano.sh/devices-to-allocate
E0906 15:17:15.502585       1 device_info.go:189] pod volcano-scheduler-688d74cc46-cj9pg has no annotation volcano.sh/devices-to-allocate
E0906 15:17:15.502589       1 device_info.go:189] pod kube-proxy-btcmr has no annotation volcano.sh/devices-to-allocate
E0906 15:17:15.502593       1 device_info.go:189] pod volcano-device-plugin-2sg22 has no annotation volcano.sh/devices-to-allocate
I0906 15:17:15.502672       1 cache.go:1581] "SnapShot for scheduling" jobNum=1 QueueNum=3 NodeNum=3
I0906 15:17:15.502685       1 session.go:1036] Start adjusting jobs' network topology spec according to hyperNodeTierNameMap map[]
I0906 15:17:15.502694       1 session.go:1079] Finish adjusting jobs' network topology spec according to hyperNodeTierNameMap map[]
I0906 15:17:15.502705       1 session.go:279] Open Session a3dd1da7-f3f8-4046-8813-62166986d079 with <1> Job and <3> Queues. HyperNodesReadyToSchedule: true
I0906 15:17:15.503630       1 gpuexclusive.go:437] gpuexclusive: no rules configured, skipping GPU exclusivity wrapping
I0906 15:17:15.503663       1 enqueue.go:79] Try to enqueue PodGroup to 0 Queues
I0906 15:17:15.503672       1 reclaim.go:68] There are <1> Jobs and <3> Queues in total for scheduling.
I0906 15:17:15.503685       1 proportion.go:326] Queue <lab> is overused: deserved <cpu 100.00, memory 33554432.00, ephemeral-storage 0.00, hugepages-1Gi 0.00, hugepages-2Mi 0.00, pods 1.00, volcano.sh/vgpu-cores 1000.00, volcano.sh/vgpu-memory 10000.00, volcano.sh/vgpu-number 1000.00>, allocated <cpu 100.00, memory 33554432.00, pods 1.00, volcano.sh/vgpu-cores 1000.00, volcano.sh/vgpu-memory 10000.00, volcano.sh/vgpu-number 1000.00>, share <1>
I0906 15:17:15.503730       1 reclaim.go:112] Queue <lab> is overused, ignore it.
I0906 15:17:15.503748       1 allocate.go:138] Try to allocate resource to 0 Queues
I0906 15:17:15.513427       1 session.go:577] Close Session a3dd1da7-f3f8-4046-8813-62166986d079
I0906 15:17:16.513817       1 device_info.go:111] GPU sharing mode:  hami-core
I0906 15:17:16.513866       1 device_info.go:113] "Nvidia Device registered name" name="volcano-lab-worker" val={"ID":0,"Node":"volcano-lab-worker","UUID":"GPU-12345678-1234-1234-1234-123456780001","PodMap":{},"Memory":409,"Number":10,"Type":"NVIDIA-NVIDIA A100-SXM4-40GB","Health":true,"UsedNum":0,"UsedMem":0,"UsedCore":0,"MigTemplate":[],"MigUsage":{"Index":-1,"UsageList":null}}
I0906 15:17:16.513889       1 device_info.go:113] "Nvidia Device registered name" name="volcano-lab-worker" val={"ID":1,"Node":"volcano-lab-worker","UUID":"GPU-12345678-1234-1234-1234-123456780000","PodMap":{},"Memory":409,"Number":10,"Type":"NVIDIA-NVIDIA A100-SXM4-40GB","Health":true,"UsedNum":0,"UsedMem":0,"UsedCore":0,"MigTemplate":[],"MigUsage":{"Index":-1,"UsageList":null}}
I0906 15:17:16.513904       1 device_info.go:111] GPU sharing mode:  hami-core
I0906 15:17:16.513913       1 device_info.go:113] "Nvidia Device registered name" name="volcano-lab-worker" val={"ID":0,"Node":"volcano-lab-worker","UUID":"GPU-12345678-1234-1234-1234-123456780001","PodMap":{},"Memory":409,"Number":10,"Type":"NVIDIA-NVIDIA A100-SXM4-40GB","Health":true,"UsedNum":0,"UsedMem":0,"UsedCore":0,"MigTemplate":[],"MigUsage":{"Index":-1,"UsageList":null}}
I0906 15:17:16.513922       1 device_info.go:113] "Nvidia Device registered name" name="volcano-lab-worker" val={"ID":1,"Node":"volcano-lab-worker","UUID":"GPU-12345678-1234-1234-1234-123456780000","PodMap":{},"Memory":409,"Number":10,"Type":"NVIDIA-NVIDIA A100-SXM4-40GB","Health":true,"UsedNum":0,"UsedMem":0,"UsedCore":0,"MigTemplate":[],"MigUsage":{"Index":-1,"UsageList":null}}
E0906 15:17:16.513942       1 device_info.go:189] pod volcano-scheduler-688d74cc46-cj9pg has no annotation volcano.sh/devices-to-allocate
E0906 15:17:16.513950       1 device_info.go:189] pod kube-proxy-btcmr has no annotation volcano.sh/devices-to-allocate
E0906 15:17:16.513971       1 device_info.go:189] pod volcano-device-plugin-2sg22 has no annotation volcano.sh/devices-to-allocate
E0906 15:17:16.513994       1 device_info.go:189] pod kindnet-k2m7h has no annotation volcano.sh/devices-to-allocate
E0906 15:17:16.514001       1 device_info.go:189] pod mock1-nvml-mock-9rgh9 has no annotation volcano.sh/devices-to-allocate
E0906 15:17:16.514007       1 device_info.go:189] pod grafana-7c5659d458-xrbnn has no annotation volcano.sh/devices-to-allocate
I0906 15:17:16.514045       1 device_info.go:111] GPU sharing mode:  hami-core
I0906 15:17:16.514068       1 device_info.go:113] "Nvidia Device registered name" name="volcano-lab-worker2" val={"ID":0,"Node":"volcano-lab-worker2","UUID":"GPU-22345678-1234-1234-1234-123456780000","PodMap":{},"Memory":409,"Number":10,"Type":"NVIDIA-NVIDIA A100-SXM4-40GB","Health":true,"UsedNum":0,"UsedMem":0,"UsedCore":0,"MigTemplate":[],"MigUsage":{"Index":-1,"UsageList":null}}
I0906 15:17:16.514082       1 device_info.go:113] "Nvidia Device registered name" name="volcano-lab-worker2" val={"ID":1,"Node":"volcano-lab-worker2","UUID":"GPU-22345678-1234-1234-1234-123456780001","PodMap":{},"Memory":409,"Number":10,"Type":"NVIDIA-NVIDIA A100-SXM4-40GB","Health":true,"UsedNum":0,"UsedMem":0,"UsedCore":0,"MigTemplate":[],"MigUsage":{"Index":-1,"UsageList":null}}
I0906 15:17:16.514093       1 device_info.go:111] GPU sharing mode:  hami-core
I0906 15:17:16.514097       1 device_info.go:113] "Nvidia Device registered name" name="volcano-lab-worker2" val={"ID":0,"Node":"volcano-lab-worker2","UUID":"GPU-22345678-1234-1234-1234-123456780000","PodMap":{},"Memory":409,"Number":10,"Type":"NVIDIA-NVIDIA A100-SXM4-40GB","Health":true,"UsedNum":0,"UsedMem":0,"UsedCore":0,"MigTemplate":[],"MigUsage":{"Index":-1,"UsageList":null}}
I0906 15:17:16.514103       1 device_info.go:113] "Nvidia Device registered name" name="volcano-lab-worker2" val={"ID":1,"Node":"volcano-lab-worker2","UUID":"GPU-22345678-1234-1234-1234-123456780001","PodMap":{},"Memory":409,"Number":10,"Type":"NVIDIA-NVIDIA A100-SXM4-40GB","Health":true,"UsedNum":0,"UsedMem":0,"UsedCore":0,"MigTemplate":[],"MigUsage":{"Index":-1,"UsageList":null}}
E0906 15:17:16.514115       1 device_info.go:189] pod volcano-admission-5b979dc8f6-8rdzl has no annotation volcano.sh/devices-to-allocate
E0906 15:17:16.514120       1 device_info.go:189] pod mock2-nvml-mock-mtnbp has no annotation volcano.sh/devices-to-allocate
E0906 15:17:16.514124       1 device_info.go:189] pod volcano-device-plugin-jj26z has no annotation volcano.sh/devices-to-allocate
E0906 15:17:16.514127       1 device_info.go:189] pod volcano-controllers-5b976c6d4b-rkqw6 has no annotation volcano.sh/devices-to-allocate
E0906 15:17:16.514131       1 device_info.go:189] pod prometheus-deployment-7cb9b4545b-h2fz4 has no annotation volcano.sh/devices-to-allocate
E0906 15:17:16.514134       1 device_info.go:189] pod kindnet-5whpw has no annotation volcano.sh/devices-to-allocate
E0906 15:17:16.514138       1 device_info.go:189] pod kube-state-metrics-5ffcdf767c-gf9d5 has no annotation volcano.sh/devices-to-allocate
E0906 15:17:16.514143       1 device_info.go:189] pod kube-proxy-gwssg has no annotation volcano.sh/devices-to-allocate
I0906 15:17:16.514236       1 cache.go:1581] "SnapShot for scheduling" jobNum=1 QueueNum=3 NodeNum=3
I0906 15:17:16.514249       1 session.go:1036] Start adjusting jobs' network topology spec according to hyperNodeTierNameMap map[]
I0906 15:17:16.514257       1 session.go:1079] Finish adjusting jobs' network topology spec according to hyperNodeTierNameMap map[]
I0906 15:17:16.514267       1 session.go:279] Open Session 5527049b-1258-4f62-9fd4-b83c67297ee9 with <1> Job and <3> Queues. HyperNodesReadyToSchedule: true
I0906 15:17:16.514746       1 gpuexclusive.go:437] gpuexclusive: no rules configured, skipping GPU exclusivity wrapping
I0906 15:17:16.514773       1 enqueue.go:79] Try to enqueue PodGroup to 0 Queues
I0906 15:17:16.514781       1 reclaim.go:68] There are <1> Jobs and <3> Queues in total for scheduling.
I0906 15:17:16.514793       1 proportion.go:326] Queue <lab> is overused: deserved <cpu 100.00, memory 33554432.00, ephemeral-storage 0.00, hugepages-1Gi 0.00, hugepages-2Mi 0.00, pods 1.00, volcano.sh/vgpu-cores 1000.00, volcano.sh/vgpu-memory 10000.00, volcano.sh/vgpu-number 1000.00>, allocated <cpu 100.00, memory 33554432.00, pods 1.00, volcano.sh/vgpu-cores 1000.00, volcano.sh/vgpu-memory 10000.00, volcano.sh/vgpu-number 1000.00>, share <1>
I0906 15:17:16.514817       1 reclaim.go:112] Queue <lab> is overused, ignore it.
I0906 15:17:16.514833       1 allocate.go:138] Try to allocate resource to 0 Queues
I0906 15:17:16.524150       1 session.go:577] Close Session 5527049b-1258-4f62-9fd4-b83c67297ee9
