🚚 Downloading tools..
go: downloading sigs.k8s.io/controller-tools v0.20.1
golangci/golangci-lint info checking GitHub for tag 'v2.12.2'
go: downloading golang.org/x/vuln v1.7.0
golangci/golangci-lint info found version: 2.12.2 for v2.12.2/linux/amd64
go: downloading golang.org/x/telemetry v0.0.0-20260811182544-a038080d80e5
go: downloading golang.org/x/mod v0.39.0
go: downloading golang.org/x/tools v0.49.0
go: downloading github.com/fatih/color v1.18.0
go: downloading golang.org/x/tools v0.40.0
go: downloading github.com/spf13/cobra v1.10.2
go: downloading k8s.io/api v0.35.0
go: downloading k8s.io/apimachinery v0.35.0
go: downloading gopkg.in/yaml.v3 v3.0.1
go: downloading k8s.io/apiextensions-apiserver v0.35.0
go: downloading github.com/gobuffalo/flect v1.0.3
go: downloading k8s.io/utils v0.0.0-20251002143259-bc988d571ff4
go: downloading k8s.io/gengo/v2 v2.0.0-20250922181213-ec3ebc5fd46b
go: downloading k8s.io/code-generator v0.35.0
go: downloading gopkg.in/yaml.v2 v2.4.0
go: downloading go.yaml.in/yaml/v2 v2.4.3
go: downloading github.com/mattn/go-colorable v0.1.13
go: downloading github.com/mattn/go-isatty v0.0.20
go: downloading github.com/spf13/pflag v1.0.10
go: downloading k8s.io/klog/v2 v2.130.1
go: downloading k8s.io/kube-openapi v0.0.0-20250910181357-589584f1c912
go: downloading sigs.k8s.io/structured-merge-diff/v6 v6.3.0
go: downloading golang.org/x/sync v0.19.0
go: downloading golang.org/x/text v0.32.0
go: downloading golang.org/x/mod v0.31.0
go: downloading github.com/fxamacker/cbor/v2 v2.9.0
go: downloading golang.org/x/net v0.48.0
go: downloading go.yaml.in/yaml/v3 v3.0.4
go: downloading google.golang.org/protobuf v1.36.8
go: downloading golang.org/x/sys v0.39.0
golangci/golangci-lint info installed /work/tmp/bin/golangci-lint
go: downloading github.com/go-openapi/jsonreference v0.20.2
go: downloading github.com/go-openapi/swag v0.23.0
go: downloading github.com/go-openapi/jsonpointer v0.21.0
go: downloading github.com/mailru/easyjson v0.7.7
go: downloading github.com/josharian/intern v1.0.0
Generating NVML Bridge..
2026/09/06 15:04:58 Parsed 412 C prototypes from /go/pkg/mod/github.com/!n!v!i!d!i!a/go-nvml@v0.13.3-1/pkg/nvml/nvml.h
2026/09/06 15:04:58 Found 413 total NVML functions
2026/09/06 15:04:58 Found 161 existing implementations
2026/09/06 15:04:58 Generating 260 stub functions
2026/09/06 15:04:58 Generated 260 stubs with correct signatures, 0 without
2026/09/06 15:04:58 Successfully generated stubs_generated.go
Generating deepcopy for ./internal/controlplane/api/.....
Generating CRD manifests into deployments/mokka-crds/helm/mokka-crds/templates..
🔧 Tidying go.mod..
go: downloading github.com/brianvoe/gofakeit/v7 v7.12.1
go: downloading github.com/pmezard/go-difflib v1.0.1-0.20181226105442-5d4384ee4fb2
go: downloading github.com/prometheus/procfs v0.21.1
go: downloading go.opentelemetry.io/otel v1.44.0
go: downloading go.opentelemetry.io/otel/sdk/metric v1.44.0
go: downloading github.com/joshdk/go-junit v1.0.0
go: downloading github.com/gkampitakis/go-snaps v0.5.15
go: downloading github.com/mfridman/tparse v0.18.0
go: downloading github.com/golang/protobuf v1.5.4
go: downloading go.opentelemetry.io/otel/sdk v1.44.0
go: downloading go.opentelemetry.io/otel/metric v1.44.0
go: downloading go.opentelemetry.io/otel/trace v1.44.0
go: downloading gonum.org/v1/gonum v0.17.0
go: downloading github.com/gkampitakis/ciinfo v0.3.2
go: downloading github.com/gkampitakis/go-diff v1.3.2
go: downloading github.com/kr/pretty v0.3.1
go: downloading github.com/goccy/go-yaml v1.18.0
go: downloading github.com/maruel/natural v1.1.1
go: downloading github.com/tidwall/gjson v1.18.0
go: downloading github.com/tidwall/pretty v1.2.1
go: downloading github.com/stretchr/objx v0.5.3
go: downloading github.com/tidwall/sjson v1.2.5
go: downloading github.com/go-openapi/testify/v2 v2.6.0
go: downloading github.com/go-logr/stdr v1.2.2
go: downloading go.opentelemetry.io/auto/sdk v1.2.1
go: downloading github.com/cespare/xxhash/v2 v2.3.0
go: downloading github.com/go-openapi/swag/jsonutils/fixtures_test v0.27.1
go: downloading github.com/go-openapi/testify/enable/yaml/v2 v2.6.0
go: downloading github.com/kr/text v0.2.0
go: downloading github.com/rogpeppe/go-internal v1.14.1
go: downloading github.com/tidwall/match v1.1.1
🔧 golangci-lint --fix..
0 issues.
🧹 Vetting..
🛡️ govulncheck..
=== Symbol Results ===

No vulnerabilities found.

Your code is affected by 0 vulnerabilities.
This scan also found 0 vulnerabilities in packages you import and 2
vulnerabilities in modules you require, but your code doesn't appear to call
these vulnerabilities.
Use '-show verbose' for more details.
