[CUDA] cuGetProcAddress_v2(, 0, 0): status=1
[CUDA] cuGetProcAddress_v2(cuInit, 2000, 0): status=0
[CUDA] cuGetProcAddress_v2(cuGetProcAddress, 11030, 0): status=0
[CUDA] cuGetProcAddress_v2(cuGetProcAddress, 12000, 0): status=0
[CUDA] cuGetProcAddress_v2(cuDeviceGet, 2000, 0): status=1
[CUDA] cuGetProcAddress_v2(cuDeviceGetCount, 2000, 0): status=1
[CUDA] cuGetProcAddress_v2(cuDeviceGetName, 2000, 0): status=1
[CUDA] cuGetProcAddress_v2(cuDeviceTotalMem, 3020, 0): status=1
[CUDA] cuGetProcAddress_v2(cuDeviceGetAttribute, 2000, 0): status=1
[CUDA] cuGetProcAddress_v2(cuDeviceGetP2PAttribute, 8000, 0): status=1
[CUDA] cuGetProcAddress_v2(cuDriverGetVersion, 2020, 0): status=0
[CUDA] cuGetProcAddress_v2(cuDeviceGetByPCIBusId, 4010, 0): status=1
[CUDA] cuGetProcAddress_v2(cuDeviceGetPCIBusId, 4010, 0): status=1
[CUDA] cuGetProcAddress_v2(cuDeviceGetUuid, 9020, 0): status=1
[CUDA] cuGetProcAddress_v2(cuDeviceGetTexture1DLinearMaxWidth, 11010, 0): status=1
[CUDA] cuGetProcAddress_v2(cuDeviceGetDefaultMemPool, 11020, 0): status=1
[CUDA] cuGetProcAddress_v2(cuDeviceSetMemPool, 11020, 0): status=1
[CUDA] cuGetProcAddress_v2(cuDeviceGetMemPool, 11020, 0): status=1
[CUDA] cuGetProcAddress_v2(cuFlushGPUDirectRDMAWrites, 11030, 0): status=1
[CUDA] cuGetProcAddress_v2(cuDevicePrimaryCtxRetain, 7000, 0): status=1
[CUDA] cuGetProcAddress_v2(cuDevicePrimaryCtxRelease, 7000, 0): status=1
[CUDA] cuGetProcAddress_v2(cuDevicePrimaryCtxSetFlags, 11000, 0): status=1
[CUDA] cuGetProcAddress_v2(cuDevicePrimaryCtxGetState, 7000, 0): status=1
[CUDA] cuGetProcAddress_v2(cuDevicePrimaryCtxReset, 7000, 0): status=1
[CUDA] cuGetProcAddress_v2(cuCtxCreate, 3020, 0): status=1
[CUDA] cuGetProcAddress_v2(cuCtxGetFlags, 7000, 0): status=1
[CUDA] cuGetProcAddress_v2(cuCtxSetCurrent, 4000, 0): status=1
[CUDA] cuGetProcAddress_v2(cuCtxGetCurrent, 4000, 0): status=1
[CUDA] cuGetProcAddress_v2(cuCtxDetach, 2000, 0): status=1
[CUDA] cuGetProcAddress_v2(cuCtxGetApiVersion, 3020, 0): status=1
[CUDA] cuGetProcAddress_v2(cuCtxGetDevice, 2000, 0): status=1
[CUDA] cuGetProcAddress_v2(cuCtxGetLimit, 3010, 0): status=1
[CUDA] cuGetProcAddress_v2(cuCtxSetLimit, 3010, 0): status=1
[CUDA] cuGetProcAddress_v2(cuCtxGetCacheConfig, 3020, 0): status=1
[CUDA] cuGetProcAddress_v2(cuCtxSetCacheConfig, 3020, 0): status=1
[CUDA] cuGetProcAddress_v2(cuCtxGetSharedMemConfig, 4020, 0): status=1
[CUDA] cuGetProcAddress_v2(cuCtxGetStreamPriorityRange, 5050, 0): status=1
[CUDA] cuGetProcAddress_v2(cuCtxSetSharedMemConfig, 4020, 0): status=1
[CUDA] cuGetProcAddress_v2(cuCtxSynchronize, 2000, 0): status=1
[CUDA] cuGetProcAddress_v2(cuCtxResetPersistingL2Cache, 11000, 0): status=1
[CUDA] cuGetProcAddress_v2(cuCtxPopCurrent, 4000, 0): status=1
[CUDA] cuGetProcAddress_v2(cuCtxPushCurrent, 4000, 0): status=1
[CUDA] cuGetProcAddress_v2(cuModuleLoad, 2000, 0): status=1
[CUDA] cuGetProcAddress_v2(cuModuleLoadData, 2000, 0): status=1
[CUDA] cuGetProcAddress_v2(cuModuleLoadFatBinary, 2000, 0): status=1
[CUDA] cuGetProcAddress_v2(cuModuleUnload, 2000, 0): status=1
[CUDA] cuGetProcAddress_v2(cuModuleGetFunction, 2000, 0): status=1
[CUDA] cuGetProcAddress_v2(cuModuleGetGlobal, 3020, 0): status=1
[CUDA] cuGetProcAddress_v2(cuModuleGetTexRef, 2000, 0): status=1
[CUDA] cuGetProcAddress_v2(cuModuleGetSurfRef, 3000, 0): status=1
[CUDA] cuGetProcAddress_v2(cuModuleGetLoadingMode, 11070, 0): status=1
[CUDA] cuGetProcAddress_v2(cuLibraryLoadData, 12000, 0): status=1
[CUDA] cuGetProcAddress_v2(cuLibraryLoadFromFile, 12000, 0): status=1
[CUDA] cuGetProcAddress_v2(cuLibraryUnload, 12000, 0): status=1
[CUDA] cuGetProcAddress_v2(cuLibraryGetKernel, 12000, 0): status=1
[CUDA] cuGetProcAddress_v2(cuLibraryGetModule, 12000, 0): status=1
[CUDA] cuGetProcAddress_v2(cuKernelGetFunction, 12000, 0): status=1
[CUDA] cuGetProcAddress_v2(cuLibraryGetGlobal, 12000, 0): status=1
[CUDA] cuGetProcAddress_v2(cuLibraryGetManaged, 12000, 0): status=1
[CUDA] cuGetProcAddress_v2(cuKernelGetAttribute, 12000, 0): status=1
[CUDA] cuGetProcAddress_v2(cuKernelSetAttribute, 12000, 0): status=1
[CUDA] cuGetProcAddress_v2(cuKernelSetCacheConfig, 12000, 0): status=1
[CUDA] cuGetProcAddress_v2(cuKernelGetName, 12030, 0): status=1
[CUDA] cuGetProcAddress_v2(cuKernelGetParamInfo, 12040, 0): status=1
[CUDA] cuGetProcAddress_v2(cuLinkCreate, 5050, 0): status=1
[CUDA] cuGetProcAddress_v2(cuLinkAddData, 5050, 0): status=1
[CUDA] cuGetProcAddress_v2(cuLinkAddFile, 5050, 0): status=1
[CUDA] cuGetProcAddress_v2(cuLinkComplete, 5050, 0): status=1
[CUDA] cuGetProcAddress_v2(cuLinkDestroy, 5050, 0): status=1
[CUDA] cuGetProcAddress_v2(cuMemGetInfo, 3020, 0): status=1
[CUDA] cuGetProcAddress_v2(cuMemAllocManaged, 6000, 0): status=1
[CUDA] cuGetProcAddress_v2(cuMemAlloc, 3020, 0): status=1
[CUDA] cuGetProcAddress_v2(cuMemAllocPitch, 3020, 0): status=1
[CUDA] cuGetProcAddress_v2(cuMemFree, 3020, 0): status=1
[CUDA] cuGetProcAddress_v2(cuMemGetAddressRange, 3020, 0): status=1
[CUDA] cuGetProcAddress_v2(cuMemFreeHost, 2000, 0): status=1
[CUDA] cuGetProcAddress_v2(cuMemHostAlloc, 2020, 0): status=1
[CUDA] cuGetProcAddress_v2(cuMemHostGetDevicePointer, 3020, 0): status=1
[CUDA] cuGetProcAddress_v2(cuMemHostGetFlags, 2030, 0): status=1
[CUDA] cuGetProcAddress_v2(cuMemHostRegister, 6050, 0): status=1
[CUDA] cuGetProcAddress_v2(cuMemHostUnregister, 4000, 0): status=1
[CUDA] cuGetProcAddress_v2(cuPointerGetAttribute, 4000, 0): status=1
[CUDA] cuGetProcAddress_v2(cuPointerGetAttributes, 7000, 0): status=1
[CUDA] cuGetProcAddress_v2(cuMemAllocAsync, 11020, 0): status=1
[CUDA] cuGetProcAddress_v2(cuMemAllocAsync, 11020, 2): status=1
[CUDA] cuGetProcAddress_v2(cuMemAllocFromPoolAsync, 11020, 0): status=1
[CUDA] cuGetProcAddress_v2(cuMemAllocFromPoolAsync, 11020, 2): status=1
[CUDA] cuGetProcAddress_v2(cuMemFreeAsync, 11020, 0): status=1
[CUDA] cuGetProcAddress_v2(cuMemFreeAsync, 11020, 2): status=1
[CUDA] cuGetProcAddress_v2(cuMemPoolTrimTo, 11020, 0): status=1
[CUDA] cuGetProcAddress_v2(cuMemPoolSetAttribute, 11020, 0): status=1
[CUDA] cuGetProcAddress_v2(cuMemPoolGetAttribute, 11020, 0): status=1
[CUDA] cuGetProcAddress_v2(cuMemPoolSetAccess, 11020, 0): status=1
[CUDA] cuGetProcAddress_v2(cuMemPoolGetAccess, 11020, 0): status=1
[CUDA] cuGetProcAddress_v2(cuMemPoolCreate, 11020, 0): status=1
[CUDA] cuGetProcAddress_v2(cuMemPoolDestroy, 11020, 0): status=1
[CUDA] cuGetProcAddress_v2(cuMemPoolExportToShareableHandle, 11020, 0): status=1
[CUDA] cuGetProcAddress_v2(cuMemPoolImportFromShareableHandle, 11020, 0): status=1
[CUDA] cuGetProcAddress_v2(cuMemPoolExportPointer, 11020, 0): status=1
[CUDA] cuGetProcAddress_v2(cuMemPoolImportPointer, 11020, 0): status=1
[CUDA] cuGetProcAddress_v2(cuMemcpy, 4000, 0): status=1
[CUDA] cuGetProcAddress_v2(cuMemcpy, 7000, 2): status=1
[CUDA] cuGetProcAddress_v2(cuMemcpyAsync, 4000, 0): status=1
[CUDA] cuGetProcAddress_v2(cuMemcpyAsync, 7000, 2): status=1
[CUDA] cuGetProcAddress_v2(cuMemcpyPeer, 4000, 0): status=1
[CUDA] cuGetProcAddress_v2(cuMemcpyPeer, 7000, 2): status=1
[CUDA] cuGetProcAddress_v2(cuMemcpyPeerAsync, 4000, 0): status=1
[CUDA] cuGetProcAddress_v2(cuMemcpyPeerAsync, 7000, 2): status=1
[CUDA] cuGetProcAddress_v2(cuMemcpyHtoD, 3020, 0): status=1
[CUDA] cuGetProcAddress_v2(cuMemcpyHtoD, 7000, 2): status=1
[CUDA] cuGetProcAddress_v2(cuMemcpyHtoDAsync, 3020, 0): status=1
[CUDA] cuGetProcAddress_v2(cuMemcpyHtoDAsync, 7000, 2): status=1
[CUDA] cuGetProcAddress_v2(cuMemcpyDtoH, 3020, 0): status=1
[CUDA] cuGetProcAddress_v2(cuMemcpyDtoH, 7000, 2): status=1
[CUDA] cuGetProcAddress_v2(cuMemcpyDtoHAsync, 3020, 0): status=1
[CUDA] cuGetProcAddress_v2(cuMemcpyDtoHAsync, 7000, 2): status=1
[CUDA] cuGetProcAddress_v2(cuMemcpyDtoD, 3020, 0): status=1
[CUDA] cuGetProcAddress_v2(cuMemcpyDtoD, 7000, 2): status=1
[CUDA] cuGetProcAddress_v2(cuMemcpyDtoDAsync, 3020, 0): status=1
[CUDA] cuGetProcAddress_v2(cuMemcpyDtoDAsync, 7000, 2): status=1
[CUDA] cuGetProcAddress_v2(cuMemcpy2DUnaligned, 3020, 0): status=1
[CUDA] cuGetProcAddress_v2(cuMemcpy2DUnaligned, 7000, 2): status=1
[CUDA] cuGetProcAddress_v2(cuMemcpy2DAsync, 3020, 0): status=1
[CUDA] cuGetProcAddress_v2(cuMemcpy2DAsync, 7000, 2): status=1
[CUDA] cuGetProcAddress_v2(cuMemcpy3D, 3020, 0): status=1
[CUDA] cuGetProcAddress_v2(cuMemcpy3D, 7000, 2): status=1
[CUDA] cuGetProcAddress_v2(cuMemcpy3DAsync, 3020, 0): status=1
[CUDA] cuGetProcAddress_v2(cuMemcpy3DAsync, 7000, 2): status=1
[CUDA] cuGetProcAddress_v2(cuMemcpy3DPeer, 4000, 0): status=1
[CUDA] cuGetProcAddress_v2(cuMemcpy3DPeer, 7000, 2): status=1
[CUDA] cuGetProcAddress_v2(cuMemcpy3DPeerAsync, 4000, 0): status=1
[CUDA] cuGetProcAddress_v2(cuMemcpy3DPeerAsync, 7000, 2): status=1
[CUDA] cuGetProcAddress_v2(cuMemsetD8, 3020, 0): status=1
[CUDA] cuGetProcAddress_v2(cuMemsetD8, 7000, 2): status=1
[CUDA] cuGetProcAddress_v2(cuMemsetD8Async, 3020, 0): status=1
[CUDA] cuGetProcAddress_v2(cuMemsetD8Async, 7000, 2): status=1
[CUDA] cuGetProcAddress_v2(cuMemsetD2D8, 3020, 0): status=1
[CUDA] cuGetProcAddress_v2(cuMemsetD2D8, 7000, 2): status=1
[CUDA] cuGetProcAddress_v2(cuMemsetD2D8Async, 3020, 0): status=1
[CUDA] cuGetProcAddress_v2(cuMemsetD2D8Async, 7000, 2): status=1
[CUDA] cuGetProcAddress_v2(cuFuncSetCacheConfig, 3000, 0): status=1
[CUDA] cuGetProcAddress_v2(cuFuncSetSharedMemConfig, 4020, 0): status=1
[CUDA] cuGetProcAddress_v2(cuFuncGetAttribute, 2020, 0): status=1
[CUDA] cuGetProcAddress_v2(cuFuncSetAttribute, 9000, 0): status=1
[CUDA] cuGetProcAddress_v2(cuFuncGetName, 12030, 0): status=1
[CUDA] cuGetProcAddress_v2(cuFuncGetParamInfo, 12040, 0): status=1
[CUDA] cuGetProcAddress_v2(cuArrayCreate, 3020, 0): status=1
[CUDA] cuGetProcAddress_v2(cuArrayGetDescriptor, 3020, 0): status=1
[CUDA] cuGetProcAddress_v2(cuArrayGetSparseProperties, 11010, 0): status=1
[CUDA] cuGetProcAddress_v2(cuArrayGetPlane, 11020, 0): status=1
[CUDA] cuGetProcAddress_v2(cuArray3DCreate, 3020, 0): status=1
[CUDA] cuGetProcAddress_v2(cuArray3DGetDescriptor, 3020, 0): status=1
[CUDA] cuGetProcAddress_v2(cuArrayDestroy, 2000, 0): status=1
[CUDA] cuGetProcAddress_v2(cuMipmappedArrayCreate, 5000, 0): status=1
[CUDA] cuGetProcAddress_v2(cuMipmappedArrayGetLevel, 5000, 0): status=1
[CUDA] cuGetProcAddress_v2(cuMipmappedArrayGetSparseProperties, 11010, 0): status=1
[CUDA] cuGetProcAddress_v2(cuMipmappedArrayDestroy, 5000, 0): status=1
[CUDA] cuGetProcAddress_v2(cuArrayGetMemoryRequirements, 11060, 0): status=1
[CUDA] cuGetProcAddress_v2(cuMipmappedArrayGetMemoryRequirements, 11060, 0): status=1
[CUDA] cuGetProcAddress_v2(cuTexObjectCreate, 5000, 0): status=1
[CUDA] cuGetProcAddress_v2(cuTexObjectDestroy, 5000, 0): status=1
[CUDA] cuGetProcAddress_v2(cuTexObjectGetResourceDesc, 5000, 0): status=1
[CUDA] cuGetProcAddress_v2(cuTexObjectGetTextureDesc, 5000, 0): status=1
[CUDA] cuGetProcAddress_v2(cuTexObjectGetResourceViewDesc, 5000, 0): status=1
[CUDA] cuGetProcAddress_v2(cuSurfObjectCreate, 5000, 0): status=1
[CUDA] cuGetProcAddress_v2(cuSurfObjectDestroy, 5000, 0): status=1
[CUDA] cuGetProcAddress_v2(cuSurfObjectGetResourceDesc, 5000, 0): status=1
[CUDA] cuGetProcAddress_v2(cuImportExternalMemory, 10000, 0): status=1
[CUDA] cuGetProcAddress_v2(cuExternalMemoryGetMappedBuffer, 10000, 0): status=1
[CUDA] cuGetProcAddress_v2(cuExternalMemoryGetMappedMipmappedArray, 10000, 0): status=1
[CUDA] cuGetProcAddress_v2(cuDestroyExternalMemory, 10000, 0): status=1
[CUDA] cuGetProcAddress_v2(cuImportExternalSemaphore, 10000, 0): status=1
[CUDA] cuGetProcAddress_v2(cuSignalExternalSemaphoresAsync, 10000, 0): status=1
[CUDA] cuGetProcAddress_v2(cuSignalExternalSemaphoresAsync, 10000, 2): status=1
[CUDA] cuGetProcAddress_v2(cuWaitExternalSemaphoresAsync, 10000, 0): status=1
[CUDA] cuGetProcAddress_v2(cuWaitExternalSemaphoresAsync, 10000, 2): status=1
[CUDA] cuGetProcAddress_v2(cuDestroyExternalSemaphore, 10000, 0): status=1
[CUDA] cuGetProcAddress_v2(cuDeviceGetNvSciSyncAttributes, 10020, 0): status=1
[CUDA] cuGetProcAddress_v2(cuLaunchKernel, 4000, 0): status=1
[CUDA] cuGetProcAddress_v2(cuLaunchKernel, 7000, 2): status=1
[CUDA] cuGetProcAddress_v2(cuLaunchCooperativeKernel, 9000, 0): status=1
[CUDA] cuGetProcAddress_v2(cuLaunchCooperativeKernel, 9000, 2): status=1
[CUDA] cuGetProcAddress_v2(cuLaunchCooperativeKernelMultiDevice, 9000, 0): status=1
[CUDA] cuGetProcAddress_v2(cuLaunchHostFunc, 10000, 0): status=1
[CUDA] cuGetProcAddress_v2(cuLaunchHostFunc, 10000, 2): status=1
[CUDA] cuGetProcAddress_v2(cuLaunchKernelEx, 11060, 0): status=1
[CUDA] cuGetProcAddress_v2(cuLaunchKernelEx, 11060, 2): status=1
[CUDA] cuGetProcAddress_v2(cuEventCreate, 2000, 0): status=1
[CUDA] cuGetProcAddress_v2(cuEventRecord, 2000, 0): status=1
[CUDA] cuGetProcAddress_v2(cuEventRecord, 7000, 2): status=1
[CUDA] cuGetProcAddress_v2(cuEventRecordWithFlags, 11010, 0): status=1
[CUDA] cuGetProcAddress_v2(cuEventRecordWithFlags, 11010, 2): status=1
[CUDA] cuGetProcAddress_v2(cuEventQuery, 2000, 0): status=1
[CUDA] cuGetProcAddress_v2(cuEventSynchronize, 2000, 0): status=1
[CUDA] cuGetProcAddress_v2(cuEventDestroy, 4000, 0): status=1
[CUDA] cuGetProcAddress_v2(cuEventElapsedTime, 2000, 0): status=1
[CUDA] cuGetProcAddress_v2(cuStreamWaitValue32, 8000, 0): status=1
[CUDA] cuGetProcAddress_v2(cuStreamWaitValue32, 8000, 2): status=1
[CUDA] cuGetProcAddress_v2(cuStreamWriteValue32, 8000, 0): status=1
[CUDA] cuGetProcAddress_v2(cuStreamWriteValue32, 8000, 2): status=1
[CUDA] cuGetProcAddress_v2(cuStreamWaitValue64, 9000, 0): status=1
[CUDA] cuGetProcAddress_v2(cuStreamWaitValue64, 9000, 2): status=1
[CUDA] cuGetProcAddress_v2(cuStreamWriteValue64, 9000, 0): status=1
[CUDA] cuGetProcAddress_v2(cuStreamWriteValue64, 9000, 2): status=1
[CUDA] cuGetProcAddress_v2(cuStreamBatchMemOp, 8000, 0): status=1
[CUDA] cuGetProcAddress_v2(cuStreamBatchMemOp, 8000, 2): status=1
[CUDA] cuGetProcAddress_v2(cuStreamCreate, 2000, 0): status=1
[CUDA] cuGetProcAddress_v2(cuStreamCreateWithPriority, 5050, 0): status=1
[CUDA] cuGetProcAddress_v2(cuStreamGetPriority, 5050, 0): status=1
[CUDA] cuGetProcAddress_v2(cuStreamGetPriority, 7000, 2): status=1
[CUDA] cuGetProcAddress_v2(cuStreamGetFlags, 5050, 0): status=1
[CUDA] cuGetProcAddress_v2(cuStreamGetCtx, 9020, 0): status=1
[CUDA] cuGetProcAddress_v2(cuStreamGetFlags, 7000, 2): status=1
[CUDA] cuGetProcAddress_v2(cuStreamGetId, 12000, 0): status=1
[CUDA] cuGetProcAddress_v2(cuStreamGetId, 12000, 2): status=1
[CUDA] cuGetProcAddress_v2(cuStreamDestroy, 4000, 0): status=1
[CUDA] cuGetProcAddress_v2(cuStreamWaitEvent, 3020, 0): status=1
[CUDA] cuGetProcAddress_v2(cuStreamWaitEvent, 7000, 2): status=1
[CUDA] cuGetProcAddress_v2(cuStreamAddCallback, 5000, 0): status=1
[CUDA] cuGetProcAddress_v2(cuStreamAddCallback, 7000, 2): status=1
[CUDA] cuGetProcAddress_v2(cuStreamSynchronize, 2000, 0): status=1
[CUDA] cuGetProcAddress_v2(cuStreamSynchronize, 7000, 2): status=1
[CUDA] cuGetProcAddress_v2(cuStreamQuery, 2000, 0): status=1
[CUDA] cuGetProcAddress_v2(cuStreamQuery, 7000, 2): status=1
[CUDA] cuGetProcAddress_v2(cuStreamAttachMemAsync, 6000, 0): status=1
[CUDA] cuGetProcAddress_v2(cuStreamAttachMemAsync, 7000, 2): status=1
[CUDA] cuGetProcAddress_v2(cuStreamCopyAttributes, 11000, 0): status=1
[CUDA] cuGetProcAddress_v2(cuStreamCopyAttributes, 11000, 2): status=1
[CUDA] cuGetProcAddress_v2(cuStreamGetAttribute, 11000, 0): status=1
[CUDA] cuGetProcAddress_v2(cuStreamGetAttribute, 11000, 2): status=1
[CUDA] cuGetProcAddress_v2(cuStreamSetAttribute, 11000, 0): status=1
[CUDA] cuGetProcAddress_v2(cuStreamSetAttribute, 11000, 2): status=1
[CUDA] cuGetProcAddress_v2(cuDeviceCanAccessPeer, 4000, 0): status=1
[CUDA] cuGetProcAddress_v2(cuCtxEnablePeerAccess, 4000, 0): status=1
[CUDA] cuGetProcAddress_v2(cuCtxDisablePeerAccess, 4000, 0): status=1
[CUDA] cuGetProcAddress_v2(cuIpcGetEventHandle, 4010, 0): status=1
[CUDA] cuGetProcAddress_v2(cuIpcOpenEventHandle, 4010, 0): status=1
[CUDA] cuGetProcAddress_v2(cuIpcGetMemHandle, 4010, 0): status=1
[CUDA] cuGetProcAddress_v2(cuIpcOpenMemHandle, 4010, 0): status=1
[CUDA] cuGetProcAddress_v2(cuIpcOpenMemHandle, 11000, 0): status=1
[CUDA] cuGetProcAddress_v2(cuIpcCloseMemHandle, 4010, 0): status=1
[CUDA] cuGetProcAddress_v2(cuGLCtxCreate, 3020, 0): status=1
[CUDA] cuGetProcAddress_v2(cuGLInit, 2000, 0): status=1
[CUDA] cuGetProcAddress_v2(cuGLGetDevices, 4010, 0): status=1
[CUDA] cuGetProcAddress_v2(cuGLRegisterBufferObject, 2000, 0): status=1
[CUDA] cuGetProcAddress_v2(cuGLMapBufferObject, 3020, 0): status=1
[CUDA] cuGetProcAddress_v2(cuGLMapBufferObject, 7000, 2): status=1
[CUDA] cuGetProcAddress_v2(cuGLMapBufferObjectAsync, 3020, 0): status=1
[CUDA] cuGetProcAddress_v2(cuGLMapBufferObjectAsync, 7000, 2): status=1
[CUDA] cuGetProcAddress_v2(cuGLUnmapBufferObject, 2000, 0): status=1
[CUDA] cuGetProcAddress_v2(cuGLUnmapBufferObjectAsync, 2030, 0): status=1
[CUDA] cuGetProcAddress_v2(cuGLUnregisterBufferObject, 2000, 0): status=1
[CUDA] cuGetProcAddress_v2(cuGLSetBufferObjectMapFlags, 2030, 0): status=1
[CUDA] cuGetProcAddress_v2(cuGraphicsGLRegisterImage, 3000, 0): status=1
[CUDA] cuGetProcAddress_v2(cuGraphicsGLRegisterBuffer, 3000, 0): status=1
[CUDA] cuGetProcAddress_v2(cuGraphicsEGLRegisterImage, 7000, 0): status=1
[CUDA] cuGetProcAddress_v2(cuEGLStreamConsumerConnect, 7000, 0): status=1
[CUDA] cuGetProcAddress_v2(cuEGLStreamConsumerDisconnect, 7000, 0): status=1
[CUDA] cuGetProcAddress_v2(cuEGLStreamConsumerAcquireFrame, 7000, 0): status=1
[CUDA] cuGetProcAddress_v2(cuEGLStreamConsumerReleaseFrame, 7000, 0): status=1
[CUDA] cuGetProcAddress_v2(cuEGLStreamProducerConnect, 7000, 0): status=1
[CUDA] cuGetProcAddress_v2(cuEGLStreamProducerDisconnect, 7000, 0): status=1
[CUDA] cuGetProcAddress_v2(cuEGLStreamProducerPresentFrame, 7000, 0): status=1
[CUDA] cuGetProcAddress_v2(cuEGLStreamProducerReturnFrame, 7000, 0): status=1
[CUDA] cuGetProcAddress_v2(cuGraphicsResourceGetMappedEglFrame, 7000, 0): status=1
[CUDA] cuGetProcAddress_v2(cuEGLStreamConsumerConnectWithFlags, 8000, 0): status=1
[CUDA] cuGetProcAddress_v2(cuGraphicsUnregisterResource, 3000, 0): status=1
[CUDA] cuGetProcAddress_v2(cuGraphicsMapResources, 3000, 0): status=1
[CUDA] cuGetProcAddress_v2(cuGraphicsMapResources, 7000, 2): status=1
[CUDA] cuGetProcAddress_v2(cuGraphicsUnmapResources, 3000, 0): status=1
[CUDA] cuGetProcAddress_v2(cuGraphicsUnmapResources, 7000, 2): status=1
[CUDA] cuGetProcAddress_v2(cuGraphicsResourceSetMapFlags, 6050, 0): status=1
[CUDA] cuGetProcAddress_v2(cuGraphicsSubResourceGetMappedArray, 3000, 0): status=1
[CUDA] cuGetProcAddress_v2(cuGraphicsResourceGetMappedMipmappedArray, 5000, 0): status=1
[CUDA] cuGetProcAddress_v2(cuGraphicsResourceGetMappedPointer, 3020, 0): status=1
[CUDA] cuGetProcAddress_v2(cuProfilerInitialize, 4000, 0): status=1
[CUDA] cuGetProcAddress_v2(cuProfilerStart, 4000, 0): status=1
[CUDA] cuGetProcAddress_v2(cuProfilerStop, 4000, 0): status=1
[CUDA] cuGetProcAddress_v2(cuVDPAUGetDevice, 3010, 0): status=1
[CUDA] cuGetProcAddress_v2(cuVDPAUCtxCreate, 3020, 0): status=1
[CUDA] cuGetProcAddress_v2(cuGraphicsVDPAURegisterVideoSurface, 3010, 0): status=1
[CUDA] cuGetProcAddress_v2(cuGraphicsVDPAURegisterOutputSurface, 3010, 0): status=1
[CUDA] cuGetProcAddress_v2(cuGetExportTable, 3000, 0): status=1
[CUDA] cuGetProcAddress_v2(cuOccupancyMaxActiveBlocksPerMultiprocessorWithFlags, 7000, 0): status=1
[CUDA] cuGetProcAddress_v2(cuOccupancyAvailableDynamicSMemPerBlock, 10020, 0): status=1
[CUDA] cuGetProcAddress_v2(cuOccupancyMaxPotentialClusterSize, 11070, 0): status=1
[CUDA] cuGetProcAddress_v2(cuOccupancyMaxActiveClusters, 11070, 0): status=1
[CUDA] cuGetProcAddress_v2(cuMemAdvise, 8000, 0): status=1
[CUDA] cuGetProcAddress_v2(cuMemPrefetchAsync, 8000, 0): status=1
[CUDA] cuGetProcAddress_v2(cuMemPrefetchAsync, 8000, 2): status=1
[CUDA] cuGetProcAddress_v2(cuMemAdvise, 12020, 0): status=1
[CUDA] cuGetProcAddress_v2(cuMemPrefetchAsync, 12020, 0): status=1
[CUDA] cuGetProcAddress_v2(cuMemPrefetchAsync, 12020, 2): status=1
[CUDA] cuGetProcAddress_v2(cuMemRangeGetAttribute, 8000, 0): status=1
[CUDA] cuGetProcAddress_v2(cuMemRangeGetAttributes, 8000, 0): status=1
[CUDA] cuGetProcAddress_v2(cuGetErrorString, 6000, 0): status=1
[CUDA] cuGetProcAddress_v2(cuGetErrorName, 6000, 0): status=1
[CUDA] cuGetProcAddress_v2(cuGraphCreate, 10000, 0): status=1
[CUDA] cuGetProcAddress_v2(cuGraphAddKernelNode, 12000, 0): status=1
[CUDA] cuGetProcAddress_v2(cuGraphKernelNodeGetParams, 12000, 0): status=1
[CUDA] cuGetProcAddress_v2(cuGraphKernelNodeSetParams, 12000, 0): status=1
[CUDA] cuGetProcAddress_v2(cuGraphAddMemcpyNode, 10000, 0): status=1
[CUDA] cuGetProcAddress_v2(cuGraphMemcpyNodeGetParams, 10000, 0): status=1
[CUDA] cuGetProcAddress_v2(cuGraphMemcpyNodeSetParams, 10000, 0): status=1
[CUDA] cuGetProcAddress_v2(cuGraphAddMemsetNode, 10000, 0): status=1
[CUDA] cuGetProcAddress_v2(cuGraphMemsetNodeGetParams, 10000, 0): status=1
[CUDA] cuGetProcAddress_v2(cuGraphMemsetNodeSetParams, 10000, 0): status=1
[CUDA] cuGetProcAddress_v2(cuGraphAddHostNode, 10000, 0): status=1
[CUDA] cuGetProcAddress_v2(cuGraphHostNodeGetParams, 10000, 0): status=1
[CUDA] cuGetProcAddress_v2(cuGraphHostNodeSetParams, 10000, 0): status=1
[CUDA] cuGetProcAddress_v2(cuGraphAddChildGraphNode, 10000, 0): status=1
[CUDA] cuGetProcAddress_v2(cuGraphChildGraphNodeGetGraph, 10000, 0): status=1
[CUDA] cuGetProcAddress_v2(cuGraphAddEmptyNode, 10000, 0): status=1
[CUDA] cuGetProcAddress_v2(cuGraphAddEventRecordNode, 11010, 0): status=1
[CUDA] cuGetProcAddress_v2(cuGraphEventRecordNodeGetEvent, 11010, 0): status=1
[CUDA] cuGetProcAddress_v2(cuGraphEventRecordNodeSetEvent, 11010, 0): status=1
[CUDA] cuGetProcAddress_v2(cuGraphAddEventWaitNode, 11010, 0): status=1
[CUDA] cuGetProcAddress_v2(cuGraphEventWaitNodeGetEvent, 11010, 0): status=1
[CUDA] cuGetProcAddress_v2(cuGraphEventWaitNodeSetEvent, 11010, 0): status=1
[CUDA] cuGetProcAddress_v2(cuGraphAddExternalSemaphoresSignalNode, 11020, 0): status=1
[CUDA] cuGetProcAddress_v2(cuGraphExternalSemaphoresSignalNodeGetParams, 11020, 0): status=1
[CUDA] cuGetProcAddress_v2(cuGraphExternalSemaphoresSignalNodeSetParams, 11020, 0): status=1
[CUDA] cuGetProcAddress_v2(cuGraphAddExternalSemaphoresWaitNode, 11020, 0): status=1
[CUDA] cuGetProcAddress_v2(cuGraphExternalSemaphoresWaitNodeGetParams, 11020, 0): status=1
[CUDA] cuGetProcAddress_v2(cuGraphExternalSemaphoresWaitNodeSetParams, 11020, 0): status=1
[CUDA] cuGetProcAddress_v2(cuGraphExecExternalSemaphoresSignalNodeSetParams, 11020, 0): status=1
[CUDA] cuGetProcAddress_v2(cuGraphExecExternalSemaphoresWaitNodeSetParams, 11020, 0): status=1
[CUDA] cuGetProcAddress_v2(cuGraphAddMemAllocNode, 11040, 0): status=1
[CUDA] cuGetProcAddress_v2(cuGraphMemAllocNodeGetParams, 11040, 0): status=1
[CUDA] cuGetProcAddress_v2(cuGraphAddMemFreeNode, 11040, 0): status=1
[CUDA] cuGetProcAddress_v2(cuGraphMemFreeNodeGetParams, 11040, 0): status=1
[CUDA] cuGetProcAddress_v2(cuDeviceGraphMemTrim, 11040, 0): status=1
[CUDA] cuGetProcAddress_v2(cuDeviceGetGraphMemAttribute, 11040, 0): status=1
[CUDA] cuGetProcAddress_v2(cuDeviceSetGraphMemAttribute, 11040, 0): status=1
[CUDA] cuGetProcAddress_v2(cuGraphClone, 10000, 0): status=1
[CUDA] cuGetProcAddress_v2(cuGraphNodeFindInClone, 10000, 0): status=1
[CUDA] cuGetProcAddress_v2(cuGraphNodeGetType, 10000, 0): status=1
[CUDA] cuGetProcAddress_v2(cuGraphGetNodes, 10000, 0): status=1
[CUDA] cuGetProcAddress_v2(cuGraphGetRootNodes, 10000, 0): status=1
[CUDA] cuGetProcAddress_v2(cuGraphGetEdges, 10000, 0): status=1
[CUDA] cuGetProcAddress_v2(cuGraphGetEdges, 12030, 0): status=1
[CUDA] cuGetProcAddress_v2(cuGraphNodeGetDependencies, 10000, 0): status=1
[CUDA] cuGetProcAddress_v2(cuGraphNodeGetDependencies, 12030, 0): status=1
[CUDA] cuGetProcAddress_v2(cuGraphNodeGetDependentNodes, 10000, 0): status=1
[CUDA] cuGetProcAddress_v2(cuGraphNodeGetDependentNodes, 12030, 0): status=1
[CUDA] cuGetProcAddress_v2(cuGraphAddDependencies, 10000, 0): status=1
[CUDA] cuGetProcAddress_v2(cuGraphAddDependencies, 12030, 0): status=1
[CUDA] cuGetProcAddress_v2(cuGraphRemoveDependencies, 10000, 0): status=1
[CUDA] cuGetProcAddress_v2(cuGraphRemoveDependencies, 12030, 0): status=1
[CUDA] cuGetProcAddress_v2(cuGraphDestroyNode, 10000, 0): status=1
[CUDA] cuGetProcAddress_v2(cuGraphInstantiate, 10000, 0): status=1
[CUDA] cuGetProcAddress_v2(cuGraphInstantiate, 11000, 0): status=1
[CUDA] cuGetProcAddress_v2(cuGraphInstantiateWithFlags, 11040, 0): status=1
[CUDA] cuGetProcAddress_v2(cuGraphUpload, 11010, 0): status=1
[CUDA] cuGetProcAddress_v2(cuGraphUpload, 11010, 2): status=1
[CUDA] cuGetProcAddress_v2(cuGraphLaunch, 10000, 0): status=1
[CUDA] cuGetProcAddress_v2(cuGraphLaunch, 10000, 2): status=1
[CUDA] cuGetProcAddress_v2(cuGraphExecDestroy, 10000, 0): status=1
[CUDA] cuGetProcAddress_v2(cuGraphDestroy, 10000, 0): status=1
[CUDA] cuGetProcAddress_v2(cuStreamBeginCapture, 10000, 0): status=1
[CUDA] cuGetProcAddress_v2(cuStreamBeginCapture, 10000, 2): status=1
[CUDA] cuGetProcAddress_v2(cuStreamBeginCapture, 10010, 0): status=1
[CUDA] cuGetProcAddress_v2(cuStreamBeginCapture, 10010, 2): status=1
[CUDA] cuGetProcAddress_v2(cuStreamBeginCaptureToGraph, 12030, 0): status=1
[CUDA] cuGetProcAddress_v2(cuStreamBeginCaptureToGraph, 12030, 2): status=1
[CUDA] cuGetProcAddress_v2(cuStreamEndCapture, 10000, 0): status=1
[CUDA] cuGetProcAddress_v2(cuStreamEndCapture, 10000, 2): status=1
[CUDA] cuGetProcAddress_v2(cuStreamIsCapturing, 10000, 0): status=1
[CUDA] cuGetProcAddress_v2(cuStreamIsCapturing, 10000, 2): status=1
[CUDA] cuGetProcAddress_v2(cuStreamGetCaptureInfo, 10010, 0): status=1
[CUDA] cuGetProcAddress_v2(cuStreamGetCaptureInfo, 10010, 2): status=1
[CUDA] cuGetProcAddress_v2(cuStreamGetCaptureInfo, 11030, 0): status=1
[CUDA] cuGetProcAddress_v2(cuStreamGetCaptureInfo, 11030, 2): status=1
[CUDA] cuGetProcAddress_v2(cuStreamGetCaptureInfo, 12030, 0): status=1
[CUDA] cuGetProcAddress_v2(cuStreamGetCaptureInfo, 12030, 2): status=1
[CUDA] cuGetProcAddress_v2(cuStreamUpdateCaptureDependencies, 11030, 0): status=1
[CUDA] cuGetProcAddress_v2(cuStreamUpdateCaptureDependencies, 11030, 2): status=1
[CUDA] cuGetProcAddress_v2(cuStreamUpdateCaptureDependencies, 12030, 0): status=1
[CUDA] cuGetProcAddress_v2(cuStreamUpdateCaptureDependencies, 12030, 2): status=1
[CUDA] cuGetProcAddress_v2(cuGraphExecKernelNodeSetParams, 12000, 0): status=1
[CUDA] cuGetProcAddress_v2(cuGraphExecMemcpyNodeSetParams, 10020, 0): status=1
[CUDA] cuGetProcAddress_v2(cuGraphExecMemsetNodeSetParams, 10020, 0): status=1
[CUDA] cuGetProcAddress_v2(cuGraphExecHostNodeSetParams, 10020, 0): status=1
[CUDA] cuGetProcAddress_v2(cuGraphExecChildGraphNodeSetParams, 11010, 0): status=1
[CUDA] cuGetProcAddress_v2(cuGraphExecEventRecordNodeSetEvent, 11010, 0): status=1
[CUDA] cuGetProcAddress_v2(cuGraphExecEventWaitNodeSetEvent, 11010, 0): status=1
[CUDA] cuGetProcAddress_v2(cuThreadExchangeStreamCaptureMode, 10010, 0): status=1
[CUDA] cuGetProcAddress_v2(cuGraphExecUpdate, 12000, 0): status=1
[CUDA] cuGetProcAddress_v2(cuGraphKernelNodeCopyAttributes, 11000, 0): status=1
[CUDA] cuGetProcAddress_v2(cuGraphKernelNodeGetAttribute, 11000, 0): status=1
[CUDA] cuGetProcAddress_v2(cuGraphKernelNodeSetAttribute, 11000, 0): status=1
[CUDA] cuGetProcAddress_v2(cuGraphDebugDotPrint, 11030, 0): status=1
[CUDA] cuGetProcAddress_v2(cuUserObjectCreate, 11030, 0): status=1
[CUDA] cuGetProcAddress_v2(cuUserObjectRetain, 11030, 0): status=1
[CUDA] cuGetProcAddress_v2(cuUserObjectRelease, 11030, 0): status=1
[CUDA] cuGetProcAddress_v2(cuGraphRetainUserObject, 11030, 0): status=1
[CUDA] cuGetProcAddress_v2(cuGraphReleaseUserObject, 11030, 0): status=1
[CUDA] cuGetProcAddress_v2(cuGraphNodeSetEnabled, 11060, 0): status=1
[CUDA] cuGetProcAddress_v2(cuGraphNodeGetEnabled, 11060, 0): status=1
[CUDA] cuGetProcAddress_v2(cuGraphInstantiateWithParams, 12000, 0): status=1
[CUDA] cuGetProcAddress_v2(cuGraphInstantiateWithParams, 12000, 2): status=1
[CUDA] cuGetProcAddress_v2(cuGraphExecGetFlags, 12000, 0): status=1
[CUDA] cuGetProcAddress_v2(cuGraphAddNode, 12020, 0): status=1
[CUDA] cuGetProcAddress_v2(cuGraphAddNode, 12030, 0): status=1
[CUDA] cuGetProcAddress_v2(cuGraphNodeSetParams, 12020, 0): status=1
[CUDA] cuGetProcAddress_v2(cuGraphExecNodeSetParams, 12020, 0): status=1
[CUDA] cuGetProcAddress_v2(cuGraphConditionalHandleCreate, 12030, 0): status=1
[CUDA] cuGetProcAddress_v2(cuDeviceRegisterAsyncNotification, 12040, 0): status=1
[CUDA] cuGetProcAddress_v2(cuDeviceUnregisterAsyncNotification, 12040, 0): status=1
[CUDA] cudaDriverGetVersion -> 12080
[CUDA] cuInit(0) -> SUCCESS
Failed to allocate device vector A (error code API call is not supported in the installed CUDA driver)!
[Vector addition of 50000 elements]
