I0906 15:18:11.649725       1 device_info.go:111] GPU sharing mode:  hami-core
I0906 15:18:11.649734       1 device_info.go:113] "Nvidia Device registered name" name="volcano-lab-worker2" val={"ID":0,"Node":"volcano-lab-worker2","UUID":"GPU-22345678-1234-1234-1234-123456780000","PodMap":{},"Memory":409,"Number":10,"Type":"NVIDIA-NVIDIA A100-SXM4-40GB","Health":true,"UsedNum":0,"UsedMem":0,"UsedCore":0,"MigTemplate":[],"MigUsage":{"Index":-1,"UsageList":null}}
I0906 15:18:11.649744       1 device_info.go:113] "Nvidia Device registered name" name="volcano-lab-worker2" val={"ID":1,"Node":"volcano-lab-worker2","UUID":"GPU-22345678-1234-1234-1234-123456780001","PodMap":{},"Memory":409,"Number":10,"Type":"NVIDIA-NVIDIA A100-SXM4-40GB","Health":true,"UsedNum":0,"UsedMem":0,"UsedCore":0,"MigTemplate":[],"MigUsage":{"Index":-1,"UsageList":null}}
I0906 15:18:11.649757       1 device_info.go:111] GPU sharing mode:  hami-core
I0906 15:18:11.649764       1 device_info.go:113] "Nvidia Device registered name" name="volcano-lab-worker2" val={"ID":0,"Node":"volcano-lab-worker2","UUID":"GPU-22345678-1234-1234-1234-123456780000","PodMap":{},"Memory":409,"Number":10,"Type":"NVIDIA-NVIDIA A100-SXM4-40GB","Health":true,"UsedNum":0,"UsedMem":0,"UsedCore":0,"MigTemplate":[],"MigUsage":{"Index":-1,"UsageList":null}}
I0906 15:18:11.649774       1 device_info.go:113] "Nvidia Device registered name" name="volcano-lab-worker2" val={"ID":1,"Node":"volcano-lab-worker2","UUID":"GPU-22345678-1234-1234-1234-123456780001","PodMap":{},"Memory":409,"Number":10,"Type":"NVIDIA-NVIDIA A100-SXM4-40GB","Health":true,"UsedNum":0,"UsedMem":0,"UsedCore":0,"MigTemplate":[],"MigUsage":{"Index":-1,"UsageList":null}}
E0906 15:18:11.649784       1 device_info.go:189] pod kube-state-metrics-5ffcdf767c-gf9d5 has no annotation volcano.sh/devices-to-allocate
E0906 15:18:11.649792       1 device_info.go:189] pod kube-proxy-gwssg has no annotation volcano.sh/devices-to-allocate
E0906 15:18:11.649798       1 device_info.go:189] pod volcano-admission-5b979dc8f6-8rdzl has no annotation volcano.sh/devices-to-allocate
E0906 15:18:11.649803       1 device_info.go:189] pod mock2-nvml-mock-mtnbp has no annotation volcano.sh/devices-to-allocate
E0906 15:18:11.649809       1 device_info.go:189] pod volcano-device-plugin-jj26z has no annotation volcano.sh/devices-to-allocate
E0906 15:18:11.649814       1 device_info.go:189] pod volcano-controllers-5b976c6d4b-rkqw6 has no annotation volcano.sh/devices-to-allocate
E0906 15:18:11.649819       1 device_info.go:189] pod prometheus-deployment-7cb9b4545b-h2fz4 has no annotation volcano.sh/devices-to-allocate
E0906 15:18:11.649824       1 device_info.go:189] pod kindnet-5whpw has no annotation volcano.sh/devices-to-allocate
I0906 15:18:11.649922       1 cache.go:1581] "SnapShot for scheduling" jobNum=1 QueueNum=4 NodeNum=3
I0906 15:18:11.649937       1 session.go:1036] Start adjusting jobs' network topology spec according to hyperNodeTierNameMap map[]
I0906 15:18:11.649946       1 session.go:1079] Finish adjusting jobs' network topology spec according to hyperNodeTierNameMap map[]
I0906 15:18:11.649956       1 session.go:279] Open Session 03a8f06f-c87b-4ca7-95d4-41dace52fe4e with <1> Job and <4> Queues. HyperNodesReadyToSchedule: true
I0906 15:18:11.650307       1 gpuexclusive.go:437] gpuexclusive: no rules configured, skipping GPU exclusivity wrapping
I0906 15:18:11.650327       1 enqueue.go:79] Try to enqueue PodGroup to 1 Queues
I0906 15:18:11.650350       1 reclaim.go:68] There are <1> Jobs and <4> Queues in total for scheduling.
I0906 15:18:11.650362       1 allocate.go:138] Try to allocate resource to 0 Queues
I0906 15:18:11.660530       1 session.go:577] Close Session 03a8f06f-c87b-4ca7-95d4-41dace52fe4e
I0906 15:18:11.673999       1 event_handlers.go:421] Added pod <volcano-tests/closed-worker-0> into cache.
I0906 15:18:12.219884       1 cache.go:1758] The metrics type is not set in the volcano scheduler configmap file. As a result, the CPU and memory load information of the node is not collected.
I0906 15:18:12.661569       1 device_info.go:111] GPU sharing mode:  hami-core
I0906 15:18:12.661605       1 device_info.go:113] "Nvidia Device registered name" name="volcano-lab-worker2" val={"ID":0,"Node":"volcano-lab-worker2","UUID":"GPU-22345678-1234-1234-1234-123456780000","PodMap":{},"Memory":409,"Number":10,"Type":"NVIDIA-NVIDIA A100-SXM4-40GB","Health":true,"UsedNum":0,"UsedMem":0,"UsedCore":0,"MigTemplate":[],"MigUsage":{"Index":-1,"UsageList":null}}
I0906 15:18:12.661632       1 device_info.go:113] "Nvidia Device registered name" name="volcano-lab-worker2" val={"ID":1,"Node":"volcano-lab-worker2","UUID":"GPU-22345678-1234-1234-1234-123456780001","PodMap":{},"Memory":409,"Number":10,"Type":"NVIDIA-NVIDIA A100-SXM4-40GB","Health":true,"UsedNum":0,"UsedMem":0,"UsedCore":0,"MigTemplate":[],"MigUsage":{"Index":-1,"UsageList":null}}
I0906 15:18:12.661648       1 device_info.go:111] GPU sharing mode:  hami-core
I0906 15:18:12.661656       1 device_info.go:113] "Nvidia Device registered name" name="volcano-lab-worker2" val={"ID":0,"Node":"volcano-lab-worker2","UUID":"GPU-22345678-1234-1234-1234-123456780000","PodMap":{},"Memory":409,"Number":10,"Type":"NVIDIA-NVIDIA A100-SXM4-40GB","Health":true,"UsedNum":0,"UsedMem":0,"UsedCore":0,"MigTemplate":[],"MigUsage":{"Index":-1,"UsageList":null}}
I0906 15:18:12.661670       1 device_info.go:113] "Nvidia Device registered name" name="volcano-lab-worker2" val={"ID":1,"Node":"volcano-lab-worker2","UUID":"GPU-22345678-1234-1234-1234-123456780001","PodMap":{},"Memory":409,"Number":10,"Type":"NVIDIA-NVIDIA A100-SXM4-40GB","Health":true,"UsedNum":0,"UsedMem":0,"UsedCore":0,"MigTemplate":[],"MigUsage":{"Index":-1,"UsageList":null}}
E0906 15:18:12.661690       1 device_info.go:189] pod volcano-admission-5b979dc8f6-8rdzl has no annotation volcano.sh/devices-to-allocate
E0906 15:18:12.661700       1 device_info.go:189] pod mock2-nvml-mock-mtnbp has no annotation volcano.sh/devices-to-allocate
E0906 15:18:12.661707       1 device_info.go:189] pod volcano-device-plugin-jj26z has no annotation volcano.sh/devices-to-allocate
E0906 15:18:12.661714       1 device_info.go:189] pod volcano-controllers-5b976c6d4b-rkqw6 has no annotation volcano.sh/devices-to-allocate
E0906 15:18:12.661719       1 device_info.go:189] pod prometheus-deployment-7cb9b4545b-h2fz4 has no annotation volcano.sh/devices-to-allocate
E0906 15:18:12.661726       1 device_info.go:189] pod kindnet-5whpw has no annotation volcano.sh/devices-to-allocate
E0906 15:18:12.661734       1 device_info.go:189] pod kube-state-metrics-5ffcdf767c-gf9d5 has no annotation volcano.sh/devices-to-allocate
E0906 15:18:12.661739       1 device_info.go:189] pod kube-proxy-gwssg has no annotation volcano.sh/devices-to-allocate
I0906 15:18:12.661844       1 device_info.go:111] GPU sharing mode:  hami-core
I0906 15:18:12.661858       1 device_info.go:113] "Nvidia Device registered name" name="volcano-lab-worker" val={"ID":0,"Node":"volcano-lab-worker","UUID":"GPU-12345678-1234-1234-1234-123456780000","PodMap":{},"Memory":409,"Number":10,"Type":"NVIDIA-NVIDIA A100-SXM4-40GB","Health":true,"UsedNum":0,"UsedMem":0,"UsedCore":0,"MigTemplate":[],"MigUsage":{"Index":-1,"UsageList":null}}
I0906 15:18:12.661873       1 device_info.go:113] "Nvidia Device registered name" name="volcano-lab-worker" val={"ID":1,"Node":"volcano-lab-worker","UUID":"GPU-12345678-1234-1234-1234-123456780001","PodMap":{},"Memory":409,"Number":10,"Type":"NVIDIA-NVIDIA A100-SXM4-40GB","Health":true,"UsedNum":0,"UsedMem":0,"UsedCore":0,"MigTemplate":[],"MigUsage":{"Index":-1,"UsageList":null}}
I0906 15:18:12.661885       1 device_info.go:111] GPU sharing mode:  hami-core
I0906 15:18:12.661893       1 device_info.go:113] "Nvidia Device registered name" name="volcano-lab-worker" val={"ID":0,"Node":"volcano-lab-worker","UUID":"GPU-12345678-1234-1234-1234-123456780000","PodMap":{},"Memory":409,"Number":10,"Type":"NVIDIA-NVIDIA A100-SXM4-40GB","Health":true,"UsedNum":0,"UsedMem":0,"UsedCore":0,"MigTemplate":[],"MigUsage":{"Index":-1,"UsageList":null}}
I0906 15:18:12.661903       1 device_info.go:113] "Nvidia Device registered name" name="volcano-lab-worker" val={"ID":1,"Node":"volcano-lab-worker","UUID":"GPU-12345678-1234-1234-1234-123456780001","PodMap":{},"Memory":409,"Number":10,"Type":"NVIDIA-NVIDIA A100-SXM4-40GB","Health":true,"UsedNum":0,"UsedMem":0,"UsedCore":0,"MigTemplate":[],"MigUsage":{"Index":-1,"UsageList":null}}
E0906 15:18:12.661917       1 device_info.go:189] pod kindnet-k2m7h has no annotation volcano.sh/devices-to-allocate
E0906 15:18:12.661925       1 device_info.go:189] pod mock1-nvml-mock-9rgh9 has no annotation volcano.sh/devices-to-allocate
E0906 15:18:12.661931       1 device_info.go:189] pod grafana-7c5659d458-xrbnn has no annotation volcano.sh/devices-to-allocate
E0906 15:18:12.661940       1 device_info.go:189] pod volcano-scheduler-688d74cc46-cj9pg has no annotation volcano.sh/devices-to-allocate
E0906 15:18:12.661946       1 device_info.go:189] pod kube-proxy-btcmr has no annotation volcano.sh/devices-to-allocate
E0906 15:18:12.661952       1 device_info.go:189] pod volcano-device-plugin-2sg22 has no annotation volcano.sh/devices-to-allocate
I0906 15:18:12.662027       1 cache.go:1581] "SnapShot for scheduling" jobNum=1 QueueNum=4 NodeNum=3
I0906 15:18:12.662043       1 session.go:1036] Start adjusting jobs' network topology spec according to hyperNodeTierNameMap map[]
I0906 15:18:12.662062       1 session.go:1079] Finish adjusting jobs' network topology spec according to hyperNodeTierNameMap map[]
I0906 15:18:12.662074       1 session.go:279] Open Session c0f66bdc-6763-484a-9cc5-06a2ef826825 with <1> Job and <4> Queues. HyperNodesReadyToSchedule: true
I0906 15:18:12.662451       1 gpuexclusive.go:437] gpuexclusive: no rules configured, skipping GPU exclusivity wrapping
I0906 15:18:12.662475       1 enqueue.go:79] Try to enqueue PodGroup to 0 Queues
I0906 15:18:12.662483       1 reclaim.go:68] There are <1> Jobs and <4> Queues in total for scheduling.
I0906 15:18:12.662502       1 reclaim.go:140] Considering reclaim for 1 tasks of job <volcano-tests/closed-a64311a9-6f4d-4221-aa14-6942c8d22a8b>.
I0906 15:18:12.662557       1 predicate_helper.go:115] Predicates failed: task volcano-tests/closed-worker-0 on node volcano-lab-control-plane fit failed: node(s) had untolerated taint(s)
I0906 15:18:12.662596       1 reclaim.go:185] Considering Task <volcano-tests/closed-worker-0> on Node <volcano-lab-worker>.
I0906 15:18:12.662605       1 reclaim.go:185] Considering Task <volcano-tests/closed-worker-0> on Node <volcano-lab-worker2>.
I0906 15:18:12.662616       1 reclaim.go:135] No preemptor task in job <volcano-tests/closed-a64311a9-6f4d-4221-aa14-6942c8d22a8b>.
I0906 15:18:12.662625       1 statement.go:366] Discarding operations ...
I0906 15:18:12.662643       1 allocate.go:138] Try to allocate resource to 1 Queues
I0906 15:18:12.662658       1 allocate.go:328] "Try to allocate resource" queue="closed" job="volcano-tests/closed-a64311a9-6f4d-4221-aa14-6942c8d22a8b" taskNum=1
I0906 15:18:12.662675       1 allocate.go:757] There are <3> nodes for Job <volcano-tests/closed-a64311a9-6f4d-4221-aa14-6942c8d22a8b>
I0906 15:18:12.662729       1 predicate_helper.go:115] Predicates failed: task volcano-tests/closed-worker-0 on node volcano-lab-control-plane fit failed: node(s) had untolerated taint(s)
I0906 15:18:12.662848       1 allocate.go:934] Binding Task <volcano-tests/closed-worker-0> to node <volcano-lab-worker>
E0906 15:18:12.662862       1 device_info.go:189] pod closed-worker-0 has no annotation volcano.sh/devices-to-allocate
I0906 15:18:12.662871       1 statement.go:277] After allocated Task <volcano-tests/closed-worker-0> to Node <volcano-lab-worker>: idle <cpu 11290.00, memory 27959619584.00, ephemeral-storage 1005867986944000.00, hugepages-1Gi 0.00, hugepages-2Mi 0.00, pods 103.00, volcano.sh/vgpu-cores 200000.00, volcano.sh/vgpu-memory 818000.00, volcano.sh/vgpu-number 20000.00>, used <cpu 710.00, memory 1193279488.00, pods 7.00>, releasing <cpu 0.00, memory 0.00>
I0906 15:18:12.662928       1 statement.go:307] Allocating operations ...
I0906 15:18:12.662952       1 allocate.go:833] "SubJob ready, return statement" job="volcano-tests/closed-a64311a9-6f4d-4221-aa14-6942c8d22a8b" subJob="volcano-tests/closed-a64311a9-6f4d-4221-aa14-6942c8d22a8b"
I0906 15:18:12.662961       1 statement.go:393] Committing operations ...
E0906 15:18:12.662976       1 device_info.go:189] pod closed-worker-0 has no annotation volcano.sh/devices-to-allocate
I0906 15:18:12.662988       1 proportion.go:326] Queue <closed> is overused: deserved <cpu 100.00, memory 33554432.00, ephemeral-storage 0.00, hugepages-1Gi 0.00, hugepages-2Mi 0.00, pods 1.00, volcano.sh/vgpu-cores 0.00, volcano.sh/vgpu-memory 0.00, volcano.sh/vgpu-number 0.00>, allocated <cpu 100.00, memory 33554432.00, pods 1.00>, share <1>
I0906 15:18:12.663001       1 allocate.go:295] Queue <closed> is overused, ignore it.
I0906 15:18:12.687339       1 session.go:577] Close Session c0f66bdc-6763-484a-9cc5-06a2ef826825
I0906 15:18:12.689545       1 cache.go:992] bind ok, latency 8.701105ms
E0906 15:18:12.690157       1 device_info.go:189] pod closed-worker-0 has no annotation volcano.sh/devices-to-allocate
E0906 15:18:12.706939       1 device_info.go:189] pod closed-worker-0 has no annotation volcano.sh/devices-to-allocate
I0906 15:18:13.688525       1 device_info.go:111] GPU sharing mode:  hami-core
I0906 15:18:13.688566       1 device_info.go:113] "Nvidia Device registered name" name="volcano-lab-worker" val={"ID":0,"Node":"volcano-lab-worker","UUID":"GPU-12345678-1234-1234-1234-123456780000","PodMap":{},"Memory":409,"Number":10,"Type":"NVIDIA-NVIDIA A100-SXM4-40GB","Health":true,"UsedNum":0,"UsedMem":0,"UsedCore":0,"MigTemplate":[],"MigUsage":{"Index":-1,"UsageList":null}}
I0906 15:18:13.688593       1 device_info.go:113] "Nvidia Device registered name" name="volcano-lab-worker" val={"ID":1,"Node":"volcano-lab-worker","UUID":"GPU-12345678-1234-1234-1234-123456780001","PodMap":{},"Memory":409,"Number":10,"Type":"NVIDIA-NVIDIA A100-SXM4-40GB","Health":true,"UsedNum":0,"UsedMem":0,"UsedCore":0,"MigTemplate":[],"MigUsage":{"Index":-1,"UsageList":null}}
I0906 15:18:13.688608       1 device_info.go:111] GPU sharing mode:  hami-core
I0906 15:18:13.688617       1 device_info.go:113] "Nvidia Device registered name" name="volcano-lab-worker" val={"ID":0,"Node":"volcano-lab-worker","UUID":"GPU-12345678-1234-1234-1234-123456780000","PodMap":{},"Memory":409,"Number":10,"Type":"NVIDIA-NVIDIA A100-SXM4-40GB","Health":true,"UsedNum":0,"UsedMem":0,"UsedCore":0,"MigTemplate":[],"MigUsage":{"Index":-1,"UsageList":null}}
I0906 15:18:13.688625       1 device_info.go:113] "Nvidia Device registered name" name="volcano-lab-worker" val={"ID":1,"Node":"volcano-lab-worker","UUID":"GPU-12345678-1234-1234-1234-123456780001","PodMap":{},"Memory":409,"Number":10,"Type":"NVIDIA-NVIDIA A100-SXM4-40GB","Health":true,"UsedNum":0,"UsedMem":0,"UsedCore":0,"MigTemplate":[],"MigUsage":{"Index":-1,"UsageList":null}}
E0906 15:18:13.688638       1 device_info.go:189] pod volcano-device-plugin-2sg22 has no annotation volcano.sh/devices-to-allocate
E0906 15:18:13.688646       1 device_info.go:189] pod kindnet-k2m7h has no annotation volcano.sh/devices-to-allocate
E0906 15:18:13.688652       1 device_info.go:189] pod mock1-nvml-mock-9rgh9 has no annotation volcano.sh/devices-to-allocate
E0906 15:18:13.688661       1 device_info.go:189] pod grafana-7c5659d458-xrbnn has no annotation volcano.sh/devices-to-allocate
E0906 15:18:13.688669       1 device_info.go:189] pod volcano-scheduler-688d74cc46-cj9pg has no annotation volcano.sh/devices-to-allocate
E0906 15:18:13.688675       1 device_info.go:189] pod kube-proxy-btcmr has no annotation volcano.sh/devices-to-allocate
E0906 15:18:13.688686       1 device_info.go:189] pod closed-worker-0 has no annotation volcano.sh/devices-to-allocate
I0906 15:18:13.688736       1 device_info.go:111] GPU sharing mode:  hami-core
I0906 15:18:13.688747       1 device_info.go:113] "Nvidia Device registered name" name="volcano-lab-worker2" val={"ID":0,"Node":"volcano-lab-worker2","UUID":"GPU-22345678-1234-1234-1234-123456780000","PodMap":{},"Memory":409,"Number":10,"Type":"NVIDIA-NVIDIA A100-SXM4-40GB","Health":true,"UsedNum":0,"UsedMem":0,"UsedCore":0,"MigTemplate":[],"MigUsage":{"Index":-1,"UsageList":null}}
I0906 15:18:13.688758       1 device_info.go:113] "Nvidia Device registered name" name="volcano-lab-worker2" val={"ID":1,"Node":"volcano-lab-worker2","UUID":"GPU-22345678-1234-1234-1234-123456780001","PodMap":{},"Memory":409,"Number":10,"Type":"NVIDIA-NVIDIA A100-SXM4-40GB","Health":true,"UsedNum":0,"UsedMem":0,"UsedCore":0,"MigTemplate":[],"MigUsage":{"Index":-1,"UsageList":null}}
I0906 15:18:13.688767       1 device_info.go:111] GPU sharing mode:  hami-core
I0906 15:18:13.688781       1 device_info.go:113] "Nvidia Device registered name" name="volcano-lab-worker2" val={"ID":0,"Node":"volcano-lab-worker2","UUID":"GPU-22345678-1234-1234-1234-123456780000","PodMap":{},"Memory":409,"Number":10,"Type":"NVIDIA-NVIDIA A100-SXM4-40GB","Health":true,"UsedNum":0,"UsedMem":0,"UsedCore":0,"MigTemplate":[],"MigUsage":{"Index":-1,"UsageList":null}}
I0906 15:18:13.688789       1 device_info.go:113] "Nvidia Device registered name" name="volcano-lab-worker2" val={"ID":1,"Node":"volcano-lab-worker2","UUID":"GPU-22345678-1234-1234-1234-123456780001","PodMap":{},"Memory":409,"Number":10,"Type":"NVIDIA-NVIDIA A100-SXM4-40GB","Health":true,"UsedNum":0,"UsedMem":0,"UsedCore":0,"MigTemplate":[],"MigUsage":{"Index":-1,"UsageList":null}}
E0906 15:18:13.688801       1 device_info.go:189] pod prometheus-deployment-7cb9b4545b-h2fz4 has no annotation volcano.sh/devices-to-allocate
E0906 15:18:13.688808       1 device_info.go:189] pod kindnet-5whpw has no annotation volcano.sh/devices-to-allocate
E0906 15:18:13.688815       1 device_info.go:189] pod kube-state-metrics-5ffcdf767c-gf9d5 has no annotation volcano.sh/devices-to-allocate
E0906 15:18:13.688820       1 device_info.go:189] pod kube-proxy-gwssg has no annotation volcano.sh/devices-to-allocate
E0906 15:18:13.688826       1 device_info.go:189] pod volcano-admission-5b979dc8f6-8rdzl has no annotation volcano.sh/devices-to-allocate
E0906 15:18:13.688831       1 device_info.go:189] pod mock2-nvml-mock-mtnbp has no annotation volcano.sh/devices-to-allocate
E0906 15:18:13.688836       1 device_info.go:189] pod volcano-device-plugin-jj26z has no annotation volcano.sh/devices-to-allocate
E0906 15:18:13.688841       1 device_info.go:189] pod volcano-controllers-5b976c6d4b-rkqw6 has no annotation volcano.sh/devices-to-allocate
I0906 15:18:13.688912       1 cache.go:1581] "SnapShot for scheduling" jobNum=1 QueueNum=4 NodeNum=3
I0906 15:18:13.688926       1 session.go:1036] Start adjusting jobs' network topology spec according to hyperNodeTierNameMap map[]
I0906 15:18:13.688936       1 session.go:1079] Finish adjusting jobs' network topology spec according to hyperNodeTierNameMap map[]
I0906 15:18:13.688948       1 session.go:279] Open Session 9ae58c2b-2ecf-4970-8bf9-4c9b61cddf1b with <1> Job and <4> Queues. HyperNodesReadyToSchedule: true
I0906 15:18:13.689382       1 gpuexclusive.go:437] gpuexclusive: no rules configured, skipping GPU exclusivity wrapping
I0906 15:18:13.689402       1 enqueue.go:79] Try to enqueue PodGroup to 0 Queues
I0906 15:18:13.689413       1 reclaim.go:68] There are <1> Jobs and <4> Queues in total for scheduling.
I0906 15:18:13.689424       1 proportion.go:326] Queue <closed> is overused: deserved <cpu 100.00, memory 33554432.00, ephemeral-storage 0.00, hugepages-1Gi 0.00, hugepages-2Mi 0.00, pods 1.00, volcano.sh/vgpu-cores 0.00, volcano.sh/vgpu-memory 0.00, volcano.sh/vgpu-number 0.00>, allocated <cpu 100.00, memory 33554432.00, pods 1.00>, share <1>
I0906 15:18:13.689444       1 reclaim.go:112] Queue <closed> is overused, ignore it.
I0906 15:18:13.689457       1 allocate.go:138] Try to allocate resource to 0 Queues
I0906 15:18:13.698616       1 session.go:577] Close Session 9ae58c2b-2ecf-4970-8bf9-4c9b61cddf1b
E0906 15:18:13.724106       1 device_info.go:189] pod closed-worker-0 has no annotation volcano.sh/devices-to-allocate
