I0906 15:23:02.111626       1 reclaim.go:185] Considering Task <volcano-tests/native-855479db74-vz5vt> on Node <volcano-lab-worker2>.
I0906 15:23:02.111637       1 reclaim.go:185] Considering Task <volcano-tests/native-855479db74-vz5vt> on Node <volcano-lab-worker>.
I0906 15:23:02.111652       1 reclaim.go:140] Considering reclaim for 1 tasks of job <volcano-tests/podgroup-64669783-4d9e-419e-a40f-2a1925138159>.
I0906 15:23:02.111699       1 predicate_helper.go:115] Predicates failed: task volcano-tests/native-855479db74-b2s2l on node volcano-lab-control-plane fit failed: node(s) had untolerated taint(s)
W0906 15:23:02.111714       1 deviceshare.go:256] Devices hamivgpu assertion conversion failed, skip
W0906 15:23:02.111743       1 deviceshare.go:256] Devices hamivgpu assertion conversion failed, skip
I0906 15:23:02.111768       1 reclaim.go:185] Considering Task <volcano-tests/native-855479db74-b2s2l> on Node <volcano-lab-worker2>.
I0906 15:23:02.111778       1 reclaim.go:185] Considering Task <volcano-tests/native-855479db74-b2s2l> on Node <volcano-lab-worker>.
I0906 15:23:02.111791       1 reclaim.go:135] No preemptor task in job <volcano-tests/podgroup-64669783-4d9e-419e-a40f-2a1925138159>.
I0906 15:23:02.111801       1 statement.go:366] Discarding operations ...
I0906 15:23:02.111828       1 allocate.go:138] Try to allocate resource to 1 Queues
I0906 15:23:02.111860       1 allocate.go:328] "Try to allocate resource" queue="lab" job="volcano-tests/podgroup-64669783-4d9e-419e-a40f-2a1925138159" taskNum=2
I0906 15:23:02.111884       1 allocate.go:757] There are <3> nodes for Job <volcano-tests/podgroup-64669783-4d9e-419e-a40f-2a1925138159>
W0906 15:23:02.111945       1 deviceshare.go:256] Devices hamivgpu assertion conversion failed, skip
W0906 15:23:02.111949       1 deviceshare.go:256] Devices hamivgpu assertion conversion failed, skip
I0906 15:23:02.111956       1 predicate_helper.go:115] Predicates failed: task volcano-tests/native-855479db74-vz5vt on node volcano-lab-control-plane fit failed: node(s) had untolerated taint(s)
I0906 15:23:02.112245       1 allocate.go:934] Binding Task <volcano-tests/native-855479db74-vz5vt> to node <volcano-lab-worker>
I0906 15:23:02.112269       1 statement.go:277] After allocated Task <volcano-tests/native-855479db74-vz5vt> to Node <volcano-lab-worker>: idle <cpu 11290.00, memory 27959619584.00, ephemeral-storage 1005867986944000.00, hugepages-1Gi 0.00, hugepages-2Mi 0.00, pods 104.00, volcano.sh/vgpu-cores 200000.00, volcano.sh/vgpu-memory 818000.00, volcano.sh/vgpu-number 20000.00>, used <cpu 710.00, memory 1193279488.00, pods 6.00>, releasing <cpu 0.00, memory 0.00>
W0906 15:23:02.112352       1 predicates.go:249] Devices hamivgpu assertion conversion failed, skip
I0906 15:23:02.112368       1 statement.go:307] Allocating operations ...
I0906 15:23:02.112384       1 allocate.go:833] "SubJob ready, return statement" job="volcano-tests/podgroup-64669783-4d9e-419e-a40f-2a1925138159" subJob="volcano-tests/podgroup-64669783-4d9e-419e-a40f-2a1925138159"
I0906 15:23:02.112390       1 statement.go:393] Committing operations ...
I0906 15:23:02.112414       1 allocate.go:328] "Try to allocate resource" queue="lab" job="volcano-tests/podgroup-64669783-4d9e-419e-a40f-2a1925138159" taskNum=1
I0906 15:23:02.112423       1 allocate.go:757] There are <3> nodes for Job <volcano-tests/podgroup-64669783-4d9e-419e-a40f-2a1925138159>
I0906 15:23:02.112454       1 predicate_helper.go:115] Predicates failed: task volcano-tests/native-855479db74-b2s2l on node volcano-lab-control-plane fit failed: node(s) had untolerated taint(s)
W0906 15:23:02.112458       1 deviceshare.go:256] Devices hamivgpu assertion conversion failed, skip
W0906 15:23:02.112463       1 deviceshare.go:256] Devices hamivgpu assertion conversion failed, skip
I0906 15:23:02.112565       1 allocate.go:934] Binding Task <volcano-tests/native-855479db74-b2s2l> to node <volcano-lab-worker>
I0906 15:23:02.112575       1 statement.go:277] After allocated Task <volcano-tests/native-855479db74-b2s2l> to Node <volcano-lab-worker>: idle <cpu 11190.00, memory 27926065152.00, ephemeral-storage 1005867986944000.00, hugepages-1Gi 0.00, hugepages-2Mi 0.00, pods 103.00, volcano.sh/vgpu-cores 200000.00, volcano.sh/vgpu-memory 818000.00, volcano.sh/vgpu-number 20000.00>, used <cpu 810.00, memory 1226833920.00, pods 7.00>, releasing <cpu 0.00, memory 0.00>
W0906 15:23:02.112601       1 predicates.go:249] Devices hamivgpu assertion conversion failed, skip
I0906 15:23:02.112613       1 statement.go:307] Allocating operations ...
I0906 15:23:02.112626       1 allocate.go:833] "SubJob ready, return statement" job="volcano-tests/podgroup-64669783-4d9e-419e-a40f-2a1925138159" subJob="volcano-tests/podgroup-64669783-4d9e-419e-a40f-2a1925138159"
I0906 15:23:02.112634       1 statement.go:393] Committing operations ...
I0906 15:23:02.112670       1 proportion.go:326] Queue <lab> is overused: deserved <cpu 200.00, memory 67108864.00, ephemeral-storage 0.00, hugepages-1Gi 0.00, hugepages-2Mi 0.00, pods 2.00, volcano.sh/vgpu-cores 0.00, volcano.sh/vgpu-memory 0.00, volcano.sh/vgpu-number 0.00>, allocated <cpu 200.00, memory 67108864.00, pods 2.00>, share <1>
I0906 15:23:02.112682       1 allocate.go:295] Queue <lab> is overused, ignore it.
I0906 15:23:02.126101       1 cache.go:992] bind ok, latency 8.655366ms
I0906 15:23:02.126157       1 cache.go:992] bind ok, latency 8.741939ms
I0906 15:23:02.148422       1 session.go:577] Close Session 6d06b185-800d-4d54-a121-e20fb19f56a5
I0906 15:23:02.350269       1 event_handlers.go:476] Deleted pod <volcano-system/volcano-scheduler-dd6446766-mfrcr> from cache.
I0906 15:23:03.148568       1 device_info.go:111] GPU sharing mode:  hami-core
I0906 15:23:03.148591       1 device_info.go:113] "Nvidia Device registered name" name="volcano-lab-worker2" val={"ID":0,"Node":"volcano-lab-worker2","UUID":"GPU-22345678-1234-1234-1234-123456780000","PodMap":{},"Memory":409,"Number":10,"Type":"NVIDIA-NVIDIA A100-SXM4-40GB","Health":true,"UsedNum":0,"UsedMem":0,"UsedCore":0,"MigTemplate":[],"MigUsage":{"Index":-1,"UsageList":null}}
I0906 15:23:03.148607       1 device_info.go:113] "Nvidia Device registered name" name="volcano-lab-worker2" val={"ID":1,"Node":"volcano-lab-worker2","UUID":"GPU-22345678-1234-1234-1234-123456780001","PodMap":{},"Memory":409,"Number":10,"Type":"NVIDIA-NVIDIA A100-SXM4-40GB","Health":true,"UsedNum":0,"UsedMem":0,"UsedCore":0,"MigTemplate":[],"MigUsage":{"Index":-1,"UsageList":null}}
I0906 15:23:03.148618       1 device_info.go:111] GPU sharing mode:  hami-core
I0906 15:23:03.148624       1 device_info.go:113] "Nvidia Device registered name" name="volcano-lab-worker2" val={"ID":0,"Node":"volcano-lab-worker2","UUID":"GPU-22345678-1234-1234-1234-123456780000","PodMap":{},"Memory":409,"Number":10,"Type":"NVIDIA-NVIDIA A100-SXM4-40GB","Health":true,"UsedNum":0,"UsedMem":0,"UsedCore":0,"MigTemplate":[],"MigUsage":{"Index":-1,"UsageList":null}}
I0906 15:23:03.148628       1 device_info.go:113] "Nvidia Device registered name" name="volcano-lab-worker2" val={"ID":1,"Node":"volcano-lab-worker2","UUID":"GPU-22345678-1234-1234-1234-123456780001","PodMap":{},"Memory":409,"Number":10,"Type":"NVIDIA-NVIDIA A100-SXM4-40GB","Health":true,"UsedNum":0,"UsedMem":0,"UsedCore":0,"MigTemplate":[],"MigUsage":{"Index":-1,"UsageList":null}}
E0906 15:23:03.148644       1 device_info.go:189] pod kube-proxy-gwssg has no annotation volcano.sh/devices-to-allocate
E0906 15:23:03.148653       1 device_info.go:189] pod mock2-nvml-mock-mtnbp has no annotation volcano.sh/devices-to-allocate
E0906 15:23:03.148657       1 device_info.go:189] pod volcano-device-plugin-jj26z has no annotation volcano.sh/devices-to-allocate
E0906 15:23:03.148662       1 device_info.go:189] pod volcano-controllers-5b976c6d4b-rkqw6 has no annotation volcano.sh/devices-to-allocate
E0906 15:23:03.148666       1 device_info.go:189] pod volcano-admission-5b979dc8f6-8rdzl has no annotation volcano.sh/devices-to-allocate
E0906 15:23:03.148671       1 device_info.go:189] pod kindnet-5whpw has no annotation volcano.sh/devices-to-allocate
E0906 15:23:03.148678       1 device_info.go:189] pod kube-state-metrics-5ffcdf767c-gf9d5 has no annotation volcano.sh/devices-to-allocate
E0906 15:23:03.148684       1 device_info.go:189] pod prometheus-deployment-7cb9b4545b-h2fz4 has no annotation volcano.sh/devices-to-allocate
E0906 15:23:03.148689       1 device_info.go:189] pod volcano-scheduler-5fdb884848-vmk67 has no annotation volcano.sh/devices-to-allocate
I0906 15:23:03.148727       1 device_info.go:111] GPU sharing mode:  hami-core
I0906 15:23:03.148737       1 device_info.go:113] "Nvidia Device registered name" name="volcano-lab-worker" val={"ID":0,"Node":"volcano-lab-worker","UUID":"GPU-12345678-1234-1234-1234-123456780000","PodMap":{},"Memory":409,"Number":10,"Type":"NVIDIA-NVIDIA A100-SXM4-40GB","Health":true,"UsedNum":0,"UsedMem":0,"UsedCore":0,"MigTemplate":[],"MigUsage":{"Index":-1,"UsageList":null}}
I0906 15:23:03.148746       1 device_info.go:113] "Nvidia Device registered name" name="volcano-lab-worker" val={"ID":1,"Node":"volcano-lab-worker","UUID":"GPU-12345678-1234-1234-1234-123456780001","PodMap":{},"Memory":409,"Number":10,"Type":"NVIDIA-NVIDIA A100-SXM4-40GB","Health":true,"UsedNum":0,"UsedMem":0,"UsedCore":0,"MigTemplate":[],"MigUsage":{"Index":-1,"UsageList":null}}
I0906 15:23:03.148752       1 device_info.go:111] GPU sharing mode:  hami-core
I0906 15:23:03.148765       1 device_info.go:113] "Nvidia Device registered name" name="volcano-lab-worker" val={"ID":0,"Node":"volcano-lab-worker","UUID":"GPU-12345678-1234-1234-1234-123456780000","PodMap":{},"Memory":409,"Number":10,"Type":"NVIDIA-NVIDIA A100-SXM4-40GB","Health":true,"UsedNum":0,"UsedMem":0,"UsedCore":0,"MigTemplate":[],"MigUsage":{"Index":-1,"UsageList":null}}
I0906 15:23:03.148771       1 device_info.go:113] "Nvidia Device registered name" name="volcano-lab-worker" val={"ID":1,"Node":"volcano-lab-worker","UUID":"GPU-12345678-1234-1234-1234-123456780001","PodMap":{},"Memory":409,"Number":10,"Type":"NVIDIA-NVIDIA A100-SXM4-40GB","Health":true,"UsedNum":0,"UsedMem":0,"UsedCore":0,"MigTemplate":[],"MigUsage":{"Index":-1,"UsageList":null}}
E0906 15:23:03.148778       1 device_info.go:189] pod kindnet-k2m7h has no annotation volcano.sh/devices-to-allocate
E0906 15:23:03.148784       1 device_info.go:189] pod kube-proxy-btcmr has no annotation volcano.sh/devices-to-allocate
E0906 15:23:03.148787       1 device_info.go:189] pod volcano-device-plugin-2sg22 has no annotation volcano.sh/devices-to-allocate
E0906 15:23:03.148791       1 device_info.go:189] pod mock1-nvml-mock-9rgh9 has no annotation volcano.sh/devices-to-allocate
E0906 15:23:03.148795       1 device_info.go:189] pod native-855479db74-vz5vt has no annotation volcano.sh/devices-to-allocate
E0906 15:23:03.148799       1 device_info.go:189] pod grafana-7c5659d458-xrbnn has no annotation volcano.sh/devices-to-allocate
E0906 15:23:03.148803       1 device_info.go:189] pod native-855479db74-b2s2l has no annotation volcano.sh/devices-to-allocate
I0906 15:23:03.148881       1 cache.go:1581] "SnapShot for scheduling" jobNum=1 QueueNum=3 NodeNum=3
I0906 15:23:03.148891       1 session.go:1036] Start adjusting jobs' network topology spec according to hyperNodeTierNameMap map[]
I0906 15:23:03.148898       1 session.go:1079] Finish adjusting jobs' network topology spec according to hyperNodeTierNameMap map[]
I0906 15:23:03.148906       1 session.go:279] Open Session 25e41f31-54c4-4cf8-8efa-c4ccc25dc8d3 with <1> Job and <3> Queues. HyperNodesReadyToSchedule: true
I0906 15:23:03.149254       1 gpuexclusive.go:437] gpuexclusive: no rules configured, skipping GPU exclusivity wrapping
I0906 15:23:03.149272       1 enqueue.go:79] Try to enqueue PodGroup to 0 Queues
I0906 15:23:03.149280       1 reclaim.go:68] There are <1> Jobs and <3> Queues in total for scheduling.
I0906 15:23:03.149290       1 proportion.go:326] Queue <lab> is overused: deserved <cpu 200.00, memory 67108864.00, ephemeral-storage 0.00, hugepages-1Gi 0.00, hugepages-2Mi 0.00, pods 2.00, volcano.sh/vgpu-cores 0.00, volcano.sh/vgpu-memory 0.00, volcano.sh/vgpu-number 0.00>, allocated <cpu 200.00, memory 67108864.00, pods 2.00>, share <1>
I0906 15:23:03.149309       1 reclaim.go:112] Queue <lab> is overused, ignore it.
I0906 15:23:03.149323       1 allocate.go:138] Try to allocate resource to 0 Queues
I0906 15:23:03.167159       1 session.go:577] Close Session 25e41f31-54c4-4cf8-8efa-c4ccc25dc8d3
I0906 15:23:03.926088       1 cache.go:1126] Try to delete Job <volcano-tests/podgroup-64669783-4d9e-419e-a40f-2a1925138159:volcano-tests/podgroup-64669783-4d9e-419e-a40f-2a1925138159>
I0906 15:23:03.926208       1 cache.go:1171] Retry to delete Job <volcano-tests/podgroup-64669783-4d9e-419e-a40f-2a1925138159:volcano-tests/podgroup-64669783-4d9e-419e-a40f-2a1925138159>
I0906 15:23:03.929041       1 event_handlers.go:476] Deleted pod <volcano-tests/native-855479db74-vz5vt> from cache.
I0906 15:23:03.930850       1 cache.go:1126] Try to delete Job <volcano-tests/podgroup-64669783-4d9e-419e-a40f-2a1925138159:volcano-tests/podgroup-64669783-4d9e-419e-a40f-2a1925138159>
I0906 15:23:03.930924       1 event_handlers.go:476] Deleted pod <volcano-tests/native-855479db74-b2s2l> from cache.
I0906 15:23:03.930944       1 cache.go:1166] Job <volcano-tests/podgroup-64669783-4d9e-419e-a40f-2a1925138159:volcano-tests/podgroup-64669783-4d9e-419e-a40f-2a1925138159> was deleted.
I0906 15:23:03.932235       1 cache.go:1154] Failed to find Job <volcano-tests/podgroup-64669783-4d9e-419e-a40f-2a1925138159>, ignore it
I0906 15:23:04.168283       1 device_info.go:111] GPU sharing mode:  hami-core
I0906 15:23:04.168318       1 device_info.go:113] "Nvidia Device registered name" name="volcano-lab-worker2" val={"ID":0,"Node":"volcano-lab-worker2","UUID":"GPU-22345678-1234-1234-1234-123456780000","PodMap":{},"Memory":409,"Number":10,"Type":"NVIDIA-NVIDIA A100-SXM4-40GB","Health":true,"UsedNum":0,"UsedMem":0,"UsedCore":0,"MigTemplate":[],"MigUsage":{"Index":-1,"UsageList":null}}
I0906 15:23:04.168342       1 device_info.go:113] "Nvidia Device registered name" name="volcano-lab-worker2" val={"ID":1,"Node":"volcano-lab-worker2","UUID":"GPU-22345678-1234-1234-1234-123456780001","PodMap":{},"Memory":409,"Number":10,"Type":"NVIDIA-NVIDIA A100-SXM4-40GB","Health":true,"UsedNum":0,"UsedMem":0,"UsedCore":0,"MigTemplate":[],"MigUsage":{"Index":-1,"UsageList":null}}
I0906 15:23:04.168375       1 device_info.go:111] GPU sharing mode:  hami-core
I0906 15:23:04.168388       1 device_info.go:113] "Nvidia Device registered name" name="volcano-lab-worker2" val={"ID":0,"Node":"volcano-lab-worker2","UUID":"GPU-22345678-1234-1234-1234-123456780000","PodMap":{},"Memory":409,"Number":10,"Type":"NVIDIA-NVIDIA A100-SXM4-40GB","Health":true,"UsedNum":0,"UsedMem":0,"UsedCore":0,"MigTemplate":[],"MigUsage":{"Index":-1,"UsageList":null}}
I0906 15:23:04.168401       1 device_info.go:113] "Nvidia Device registered name" name="volcano-lab-worker2" val={"ID":1,"Node":"volcano-lab-worker2","UUID":"GPU-22345678-1234-1234-1234-123456780001","PodMap":{},"Memory":409,"Number":10,"Type":"NVIDIA-NVIDIA A100-SXM4-40GB","Health":true,"UsedNum":0,"UsedMem":0,"UsedCore":0,"MigTemplate":[],"MigUsage":{"Index":-1,"UsageList":null}}
E0906 15:23:04.168415       1 device_info.go:189] pod volcano-controllers-5b976c6d4b-rkqw6 has no annotation volcano.sh/devices-to-allocate
E0906 15:23:04.168425       1 device_info.go:189] pod volcano-admission-5b979dc8f6-8rdzl has no annotation volcano.sh/devices-to-allocate
E0906 15:23:04.168433       1 device_info.go:189] pod kindnet-5whpw has no annotation volcano.sh/devices-to-allocate
E0906 15:23:04.168440       1 device_info.go:189] pod kube-state-metrics-5ffcdf767c-gf9d5 has no annotation volcano.sh/devices-to-allocate
E0906 15:23:04.168448       1 device_info.go:189] pod prometheus-deployment-7cb9b4545b-h2fz4 has no annotation volcano.sh/devices-to-allocate
E0906 15:23:04.168455       1 device_info.go:189] pod volcano-scheduler-5fdb884848-vmk67 has no annotation volcano.sh/devices-to-allocate
E0906 15:23:04.168461       1 device_info.go:189] pod kube-proxy-gwssg has no annotation volcano.sh/devices-to-allocate
E0906 15:23:04.168468       1 device_info.go:189] pod mock2-nvml-mock-mtnbp has no annotation volcano.sh/devices-to-allocate
E0906 15:23:04.168474       1 device_info.go:189] pod volcano-device-plugin-jj26z has no annotation volcano.sh/devices-to-allocate
I0906 15:23:04.168516       1 device_info.go:111] GPU sharing mode:  hami-core
I0906 15:23:04.168529       1 device_info.go:113] "Nvidia Device registered name" name="volcano-lab-worker" val={"ID":0,"Node":"volcano-lab-worker","UUID":"GPU-12345678-1234-1234-1234-123456780000","PodMap":{},"Memory":409,"Number":10,"Type":"NVIDIA-NVIDIA A100-SXM4-40GB","Health":true,"UsedNum":0,"UsedMem":0,"UsedCore":0,"MigTemplate":[],"MigUsage":{"Index":-1,"UsageList":null}}
I0906 15:23:04.168557       1 device_info.go:113] "Nvidia Device registered name" name="volcano-lab-worker" val={"ID":1,"Node":"volcano-lab-worker","UUID":"GPU-12345678-1234-1234-1234-123456780001","PodMap":{},"Memory":409,"Number":10,"Type":"NVIDIA-NVIDIA A100-SXM4-40GB","Health":true,"UsedNum":0,"UsedMem":0,"UsedCore":0,"MigTemplate":[],"MigUsage":{"Index":-1,"UsageList":null}}
I0906 15:23:04.168570       1 device_info.go:111] GPU sharing mode:  hami-core
I0906 15:23:04.168584       1 device_info.go:113] "Nvidia Device registered name" name="volcano-lab-worker" val={"ID":1,"Node":"volcano-lab-worker","UUID":"GPU-12345678-1234-1234-1234-123456780001","PodMap":{},"Memory":409,"Number":10,"Type":"NVIDIA-NVIDIA A100-SXM4-40GB","Health":true,"UsedNum":0,"UsedMem":0,"UsedCore":0,"MigTemplate":[],"MigUsage":{"Index":-1,"UsageList":null}}
I0906 15:23:04.168594       1 device_info.go:113] "Nvidia Device registered name" name="volcano-lab-worker" val={"ID":0,"Node":"volcano-lab-worker","UUID":"GPU-12345678-1234-1234-1234-123456780000","PodMap":{},"Memory":409,"Number":10,"Type":"NVIDIA-NVIDIA A100-SXM4-40GB","Health":true,"UsedNum":0,"UsedMem":0,"UsedCore":0,"MigTemplate":[],"MigUsage":{"Index":-1,"UsageList":null}}
E0906 15:23:04.168611       1 device_info.go:189] pod kindnet-k2m7h has no annotation volcano.sh/devices-to-allocate
E0906 15:23:04.168619       1 device_info.go:189] pod kube-proxy-btcmr has no annotation volcano.sh/devices-to-allocate
E0906 15:23:04.168626       1 device_info.go:189] pod volcano-device-plugin-2sg22 has no annotation volcano.sh/devices-to-allocate
E0906 15:23:04.168633       1 device_info.go:189] pod mock1-nvml-mock-9rgh9 has no annotation volcano.sh/devices-to-allocate
E0906 15:23:04.168639       1 device_info.go:189] pod grafana-7c5659d458-xrbnn has no annotation volcano.sh/devices-to-allocate
I0906 15:23:04.168718       1 cache.go:1581] "SnapShot for scheduling" jobNum=0 QueueNum=3 NodeNum=3
I0906 15:23:04.168737       1 session.go:1036] Start adjusting jobs' network topology spec according to hyperNodeTierNameMap map[]
I0906 15:23:04.168748       1 session.go:1079] Finish adjusting jobs' network topology spec according to hyperNodeTierNameMap map[]
I0906 15:23:04.168762       1 session.go:279] Open Session c0826de0-7636-4426-9c4c-cbf514f753b8 with <0> Job and <3> Queues. HyperNodesReadyToSchedule: true
I0906 15:23:04.169199       1 gpuexclusive.go:437] gpuexclusive: no rules configured, skipping GPU exclusivity wrapping
I0906 15:23:04.169211       1 enqueue.go:79] Try to enqueue PodGroup to 0 Queues
I0906 15:23:04.169216       1 reclaim.go:68] There are <0> Jobs and <3> Queues in total for scheduling.
I0906 15:23:04.169223       1 allocate.go:138] Try to allocate resource to 0 Queues
I0906 15:23:04.190221       1 session.go:577] Close Session c0826de0-7636-4426-9c4c-cbf514f753b8
