I0906 15:22:57.066137       1 statement.go:347] Remove Task <topo-worker-1> on node <volcano-lab-worker>
W0906 15:22:57.066142       1 predicates.go:294] Devices hamivgpu assertion conversion failed, skip
I0906 15:22:57.066148       1 statement.go:347] Remove Task <topo-worker-0> on node <volcano-lab-worker>
W0906 15:22:57.066153       1 predicates.go:294] Devices hamivgpu assertion conversion failed, skip
I0906 15:22:57.066168       1 statement.go:277] After allocated Task <volcano-tests/topo-worker-0> to Node <volcano-lab-worker>: idle <cpu 6390.00, memory 27959619584.00, ephemeral-storage 1005867986944000.00, hugepages-1Gi 0.00, hugepages-2Mi 0.00, pods 103.00, volcano.sh/vgpu-cores 200000.00, volcano.sh/vgpu-memory 818000.00, volcano.sh/vgpu-number 20000.00>, used <cpu 5610.00, memory 1193279488.00, pods 7.00>, releasing <cpu 0.00, memory 0.00>
W0906 15:22:57.066179       1 predicates.go:249] Devices hamivgpu assertion conversion failed, skip
I0906 15:22:57.066187       1 statement.go:307] Allocating operations ...
I0906 15:22:57.066193       1 statement.go:277] After allocated Task <volcano-tests/topo-worker-1> to Node <volcano-lab-worker>: idle <cpu 1390.00, memory 27926065152.00, ephemeral-storage 1005867986944000.00, hugepages-1Gi 0.00, hugepages-2Mi 0.00, pods 102.00, volcano.sh/vgpu-cores 200000.00, volcano.sh/vgpu-memory 818000.00, volcano.sh/vgpu-number 20000.00>, used <cpu 10610.00, memory 1226833920.00, pods 8.00>, releasing <cpu 0.00, memory 0.00>
W0906 15:22:57.066201       1 predicates.go:249] Devices hamivgpu assertion conversion failed, skip
I0906 15:22:57.066209       1 statement.go:307] Allocating operations ...
I0906 15:22:57.066215       1 statement.go:277] After allocated Task <volcano-tests/topo-worker-2> to Node <volcano-lab-worker2>: idle <cpu 6890.00, memory 29033361408.00, ephemeral-storage 1005867986944000.00, hugepages-1Gi 0.00, hugepages-2Mi 0.00, pods 101.00, volcano.sh/vgpu-cores 200000.00, volcano.sh/vgpu-memory 818000.00, volcano.sh/vgpu-number 20000.00>, used <cpu 5110.00, memory 119537664.00, pods 9.00>, releasing <cpu 0.00, memory 0.00>
W0906 15:22:57.066224       1 predicates.go:249] Devices hamivgpu assertion conversion failed, skip
I0906 15:22:57.066231       1 statement.go:307] Allocating operations ...
I0906 15:22:57.066242       1 allocate.go:511] "Allocate subJob to hyperNode success" subJob="volcano-tests/topo-77d6af48-2e6d-4f63-9ce9-847bc908c189" hyperNode="fabric" score=33.90457778373501 newAllocatedHyperNode="fabric"
I0906 15:22:57.066253       1 statement.go:366] Discarding operations ...
I0906 15:22:57.066256       1 statement.go:347] Remove Task <topo-worker-2> on node <volcano-lab-worker2>
W0906 15:22:57.066262       1 predicates.go:294] Devices hamivgpu assertion conversion failed, skip
I0906 15:22:57.066269       1 statement.go:347] Remove Task <topo-worker-1> on node <volcano-lab-worker>
W0906 15:22:57.066275       1 predicates.go:294] Devices hamivgpu assertion conversion failed, skip
I0906 15:22:57.066281       1 statement.go:347] Remove Task <topo-worker-0> on node <volcano-lab-worker>
W0906 15:22:57.066285       1 predicates.go:294] Devices hamivgpu assertion conversion failed, skip
I0906 15:22:57.066293       1 statement.go:277] After allocated Task <volcano-tests/topo-worker-0> to Node <volcano-lab-worker>: idle <cpu 6390.00, memory 27959619584.00, ephemeral-storage 1005867986944000.00, hugepages-1Gi 0.00, hugepages-2Mi 0.00, pods 103.00, volcano.sh/vgpu-cores 200000.00, volcano.sh/vgpu-memory 818000.00, volcano.sh/vgpu-number 20000.00>, used <cpu 5610.00, memory 1193279488.00, pods 7.00>, releasing <cpu 0.00, memory 0.00>
W0906 15:22:57.066304       1 predicates.go:249] Devices hamivgpu assertion conversion failed, skip
I0906 15:22:57.066311       1 statement.go:307] Allocating operations ...
I0906 15:22:57.066318       1 statement.go:277] After allocated Task <volcano-tests/topo-worker-1> to Node <volcano-lab-worker>: idle <cpu 1390.00, memory 27926065152.00, ephemeral-storage 1005867986944000.00, hugepages-1Gi 0.00, hugepages-2Mi 0.00, pods 102.00, volcano.sh/vgpu-cores 200000.00, volcano.sh/vgpu-memory 818000.00, volcano.sh/vgpu-number 20000.00>, used <cpu 10610.00, memory 1226833920.00, pods 8.00>, releasing <cpu 0.00, memory 0.00>
W0906 15:22:57.066334       1 predicates.go:249] Devices hamivgpu assertion conversion failed, skip
I0906 15:22:57.066342       1 statement.go:307] Allocating operations ...
I0906 15:22:57.066347       1 statement.go:277] After allocated Task <volcano-tests/topo-worker-2> to Node <volcano-lab-worker2>: idle <cpu 6890.00, memory 29033361408.00, ephemeral-storage 1005867986944000.00, hugepages-1Gi 0.00, hugepages-2Mi 0.00, pods 101.00, volcano.sh/vgpu-cores 200000.00, volcano.sh/vgpu-memory 818000.00, volcano.sh/vgpu-number 20000.00>, used <cpu 5110.00, memory 119537664.00, pods 9.00>, releasing <cpu 0.00, memory 0.00>
W0906 15:22:57.066356       1 predicates.go:249] Devices hamivgpu assertion conversion failed, skip
I0906 15:22:57.066363       1 statement.go:307] Allocating operations ...
I0906 15:22:57.066369       1 allocate.go:436] "Allocate job to hyperNode success" job="volcano-tests/topo-77d6af48-2e6d-4f63-9ce9-847bc908c189" hyperNode="fabric"
I0906 15:22:57.066374       1 statement.go:393] Committing operations ...
I0906 15:22:57.066429       1 recorder.go:66] "update allocated hyperNode for job" job="volcano-tests/topo-77d6af48-2e6d-4f63-9ce9-847bc908c189" old="" new="fabric"
I0906 15:22:57.066436       1 recorder.go:79] "update allocated hyperNode for subJob" subJob="volcano-tests/topo-77d6af48-2e6d-4f63-9ce9-847bc908c189" old="" new="fabric"
I0906 15:22:57.066442       1 proportion.go:326] Queue <lab> is overused: deserved <cpu 15000.00, memory 100663296.00, ephemeral-storage 0.00, hugepages-1Gi 0.00, hugepages-2Mi 0.00, pods 3.00, volcano.sh/vgpu-cores 0.00, volcano.sh/vgpu-memory 0.00, volcano.sh/vgpu-number 0.00>, allocated <cpu 15000.00, memory 100663296.00, pods 3.00>, share <1>
I0906 15:22:57.066461       1 allocate.go:295] Queue <lab> is overused, ignore it.
I0906 15:22:57.077305       1 cache.go:992] bind ok, latency 6.899296ms
I0906 15:22:57.082670       1 cache.go:992] bind ok, latency 12.269148ms
I0906 15:22:57.083616       1 cache.go:992] bind ok, latency 13.219283ms
I0906 15:22:57.092876       1 session.go:577] Close Session b860a041-cdb9-4c4d-ab9a-5f7d58bb9603
I0906 15:22:58.093365       1 device_info.go:111] GPU sharing mode:  hami-core
I0906 15:22:58.093397       1 device_info.go:113] "Nvidia Device registered name" name="volcano-lab-worker2" val={"ID":0,"Node":"volcano-lab-worker2","UUID":"GPU-22345678-1234-1234-1234-123456780000","PodMap":{},"Memory":409,"Number":10,"Type":"NVIDIA-NVIDIA A100-SXM4-40GB","Health":true,"UsedNum":0,"UsedMem":0,"UsedCore":0,"MigTemplate":[],"MigUsage":{"Index":-1,"UsageList":null}}
I0906 15:22:58.093443       1 device_info.go:113] "Nvidia Device registered name" name="volcano-lab-worker2" val={"ID":1,"Node":"volcano-lab-worker2","UUID":"GPU-22345678-1234-1234-1234-123456780001","PodMap":{},"Memory":409,"Number":10,"Type":"NVIDIA-NVIDIA A100-SXM4-40GB","Health":true,"UsedNum":0,"UsedMem":0,"UsedCore":0,"MigTemplate":[],"MigUsage":{"Index":-1,"UsageList":null}}
I0906 15:22:58.093460       1 device_info.go:111] GPU sharing mode:  hami-core
I0906 15:22:58.093474       1 device_info.go:113] "Nvidia Device registered name" name="volcano-lab-worker2" val={"ID":0,"Node":"volcano-lab-worker2","UUID":"GPU-22345678-1234-1234-1234-123456780000","PodMap":{},"Memory":409,"Number":10,"Type":"NVIDIA-NVIDIA A100-SXM4-40GB","Health":true,"UsedNum":0,"UsedMem":0,"UsedCore":0,"MigTemplate":[],"MigUsage":{"Index":-1,"UsageList":null}}
I0906 15:22:58.093485       1 device_info.go:113] "Nvidia Device registered name" name="volcano-lab-worker2" val={"ID":1,"Node":"volcano-lab-worker2","UUID":"GPU-22345678-1234-1234-1234-123456780001","PodMap":{},"Memory":409,"Number":10,"Type":"NVIDIA-NVIDIA A100-SXM4-40GB","Health":true,"UsedNum":0,"UsedMem":0,"UsedCore":0,"MigTemplate":[],"MigUsage":{"Index":-1,"UsageList":null}}
E0906 15:22:58.093505       1 device_info.go:189] pod topo-worker-2 has no annotation volcano.sh/devices-to-allocate
E0906 15:22:58.093514       1 device_info.go:189] pod prometheus-deployment-7cb9b4545b-h2fz4 has no annotation volcano.sh/devices-to-allocate
E0906 15:22:58.093524       1 device_info.go:189] pod mock2-nvml-mock-mtnbp has no annotation volcano.sh/devices-to-allocate
E0906 15:22:58.093531       1 device_info.go:189] pod volcano-admission-5b979dc8f6-8rdzl has no annotation volcano.sh/devices-to-allocate
E0906 15:22:58.093539       1 device_info.go:189] pod volcano-device-plugin-jj26z has no annotation volcano.sh/devices-to-allocate
E0906 15:22:58.093549       1 device_info.go:189] pod volcano-controllers-5b976c6d4b-rkqw6 has no annotation volcano.sh/devices-to-allocate
E0906 15:22:58.093559       1 device_info.go:189] pod kindnet-5whpw has no annotation volcano.sh/devices-to-allocate
E0906 15:22:58.093571       1 device_info.go:189] pod kube-proxy-gwssg has no annotation volcano.sh/devices-to-allocate
E0906 15:22:58.093578       1 device_info.go:189] pod kube-state-metrics-5ffcdf767c-gf9d5 has no annotation volcano.sh/devices-to-allocate
I0906 15:22:58.093663       1 device_info.go:111] GPU sharing mode:  hami-core
I0906 15:22:58.093675       1 device_info.go:113] "Nvidia Device registered name" name="volcano-lab-worker" val={"ID":0,"Node":"volcano-lab-worker","UUID":"GPU-12345678-1234-1234-1234-123456780000","PodMap":{},"Memory":409,"Number":10,"Type":"NVIDIA-NVIDIA A100-SXM4-40GB","Health":true,"UsedNum":0,"UsedMem":0,"UsedCore":0,"MigTemplate":[],"MigUsage":{"Index":-1,"UsageList":null}}
I0906 15:22:58.093688       1 device_info.go:113] "Nvidia Device registered name" name="volcano-lab-worker" val={"ID":1,"Node":"volcano-lab-worker","UUID":"GPU-12345678-1234-1234-1234-123456780001","PodMap":{},"Memory":409,"Number":10,"Type":"NVIDIA-NVIDIA A100-SXM4-40GB","Health":true,"UsedNum":0,"UsedMem":0,"UsedCore":0,"MigTemplate":[],"MigUsage":{"Index":-1,"UsageList":null}}
I0906 15:22:58.093698       1 device_info.go:111] GPU sharing mode:  hami-core
I0906 15:22:58.093707       1 device_info.go:113] "Nvidia Device registered name" name="volcano-lab-worker" val={"ID":0,"Node":"volcano-lab-worker","UUID":"GPU-12345678-1234-1234-1234-123456780000","PodMap":{},"Memory":409,"Number":10,"Type":"NVIDIA-NVIDIA A100-SXM4-40GB","Health":true,"UsedNum":0,"UsedMem":0,"UsedCore":0,"MigTemplate":[],"MigUsage":{"Index":-1,"UsageList":null}}
I0906 15:22:58.093722       1 device_info.go:113] "Nvidia Device registered name" name="volcano-lab-worker" val={"ID":1,"Node":"volcano-lab-worker","UUID":"GPU-12345678-1234-1234-1234-123456780001","PodMap":{},"Memory":409,"Number":10,"Type":"NVIDIA-NVIDIA A100-SXM4-40GB","Health":true,"UsedNum":0,"UsedMem":0,"UsedCore":0,"MigTemplate":[],"MigUsage":{"Index":-1,"UsageList":null}}
E0906 15:22:58.093733       1 device_info.go:189] pod kindnet-k2m7h has no annotation volcano.sh/devices-to-allocate
E0906 15:22:58.093741       1 device_info.go:189] pod volcano-device-plugin-2sg22 has no annotation volcano.sh/devices-to-allocate
E0906 15:22:58.093748       1 device_info.go:189] pod topo-worker-0 has no annotation volcano.sh/devices-to-allocate
E0906 15:22:58.093754       1 device_info.go:189] pod topo-worker-1 has no annotation volcano.sh/devices-to-allocate
E0906 15:22:58.093761       1 device_info.go:189] pod kube-proxy-btcmr has no annotation volcano.sh/devices-to-allocate
E0906 15:22:58.093767       1 device_info.go:189] pod mock1-nvml-mock-9rgh9 has no annotation volcano.sh/devices-to-allocate
E0906 15:22:58.093773       1 device_info.go:189] pod grafana-7c5659d458-xrbnn has no annotation volcano.sh/devices-to-allocate
E0906 15:22:58.093780       1 device_info.go:189] pod volcano-scheduler-dd6446766-mfrcr has no annotation volcano.sh/devices-to-allocate
I0906 15:22:58.093879       1 cache.go:1581] "SnapShot for scheduling" jobNum=1 QueueNum=3 NodeNum=3
I0906 15:22:58.093899       1 session.go:1036] Start adjusting jobs' network topology spec according to hyperNodeTierNameMap map[]
I0906 15:22:58.093912       1 session.go:1079] Finish adjusting jobs' network topology spec according to hyperNodeTierNameMap map[]
I0906 15:22:58.093926       1 session.go:279] Open Session 879140f9-e8ae-4bba-8f35-86225c2433f9 with <1> Job and <3> Queues. HyperNodesReadyToSchedule: true
I0906 15:22:58.094414       1 gpuexclusive.go:437] gpuexclusive: no rules configured, skipping GPU exclusivity wrapping
I0906 15:22:58.094475       1 enqueue.go:79] Try to enqueue PodGroup to 0 Queues
I0906 15:22:58.094486       1 reclaim.go:68] There are <1> Jobs and <3> Queues in total for scheduling.
I0906 15:22:58.094501       1 proportion.go:326] Queue <lab> is overused: deserved <cpu 15000.00, memory 100663296.00, ephemeral-storage 0.00, hugepages-1Gi 0.00, hugepages-2Mi 0.00, pods 3.00, volcano.sh/vgpu-cores 0.00, volcano.sh/vgpu-memory 0.00, volcano.sh/vgpu-number 0.00>, allocated <cpu 15000.00, memory 100663296.00, pods 3.00>, share <1>
I0906 15:22:58.094532       1 reclaim.go:112] Queue <lab> is overused, ignore it.
I0906 15:22:58.094543       1 allocate.go:138] Try to allocate resource to 0 Queues
I0906 15:22:58.111835       1 session.go:577] Close Session 879140f9-e8ae-4bba-8f35-86225c2433f9
I0906 15:22:59.112345       1 device_info.go:111] GPU sharing mode:  hami-core
I0906 15:22:59.112391       1 device_info.go:113] "Nvidia Device registered name" name="volcano-lab-worker" val={"ID":0,"Node":"volcano-lab-worker","UUID":"GPU-12345678-1234-1234-1234-123456780000","PodMap":{},"Memory":409,"Number":10,"Type":"NVIDIA-NVIDIA A100-SXM4-40GB","Health":true,"UsedNum":0,"UsedMem":0,"UsedCore":0,"MigTemplate":[],"MigUsage":{"Index":-1,"UsageList":null}}
I0906 15:22:59.112422       1 device_info.go:113] "Nvidia Device registered name" name="volcano-lab-worker" val={"ID":1,"Node":"volcano-lab-worker","UUID":"GPU-12345678-1234-1234-1234-123456780001","PodMap":{},"Memory":409,"Number":10,"Type":"NVIDIA-NVIDIA A100-SXM4-40GB","Health":true,"UsedNum":0,"UsedMem":0,"UsedCore":0,"MigTemplate":[],"MigUsage":{"Index":-1,"UsageList":null}}
I0906 15:22:59.112443       1 device_info.go:111] GPU sharing mode:  hami-core
I0906 15:22:59.112466       1 device_info.go:113] "Nvidia Device registered name" name="volcano-lab-worker" val={"ID":0,"Node":"volcano-lab-worker","UUID":"GPU-12345678-1234-1234-1234-123456780000","PodMap":{},"Memory":409,"Number":10,"Type":"NVIDIA-NVIDIA A100-SXM4-40GB","Health":true,"UsedNum":0,"UsedMem":0,"UsedCore":0,"MigTemplate":[],"MigUsage":{"Index":-1,"UsageList":null}}
I0906 15:22:59.112481       1 device_info.go:113] "Nvidia Device registered name" name="volcano-lab-worker" val={"ID":1,"Node":"volcano-lab-worker","UUID":"GPU-12345678-1234-1234-1234-123456780001","PodMap":{},"Memory":409,"Number":10,"Type":"NVIDIA-NVIDIA A100-SXM4-40GB","Health":true,"UsedNum":0,"UsedMem":0,"UsedCore":0,"MigTemplate":[],"MigUsage":{"Index":-1,"UsageList":null}}
E0906 15:22:59.112502       1 device_info.go:189] pod topo-worker-0 has no annotation volcano.sh/devices-to-allocate
E0906 15:22:59.112516       1 device_info.go:189] pod topo-worker-1 has no annotation volcano.sh/devices-to-allocate
E0906 15:22:59.112527       1 device_info.go:189] pod kube-proxy-btcmr has no annotation volcano.sh/devices-to-allocate
E0906 15:22:59.112536       1 device_info.go:189] pod mock1-nvml-mock-9rgh9 has no annotation volcano.sh/devices-to-allocate
E0906 15:22:59.112543       1 device_info.go:189] pod grafana-7c5659d458-xrbnn has no annotation volcano.sh/devices-to-allocate
E0906 15:22:59.112548       1 device_info.go:189] pod volcano-scheduler-dd6446766-mfrcr has no annotation volcano.sh/devices-to-allocate
E0906 15:22:59.112553       1 device_info.go:189] pod kindnet-k2m7h has no annotation volcano.sh/devices-to-allocate
E0906 15:22:59.112557       1 device_info.go:189] pod volcano-device-plugin-2sg22 has no annotation volcano.sh/devices-to-allocate
I0906 15:22:59.112579       1 device_info.go:111] GPU sharing mode:  hami-core
I0906 15:22:59.112585       1 device_info.go:113] "Nvidia Device registered name" name="volcano-lab-worker2" val={"ID":0,"Node":"volcano-lab-worker2","UUID":"GPU-22345678-1234-1234-1234-123456780000","PodMap":{},"Memory":409,"Number":10,"Type":"NVIDIA-NVIDIA A100-SXM4-40GB","Health":true,"UsedNum":0,"UsedMem":0,"UsedCore":0,"MigTemplate":[],"MigUsage":{"Index":-1,"UsageList":null}}
I0906 15:22:59.112591       1 device_info.go:113] "Nvidia Device registered name" name="volcano-lab-worker2" val={"ID":1,"Node":"volcano-lab-worker2","UUID":"GPU-22345678-1234-1234-1234-123456780001","PodMap":{},"Memory":409,"Number":10,"Type":"NVIDIA-NVIDIA A100-SXM4-40GB","Health":true,"UsedNum":0,"UsedMem":0,"UsedCore":0,"MigTemplate":[],"MigUsage":{"Index":-1,"UsageList":null}}
I0906 15:22:59.112596       1 device_info.go:111] GPU sharing mode:  hami-core
I0906 15:22:59.112600       1 device_info.go:113] "Nvidia Device registered name" name="volcano-lab-worker2" val={"ID":0,"Node":"volcano-lab-worker2","UUID":"GPU-22345678-1234-1234-1234-123456780000","PodMap":{},"Memory":409,"Number":10,"Type":"NVIDIA-NVIDIA A100-SXM4-40GB","Health":true,"UsedNum":0,"UsedMem":0,"UsedCore":0,"MigTemplate":[],"MigUsage":{"Index":-1,"UsageList":null}}
I0906 15:22:59.112604       1 device_info.go:113] "Nvidia Device registered name" name="volcano-lab-worker2" val={"ID":1,"Node":"volcano-lab-worker2","UUID":"GPU-22345678-1234-1234-1234-123456780001","PodMap":{},"Memory":409,"Number":10,"Type":"NVIDIA-NVIDIA A100-SXM4-40GB","Health":true,"UsedNum":0,"UsedMem":0,"UsedCore":0,"MigTemplate":[],"MigUsage":{"Index":-1,"UsageList":null}}
E0906 15:22:59.112611       1 device_info.go:189] pod kube-state-metrics-5ffcdf767c-gf9d5 has no annotation volcano.sh/devices-to-allocate
E0906 15:22:59.112626       1 device_info.go:189] pod topo-worker-2 has no annotation volcano.sh/devices-to-allocate
E0906 15:22:59.112630       1 device_info.go:189] pod prometheus-deployment-7cb9b4545b-h2fz4 has no annotation volcano.sh/devices-to-allocate
E0906 15:22:59.112635       1 device_info.go:189] pod mock2-nvml-mock-mtnbp has no annotation volcano.sh/devices-to-allocate
E0906 15:22:59.112639       1 device_info.go:189] pod volcano-admission-5b979dc8f6-8rdzl has no annotation volcano.sh/devices-to-allocate
E0906 15:22:59.112643       1 device_info.go:189] pod volcano-device-plugin-jj26z has no annotation volcano.sh/devices-to-allocate
E0906 15:22:59.112647       1 device_info.go:189] pod volcano-controllers-5b976c6d4b-rkqw6 has no annotation volcano.sh/devices-to-allocate
E0906 15:22:59.112650       1 device_info.go:189] pod kindnet-5whpw has no annotation volcano.sh/devices-to-allocate
E0906 15:22:59.112654       1 device_info.go:189] pod kube-proxy-gwssg has no annotation volcano.sh/devices-to-allocate
I0906 15:22:59.112712       1 cache.go:1581] "SnapShot for scheduling" jobNum=1 QueueNum=3 NodeNum=3
I0906 15:22:59.112724       1 session.go:1036] Start adjusting jobs' network topology spec according to hyperNodeTierNameMap map[]
I0906 15:22:59.112731       1 session.go:1079] Finish adjusting jobs' network topology spec according to hyperNodeTierNameMap map[]
I0906 15:22:59.112738       1 session.go:279] Open Session 9a3354ca-748c-4c15-b20a-cd1bca5543ab with <1> Job and <3> Queues. HyperNodesReadyToSchedule: true
I0906 15:22:59.113064       1 gpuexclusive.go:437] gpuexclusive: no rules configured, skipping GPU exclusivity wrapping
I0906 15:22:59.113102       1 enqueue.go:79] Try to enqueue PodGroup to 0 Queues
I0906 15:22:59.113108       1 reclaim.go:68] There are <1> Jobs and <3> Queues in total for scheduling.
I0906 15:22:59.113116       1 proportion.go:326] Queue <lab> is overused: deserved <cpu 15000.00, memory 100663296.00, ephemeral-storage 0.00, hugepages-1Gi 0.00, hugepages-2Mi 0.00, pods 3.00, volcano.sh/vgpu-cores 0.00, volcano.sh/vgpu-memory 0.00, volcano.sh/vgpu-number 0.00>, allocated <cpu 15000.00, memory 100663296.00, pods 3.00>, share <1>
I0906 15:22:59.113130       1 reclaim.go:112] Queue <lab> is overused, ignore it.
I0906 15:22:59.113141       1 allocate.go:138] Try to allocate resource to 0 Queues
I0906 15:22:59.132916       1 session.go:577] Close Session 9a3354ca-748c-4c15-b20a-cd1bca5543ab
