I0906 15:18:53.804392       1 proportion.go:326] Queue <lab> is overused: deserved <cpu 200.00, memory 67108864.00, ephemeral-storage 0.00, hugepages-1Gi 0.00, hugepages-2Mi 0.00, pods 2.00, volcano.sh/vgpu-cores 0.00, volcano.sh/vgpu-memory 0.00, volcano.sh/vgpu-number 0.00>, allocated <cpu 200.00, memory 67108864.00, pods 2.00>, share <1>
I0906 15:18:53.804417       1 reclaim.go:112] Queue <lab> is overused, ignore it.
I0906 15:18:53.804437       1 allocate.go:138] Try to allocate resource to 0 Queues
I0906 15:18:53.813292       1 session.go:577] Close Session c8467a51-a6bc-422b-a0fb-cb67a812629d
I0906 15:18:54.025350       1 event_handlers.go:476] Deleted pod <volcano-tests/restart-worker-0> from cache.
I0906 15:18:54.048302       1 event_handlers.go:476] Deleted pod <volcano-tests/restart-worker-1> from cache.
I0906 15:18:54.062740       1 cache.go:1126] Try to delete Job <volcano-tests/restart-f24924ab-fabb-49e3-9ece-c961c6f81a8e:volcano-tests/restart-f24924ab-fabb-49e3-9ece-c961c6f81a8e>
I0906 15:18:54.062793       1 cache.go:1166] Job <volcano-tests/restart-f24924ab-fabb-49e3-9ece-c961c6f81a8e:volcano-tests/restart-f24924ab-fabb-49e3-9ece-c961c6f81a8e> was deleted.
I0906 15:18:54.069803       1 event_handlers.go:421] Added pod <volcano-tests/restart-worker-1> into cache.
I0906 15:18:54.069827       1 event_handlers.go:421] Added pod <volcano-tests/restart-worker-0> into cache.
I0906 15:18:54.813746       1 device_info.go:111] GPU sharing mode:  hami-core
I0906 15:18:54.813791       1 device_info.go:113] "Nvidia Device registered name" name="volcano-lab-worker2" val={"ID":1,"Node":"volcano-lab-worker2","UUID":"GPU-22345678-1234-1234-1234-123456780001","PodMap":{},"Memory":409,"Number":10,"Type":"NVIDIA-NVIDIA A100-SXM4-40GB","Health":true,"UsedNum":0,"UsedMem":0,"UsedCore":0,"MigTemplate":[],"MigUsage":{"Index":-1,"UsageList":null}}
I0906 15:18:54.813823       1 device_info.go:113] "Nvidia Device registered name" name="volcano-lab-worker2" val={"ID":0,"Node":"volcano-lab-worker2","UUID":"GPU-22345678-1234-1234-1234-123456780000","PodMap":{},"Memory":409,"Number":10,"Type":"NVIDIA-NVIDIA A100-SXM4-40GB","Health":true,"UsedNum":0,"UsedMem":0,"UsedCore":0,"MigTemplate":[],"MigUsage":{"Index":-1,"UsageList":null}}
I0906 15:18:54.813847       1 device_info.go:111] GPU sharing mode:  hami-core
I0906 15:18:54.813870       1 device_info.go:113] "Nvidia Device registered name" name="volcano-lab-worker2" val={"ID":0,"Node":"volcano-lab-worker2","UUID":"GPU-22345678-1234-1234-1234-123456780000","PodMap":{},"Memory":409,"Number":10,"Type":"NVIDIA-NVIDIA A100-SXM4-40GB","Health":true,"UsedNum":0,"UsedMem":0,"UsedCore":0,"MigTemplate":[],"MigUsage":{"Index":-1,"UsageList":null}}
I0906 15:18:54.813908       1 device_info.go:113] "Nvidia Device registered name" name="volcano-lab-worker2" val={"ID":1,"Node":"volcano-lab-worker2","UUID":"GPU-22345678-1234-1234-1234-123456780001","PodMap":{},"Memory":409,"Number":10,"Type":"NVIDIA-NVIDIA A100-SXM4-40GB","Health":true,"UsedNum":0,"UsedMem":0,"UsedCore":0,"MigTemplate":[],"MigUsage":{"Index":-1,"UsageList":null}}
E0906 15:18:54.813960       1 device_info.go:189] pod volcano-controllers-5b976c6d4b-rkqw6 has no annotation volcano.sh/devices-to-allocate
E0906 15:18:54.813976       1 device_info.go:189] pod kindnet-5whpw has no annotation volcano.sh/devices-to-allocate
E0906 15:18:54.813987       1 device_info.go:189] pod kube-proxy-gwssg has no annotation volcano.sh/devices-to-allocate
E0906 15:18:54.813998       1 device_info.go:189] pod volcano-device-plugin-jj26z has no annotation volcano.sh/devices-to-allocate
E0906 15:18:54.814009       1 device_info.go:189] pod prometheus-deployment-7cb9b4545b-h2fz4 has no annotation volcano.sh/devices-to-allocate
E0906 15:18:54.814021       1 device_info.go:189] pod volcano-admission-5b979dc8f6-8rdzl has no annotation volcano.sh/devices-to-allocate
E0906 15:18:54.814035       1 device_info.go:189] pod kube-state-metrics-5ffcdf767c-gf9d5 has no annotation volcano.sh/devices-to-allocate
E0906 15:18:54.814046       1 device_info.go:189] pod mock2-nvml-mock-mtnbp has no annotation volcano.sh/devices-to-allocate
I0906 15:18:54.814181       1 device_info.go:111] GPU sharing mode:  hami-core
I0906 15:18:54.814202       1 device_info.go:113] "Nvidia Device registered name" name="volcano-lab-worker" val={"ID":0,"Node":"volcano-lab-worker","UUID":"GPU-12345678-1234-1234-1234-123456780000","PodMap":{},"Memory":409,"Number":10,"Type":"NVIDIA-NVIDIA A100-SXM4-40GB","Health":true,"UsedNum":0,"UsedMem":0,"UsedCore":0,"MigTemplate":[],"MigUsage":{"Index":-1,"UsageList":null}}
I0906 15:18:54.814224       1 device_info.go:113] "Nvidia Device registered name" name="volcano-lab-worker" val={"ID":1,"Node":"volcano-lab-worker","UUID":"GPU-12345678-1234-1234-1234-123456780001","PodMap":{},"Memory":409,"Number":10,"Type":"NVIDIA-NVIDIA A100-SXM4-40GB","Health":true,"UsedNum":0,"UsedMem":0,"UsedCore":0,"MigTemplate":[],"MigUsage":{"Index":-1,"UsageList":null}}
I0906 15:18:54.814249       1 device_info.go:111] GPU sharing mode:  hami-core
I0906 15:18:54.814264       1 device_info.go:113] "Nvidia Device registered name" name="volcano-lab-worker" val={"ID":0,"Node":"volcano-lab-worker","UUID":"GPU-12345678-1234-1234-1234-123456780000","PodMap":{},"Memory":409,"Number":10,"Type":"NVIDIA-NVIDIA A100-SXM4-40GB","Health":true,"UsedNum":0,"UsedMem":0,"UsedCore":0,"MigTemplate":[],"MigUsage":{"Index":-1,"UsageList":null}}
I0906 15:18:54.814285       1 device_info.go:113] "Nvidia Device registered name" name="volcano-lab-worker" val={"ID":1,"Node":"volcano-lab-worker","UUID":"GPU-12345678-1234-1234-1234-123456780001","PodMap":{},"Memory":409,"Number":10,"Type":"NVIDIA-NVIDIA A100-SXM4-40GB","Health":true,"UsedNum":0,"UsedMem":0,"UsedCore":0,"MigTemplate":[],"MigUsage":{"Index":-1,"UsageList":null}}
E0906 15:18:54.814305       1 device_info.go:189] pod grafana-7c5659d458-xrbnn has no annotation volcano.sh/devices-to-allocate
E0906 15:18:54.814320       1 device_info.go:189] pod kindnet-k2m7h has no annotation volcano.sh/devices-to-allocate
E0906 15:18:54.814331       1 device_info.go:189] pod volcano-device-plugin-2sg22 has no annotation volcano.sh/devices-to-allocate
E0906 15:18:54.814354       1 device_info.go:189] pod kube-proxy-btcmr has no annotation volcano.sh/devices-to-allocate
E0906 15:18:54.814365       1 device_info.go:189] pod mock1-nvml-mock-9rgh9 has no annotation volcano.sh/devices-to-allocate
E0906 15:18:54.814376       1 device_info.go:189] pod volcano-scheduler-5c55487d7d-gc8q5 has no annotation volcano.sh/devices-to-allocate
I0906 15:18:54.814514       1 cache.go:1581] "SnapShot for scheduling" jobNum=1 QueueNum=3 NodeNum=3
I0906 15:18:54.814541       1 session.go:1036] Start adjusting jobs' network topology spec according to hyperNodeTierNameMap map[]
I0906 15:18:54.814559       1 session.go:1079] Finish adjusting jobs' network topology spec according to hyperNodeTierNameMap map[]
I0906 15:18:54.814588       1 session.go:279] Open Session 2c15125f-38e8-4d01-9bf7-8b8e40434418 with <1> Job and <3> Queues. HyperNodesReadyToSchedule: true
I0906 15:18:54.815111       1 gpuexclusive.go:437] gpuexclusive: no rules configured, skipping GPU exclusivity wrapping
I0906 15:18:54.815137       1 enqueue.go:79] Try to enqueue PodGroup to 1 Queues
I0906 15:18:54.815163       1 reclaim.go:68] There are <1> Jobs and <3> Queues in total for scheduling.
I0906 15:18:54.815180       1 reclaim.go:140] Considering reclaim for 2 tasks of job <volcano-tests/restart-f24924ab-fabb-49e3-9ece-c961c6f81a8e>.
I0906 15:18:54.815241       1 predicate_helper.go:115] Predicates failed: task volcano-tests/restart-worker-0 on node volcano-lab-control-plane fit failed: node(s) had untolerated taint(s)
W0906 15:18:54.815262       1 deviceshare.go:256] Devices hamivgpu assertion conversion failed, skip
W0906 15:18:54.815263       1 deviceshare.go:256] Devices hamivgpu assertion conversion failed, skip
I0906 15:18:54.815278       1 reclaim.go:185] Considering Task <volcano-tests/restart-worker-0> on Node <volcano-lab-worker>.
I0906 15:18:54.815284       1 reclaim.go:185] Considering Task <volcano-tests/restart-worker-0> on Node <volcano-lab-worker2>.
I0906 15:18:54.815295       1 reclaim.go:140] Considering reclaim for 1 tasks of job <volcano-tests/restart-f24924ab-fabb-49e3-9ece-c961c6f81a8e>.
I0906 15:18:54.815329       1 predicate_helper.go:115] Predicates failed: task volcano-tests/restart-worker-1 on node volcano-lab-control-plane fit failed: node(s) had untolerated taint(s)
W0906 15:18:54.815339       1 deviceshare.go:256] Devices hamivgpu assertion conversion failed, skip
W0906 15:18:54.815346       1 deviceshare.go:256] Devices hamivgpu assertion conversion failed, skip
I0906 15:18:54.815355       1 reclaim.go:185] Considering Task <volcano-tests/restart-worker-1> on Node <volcano-lab-worker>.
I0906 15:18:54.815361       1 reclaim.go:185] Considering Task <volcano-tests/restart-worker-1> on Node <volcano-lab-worker2>.
I0906 15:18:54.815369       1 reclaim.go:135] No preemptor task in job <volcano-tests/restart-f24924ab-fabb-49e3-9ece-c961c6f81a8e>.
I0906 15:18:54.815374       1 statement.go:366] Discarding operations ...
I0906 15:18:54.815389       1 allocate.go:138] Try to allocate resource to 1 Queues
I0906 15:18:54.815400       1 allocate.go:328] "Try to allocate resource" queue="lab" job="volcano-tests/restart-f24924ab-fabb-49e3-9ece-c961c6f81a8e" taskNum=2
I0906 15:18:54.815412       1 allocate.go:757] There are <3> nodes for Job <volcano-tests/restart-f24924ab-fabb-49e3-9ece-c961c6f81a8e>
W0906 15:18:54.815465       1 deviceshare.go:256] Devices hamivgpu assertion conversion failed, skip
I0906 15:18:54.815464       1 predicate_helper.go:115] Predicates failed: task volcano-tests/restart-worker-0 on node volcano-lab-control-plane fit failed: node(s) had untolerated taint(s)
W0906 15:18:54.815487       1 deviceshare.go:256] Devices hamivgpu assertion conversion failed, skip
I0906 15:18:54.815595       1 allocate.go:934] Binding Task <volcano-tests/restart-worker-0> to node <volcano-lab-worker>
I0906 15:18:54.815606       1 statement.go:277] After allocated Task <volcano-tests/restart-worker-0> to Node <volcano-lab-worker>: idle <cpu 11290.00, memory 27959619584.00, ephemeral-storage 1005867986944000.00, hugepages-1Gi 0.00, hugepages-2Mi 0.00, pods 103.00, volcano.sh/vgpu-cores 200000.00, volcano.sh/vgpu-memory 818000.00, volcano.sh/vgpu-number 20000.00>, used <cpu 710.00, memory 1193279488.00, pods 7.00>, releasing <cpu 0.00, memory 0.00>
W0906 15:18:54.815641       1 predicates.go:249] Devices hamivgpu assertion conversion failed, skip
I0906 15:18:54.815673       1 statement.go:307] Allocating operations ...
I0906 15:18:54.815687       1 allocate.go:757] There are <3> nodes for Job <volcano-tests/restart-f24924ab-fabb-49e3-9ece-c961c6f81a8e>
W0906 15:18:54.815721       1 deviceshare.go:256] Devices hamivgpu assertion conversion failed, skip
W0906 15:18:54.815723       1 deviceshare.go:256] Devices hamivgpu assertion conversion failed, skip
I0906 15:18:54.815833       1 allocate.go:934] Binding Task <volcano-tests/restart-worker-1> to node <volcano-lab-worker>
I0906 15:18:54.815846       1 statement.go:277] After allocated Task <volcano-tests/restart-worker-1> to Node <volcano-lab-worker>: idle <cpu 11190.00, memory 27926065152.00, ephemeral-storage 1005867986944000.00, hugepages-1Gi 0.00, hugepages-2Mi 0.00, pods 102.00, volcano.sh/vgpu-cores 200000.00, volcano.sh/vgpu-memory 818000.00, volcano.sh/vgpu-number 20000.00>, used <cpu 810.00, memory 1226833920.00, pods 8.00>, releasing <cpu 0.00, memory 0.00>
W0906 15:18:54.815877       1 predicates.go:249] Devices hamivgpu assertion conversion failed, skip
I0906 15:18:54.815894       1 statement.go:307] Allocating operations ...
I0906 15:18:54.815911       1 allocate.go:833] "SubJob ready, return statement" job="volcano-tests/restart-f24924ab-fabb-49e3-9ece-c961c6f81a8e" subJob="volcano-tests/restart-f24924ab-fabb-49e3-9ece-c961c6f81a8e"
I0906 15:18:54.815922       1 statement.go:393] Committing operations ...
I0906 15:18:54.815947       1 proportion.go:326] Queue <lab> is overused: deserved <cpu 200.00, memory 67108864.00, ephemeral-storage 0.00, hugepages-1Gi 0.00, hugepages-2Mi 0.00, pods 2.00, volcano.sh/vgpu-cores 0.00, volcano.sh/vgpu-memory 0.00, volcano.sh/vgpu-number 0.00>, allocated <cpu 200.00, memory 67108864.00, pods 2.00>, share <1>
I0906 15:18:54.815960       1 allocate.go:295] Queue <lab> is overused, ignore it.
I0906 15:18:54.824326       1 session.go:577] Close Session 2c15125f-38e8-4d01-9bf7-8b8e40434418
I0906 15:18:54.829255       1 cache.go:992] bind ok, latency 8.436164ms
I0906 15:18:54.829352       1 cache.go:992] bind ok, latency 8.484505ms
I0906 15:18:55.824713       1 device_info.go:111] GPU sharing mode:  hami-core
I0906 15:18:55.824758       1 device_info.go:113] "Nvidia Device registered name" name="volcano-lab-worker" val={"ID":0,"Node":"volcano-lab-worker","UUID":"GPU-12345678-1234-1234-1234-123456780000","PodMap":{},"Memory":409,"Number":10,"Type":"NVIDIA-NVIDIA A100-SXM4-40GB","Health":true,"UsedNum":0,"UsedMem":0,"UsedCore":0,"MigTemplate":[],"MigUsage":{"Index":-1,"UsageList":null}}
I0906 15:18:55.824790       1 device_info.go:113] "Nvidia Device registered name" name="volcano-lab-worker" val={"ID":1,"Node":"volcano-lab-worker","UUID":"GPU-12345678-1234-1234-1234-123456780001","PodMap":{},"Memory":409,"Number":10,"Type":"NVIDIA-NVIDIA A100-SXM4-40GB","Health":true,"UsedNum":0,"UsedMem":0,"UsedCore":0,"MigTemplate":[],"MigUsage":{"Index":-1,"UsageList":null}}
I0906 15:18:55.824822       1 device_info.go:111] GPU sharing mode:  hami-core
I0906 15:18:55.824841       1 device_info.go:113] "Nvidia Device registered name" name="volcano-lab-worker" val={"ID":1,"Node":"volcano-lab-worker","UUID":"GPU-12345678-1234-1234-1234-123456780001","PodMap":{},"Memory":409,"Number":10,"Type":"NVIDIA-NVIDIA A100-SXM4-40GB","Health":true,"UsedNum":0,"UsedMem":0,"UsedCore":0,"MigTemplate":[],"MigUsage":{"Index":-1,"UsageList":null}}
I0906 15:18:55.824861       1 device_info.go:113] "Nvidia Device registered name" name="volcano-lab-worker" val={"ID":0,"Node":"volcano-lab-worker","UUID":"GPU-12345678-1234-1234-1234-123456780000","PodMap":{},"Memory":409,"Number":10,"Type":"NVIDIA-NVIDIA A100-SXM4-40GB","Health":true,"UsedNum":0,"UsedMem":0,"UsedCore":0,"MigTemplate":[],"MigUsage":{"Index":-1,"UsageList":null}}
E0906 15:18:55.824889       1 device_info.go:189] pod volcano-device-plugin-2sg22 has no annotation volcano.sh/devices-to-allocate
E0906 15:18:55.824905       1 device_info.go:189] pod kube-proxy-btcmr has no annotation volcano.sh/devices-to-allocate
E0906 15:18:55.824917       1 device_info.go:189] pod mock1-nvml-mock-9rgh9 has no annotation volcano.sh/devices-to-allocate
E0906 15:18:55.824929       1 device_info.go:189] pod volcano-scheduler-5c55487d7d-gc8q5 has no annotation volcano.sh/devices-to-allocate
E0906 15:18:55.824945       1 device_info.go:189] pod grafana-7c5659d458-xrbnn has no annotation volcano.sh/devices-to-allocate
E0906 15:18:55.824956       1 device_info.go:189] pod kindnet-k2m7h has no annotation volcano.sh/devices-to-allocate
E0906 15:18:55.824988       1 device_info.go:189] pod restart-worker-0 has no annotation volcano.sh/devices-to-allocate
E0906 15:18:55.825000       1 device_info.go:189] pod restart-worker-1 has no annotation volcano.sh/devices-to-allocate
I0906 15:18:55.825082       1 device_info.go:111] GPU sharing mode:  hami-core
I0906 15:18:55.825112       1 device_info.go:113] "Nvidia Device registered name" name="volcano-lab-worker2" val={"ID":0,"Node":"volcano-lab-worker2","UUID":"GPU-22345678-1234-1234-1234-123456780000","PodMap":{},"Memory":409,"Number":10,"Type":"NVIDIA-NVIDIA A100-SXM4-40GB","Health":true,"UsedNum":0,"UsedMem":0,"UsedCore":0,"MigTemplate":[],"MigUsage":{"Index":-1,"UsageList":null}}
I0906 15:18:55.825141       1 device_info.go:113] "Nvidia Device registered name" name="volcano-lab-worker2" val={"ID":1,"Node":"volcano-lab-worker2","UUID":"GPU-22345678-1234-1234-1234-123456780001","PodMap":{},"Memory":409,"Number":10,"Type":"NVIDIA-NVIDIA A100-SXM4-40GB","Health":true,"UsedNum":0,"UsedMem":0,"UsedCore":0,"MigTemplate":[],"MigUsage":{"Index":-1,"UsageList":null}}
I0906 15:18:55.825171       1 device_info.go:111] GPU sharing mode:  hami-core
I0906 15:18:55.825189       1 device_info.go:113] "Nvidia Device registered name" name="volcano-lab-worker2" val={"ID":0,"Node":"volcano-lab-worker2","UUID":"GPU-22345678-1234-1234-1234-123456780000","PodMap":{},"Memory":409,"Number":10,"Type":"NVIDIA-NVIDIA A100-SXM4-40GB","Health":true,"UsedNum":0,"UsedMem":0,"UsedCore":0,"MigTemplate":[],"MigUsage":{"Index":-1,"UsageList":null}}
I0906 15:18:55.825209       1 device_info.go:113] "Nvidia Device registered name" name="volcano-lab-worker2" val={"ID":1,"Node":"volcano-lab-worker2","UUID":"GPU-22345678-1234-1234-1234-123456780001","PodMap":{},"Memory":409,"Number":10,"Type":"NVIDIA-NVIDIA A100-SXM4-40GB","Health":true,"UsedNum":0,"UsedMem":0,"UsedCore":0,"MigTemplate":[],"MigUsage":{"Index":-1,"UsageList":null}}
E0906 15:18:55.825238       1 device_info.go:189] pod volcano-admission-5b979dc8f6-8rdzl has no annotation volcano.sh/devices-to-allocate
E0906 15:18:55.825252       1 device_info.go:189] pod kube-state-metrics-5ffcdf767c-gf9d5 has no annotation volcano.sh/devices-to-allocate
E0906 15:18:55.825264       1 device_info.go:189] pod mock2-nvml-mock-mtnbp has no annotation volcano.sh/devices-to-allocate
E0906 15:18:55.825277       1 device_info.go:189] pod volcano-controllers-5b976c6d4b-rkqw6 has no annotation volcano.sh/devices-to-allocate
E0906 15:18:55.825288       1 device_info.go:189] pod kindnet-5whpw has no annotation volcano.sh/devices-to-allocate
E0906 15:18:55.825297       1 device_info.go:189] pod kube-proxy-gwssg has no annotation volcano.sh/devices-to-allocate
E0906 15:18:55.825307       1 device_info.go:189] pod volcano-device-plugin-jj26z has no annotation volcano.sh/devices-to-allocate
E0906 15:18:55.825317       1 device_info.go:189] pod prometheus-deployment-7cb9b4545b-h2fz4 has no annotation volcano.sh/devices-to-allocate
I0906 15:18:55.825441       1 cache.go:1581] "SnapShot for scheduling" jobNum=1 QueueNum=3 NodeNum=3
I0906 15:18:55.825455       1 session.go:1036] Start adjusting jobs' network topology spec according to hyperNodeTierNameMap map[]
I0906 15:18:55.825465       1 session.go:1079] Finish adjusting jobs' network topology spec according to hyperNodeTierNameMap map[]
I0906 15:18:55.825477       1 session.go:279] Open Session b0671c1b-2f13-49d4-8f7b-1d5e64a8fcf2 with <1> Job and <3> Queues. HyperNodesReadyToSchedule: true
I0906 15:18:55.826548       1 gpuexclusive.go:437] gpuexclusive: no rules configured, skipping GPU exclusivity wrapping
I0906 15:18:55.826566       1 enqueue.go:79] Try to enqueue PodGroup to 0 Queues
I0906 15:18:55.826571       1 reclaim.go:68] There are <1> Jobs and <3> Queues in total for scheduling.
I0906 15:18:55.826579       1 proportion.go:326] Queue <lab> is overused: deserved <cpu 200.00, memory 67108864.00, ephemeral-storage 0.00, hugepages-1Gi 0.00, hugepages-2Mi 0.00, pods 2.00, volcano.sh/vgpu-cores 0.00, volcano.sh/vgpu-memory 0.00, volcano.sh/vgpu-number 0.00>, allocated <cpu 200.00, memory 67108864.00, pods 2.00>, share <1>
I0906 15:18:55.826595       1 reclaim.go:112] Queue <lab> is overused, ignore it.
I0906 15:18:55.826605       1 allocate.go:138] Try to allocate resource to 0 Queues
I0906 15:18:55.835227       1 session.go:577] Close Session b0671c1b-2f13-49d4-8f7b-1d5e64a8fcf2
