#0 building with "default" instance using docker driver

#1 [internal] load build definition from Dockerfile
#1 DONE 0.0s

#1 [internal] load build definition from Dockerfile
#1 transferring dockerfile: 2.38kB done
#1 DONE 0.0s

#2 [internal] load metadata for docker.io/kindest/node:v1.35.0@sha256:452d707d4862f52530247495d180205e029056831160e22870e37e3f6c1ac31f
#2 ...

#3 [auth] kindest/node:pull token for registry-1.docker.io
#3 DONE 0.0s

#2 [internal] load metadata for docker.io/kindest/node:v1.35.0@sha256:452d707d4862f52530247495d180205e029056831160e22870e37e3f6c1ac31f
#2 DONE 1.8s

#4 [internal] load .dockerignore
#4 transferring context: 2B done
#4 DONE 0.0s

#5 [1/4] FROM docker.io/kindest/node:v1.35.0@sha256:452d707d4862f52530247495d180205e029056831160e22870e37e3f6c1ac31f
#5 DONE 0.0s

#6 [internal] load build context
#6 transferring context: 3.46kB done
#6 DONE 0.0s

#7 [2/4] COPY containerd-config.toml /etc/containerd/config.toml
#7 CACHED

#8 [3/4] RUN apt-get update -qq     && apt-get install -y -qq curl gpg     && curl -fsSL https://nvidia.github.io/libnvidia-container/gpgkey       | gpg --dearmor -o /usr/share/keyrings/nvidia-container-toolkit-keyring.gpg     && curl -fsSL https://nvidia.github.io/libnvidia-container/stable/deb/nvidia-container-toolkit.list       | sed 's#deb https://#deb [signed-by=/usr/share/keyrings/nvidia-container-toolkit-keyring.gpg] https://#g'       | tee /etc/apt/sources.list.d/nvidia-container-toolkit.list     && apt-get update -qq     && apt-get install -y -qq       nvidia-container-toolkit=1.19.1-1       nvidia-container-toolkit-base=1.19.1-1       libnvidia-container-tools=1.19.1-1       libnvidia-container1=1.19.1-1     && rm -rf /var/lib/apt/lists/*
#8 CACHED

#9 [4/4] COPY nvidia-container-runtime.toml /etc/nvidia-container-runtime/config.toml
#9 CACHED

#10 exporting to image
#10 exporting layers done
#10 writing image sha256:a776f5645ab2d8a187add074b48cf62ff720cccc443b56f6909f8042c981779a done
#10 naming to docker.io/volcano-lab/kind-nvidia:local 0.0s done
#10 DONE 0.1s
