E0906 15:20:15.357704       1 device_info.go:189] pod mock2-nvml-mock-mtnbp has no annotation volcano.sh/devices-to-allocate
E0906 15:20:15.357709       1 device_info.go:189] pod volcano-controllers-5b976c6d4b-rkqw6 has no annotation volcano.sh/devices-to-allocate
E0906 15:20:15.357714       1 device_info.go:189] pod kindnet-5whpw has no annotation volcano.sh/devices-to-allocate
E0906 15:20:15.357723       1 device_info.go:189] pod kube-proxy-gwssg has no annotation volcano.sh/devices-to-allocate
E0906 15:20:15.357728       1 device_info.go:189] pod volcano-device-plugin-jj26z has no annotation volcano.sh/devices-to-allocate
I0906 15:20:15.357788       1 device_info.go:111] GPU sharing mode:  hami-core
I0906 15:20:15.357799       1 device_info.go:113] "Nvidia Device registered name" name="volcano-lab-worker" val={"ID":0,"Node":"volcano-lab-worker","UUID":"GPU-12345678-1234-1234-1234-123456780000","PodMap":{},"Memory":409,"Number":10,"Type":"NVIDIA-NVIDIA A100-SXM4-40GB","Health":true,"UsedNum":0,"UsedMem":0,"UsedCore":0,"MigTemplate":[],"MigUsage":{"Index":-1,"UsageList":null}}
I0906 15:20:15.357811       1 device_info.go:113] "Nvidia Device registered name" name="volcano-lab-worker" val={"ID":1,"Node":"volcano-lab-worker","UUID":"GPU-12345678-1234-1234-1234-123456780001","PodMap":{},"Memory":409,"Number":10,"Type":"NVIDIA-NVIDIA A100-SXM4-40GB","Health":true,"UsedNum":0,"UsedMem":0,"UsedCore":0,"MigTemplate":[],"MigUsage":{"Index":-1,"UsageList":null}}
I0906 15:20:15.357821       1 device_info.go:111] GPU sharing mode:  hami-core
I0906 15:20:15.357829       1 device_info.go:113] "Nvidia Device registered name" name="volcano-lab-worker" val={"ID":0,"Node":"volcano-lab-worker","UUID":"GPU-12345678-1234-1234-1234-123456780000","PodMap":{},"Memory":409,"Number":10,"Type":"NVIDIA-NVIDIA A100-SXM4-40GB","Health":true,"UsedNum":0,"UsedMem":0,"UsedCore":0,"MigTemplate":[],"MigUsage":{"Index":-1,"UsageList":null}}
I0906 15:20:15.357837       1 device_info.go:113] "Nvidia Device registered name" name="volcano-lab-worker" val={"ID":1,"Node":"volcano-lab-worker","UUID":"GPU-12345678-1234-1234-1234-123456780001","PodMap":{},"Memory":409,"Number":10,"Type":"NVIDIA-NVIDIA A100-SXM4-40GB","Health":true,"UsedNum":0,"UsedMem":0,"UsedCore":0,"MigTemplate":[],"MigUsage":{"Index":-1,"UsageList":null}}
E0906 15:20:15.357848       1 device_info.go:189] pod kube-proxy-btcmr has no annotation volcano.sh/devices-to-allocate
E0906 15:20:15.357859       1 device_info.go:189] pod mock1-nvml-mock-9rgh9 has no annotation volcano.sh/devices-to-allocate
E0906 15:20:15.357864       1 device_info.go:189] pod volcano-scheduler-5c55487d7d-gc8q5 has no annotation volcano.sh/devices-to-allocate
E0906 15:20:15.357871       1 device_info.go:189] pod grafana-7c5659d458-xrbnn has no annotation volcano.sh/devices-to-allocate
E0906 15:20:15.357876       1 device_info.go:189] pod kindnet-k2m7h has no annotation volcano.sh/devices-to-allocate
E0906 15:20:15.357882       1 device_info.go:189] pod flow-step-b-worker-0 has no annotation volcano.sh/devices-to-allocate
E0906 15:20:15.357887       1 device_info.go:189] pod volcano-device-plugin-2sg22 has no annotation volcano.sh/devices-to-allocate
I0906 15:20:15.357953       1 cache.go:1581] "SnapShot for scheduling" jobNum=1 QueueNum=3 NodeNum=3
I0906 15:20:15.357966       1 session.go:1036] Start adjusting jobs' network topology spec according to hyperNodeTierNameMap map[]
I0906 15:20:15.357972       1 session.go:1079] Finish adjusting jobs' network topology spec according to hyperNodeTierNameMap map[]
I0906 15:20:15.357980       1 session.go:279] Open Session 3ba27d1c-adc9-4636-92df-04a6dc87bd8d with <1> Job and <3> Queues. HyperNodesReadyToSchedule: true
I0906 15:20:15.358415       1 gpuexclusive.go:437] gpuexclusive: no rules configured, skipping GPU exclusivity wrapping
I0906 15:20:15.358441       1 enqueue.go:79] Try to enqueue PodGroup to 0 Queues
I0906 15:20:15.358457       1 reclaim.go:68] There are <1> Jobs and <3> Queues in total for scheduling.
I0906 15:20:15.358469       1 proportion.go:326] Queue <lab> is overused: deserved <cpu 100.00, memory 33554432.00, ephemeral-storage 0.00, hugepages-1Gi 0.00, hugepages-2Mi 0.00, pods 1.00, volcano.sh/vgpu-cores 0.00, volcano.sh/vgpu-memory 0.00, volcano.sh/vgpu-number 0.00>, allocated <cpu 100.00, memory 33554432.00, pods 1.00>, share <1>
I0906 15:20:15.358500       1 reclaim.go:112] Queue <lab> is overused, ignore it.
I0906 15:20:15.358514       1 allocate.go:138] Try to allocate resource to 0 Queues
I0906 15:20:15.358635       1 session.go:577] Close Session 3ba27d1c-adc9-4636-92df-04a6dc87bd8d
I0906 15:20:16.167996       1 cache.go:1126] Try to delete Job <volcano-tests/flow-step-b-c20955e9-4f56-477f-b76b-ce1bd3644bdb:volcano-tests/flow-step-b-c20955e9-4f56-477f-b76b-ce1bd3644bdb>
I0906 15:20:16.168027       1 cache.go:1171] Retry to delete Job <volcano-tests/flow-step-b-c20955e9-4f56-477f-b76b-ce1bd3644bdb:volcano-tests/flow-step-b-c20955e9-4f56-477f-b76b-ce1bd3644bdb>
I0906 15:20:16.173261       1 cache.go:1171] Retry to delete Job <volcano-tests/flow-step-b-c20955e9-4f56-477f-b76b-ce1bd3644bdb:volcano-tests/flow-step-b-c20955e9-4f56-477f-b76b-ce1bd3644bdb>
I0906 15:20:16.183514       1 cache.go:1171] Retry to delete Job <volcano-tests/flow-step-b-c20955e9-4f56-477f-b76b-ce1bd3644bdb:volcano-tests/flow-step-b-c20955e9-4f56-477f-b76b-ce1bd3644bdb>
I0906 15:20:16.203933       1 cache.go:1171] Retry to delete Job <volcano-tests/flow-step-b-c20955e9-4f56-477f-b76b-ce1bd3644bdb:volcano-tests/flow-step-b-c20955e9-4f56-477f-b76b-ce1bd3644bdb>
I0906 15:20:16.244518       1 cache.go:1171] Retry to delete Job <volcano-tests/flow-step-b-c20955e9-4f56-477f-b76b-ce1bd3644bdb:volcano-tests/flow-step-b-c20955e9-4f56-477f-b76b-ce1bd3644bdb>
I0906 15:20:16.269942       1 cache.go:1171] Retry to delete Job <volcano-tests/flow-step-a-fbdab429-cfd6-4c6d-917b-fc77e3ca0e9f:volcano-tests/flow-step-a-fbdab429-cfd6-4c6d-917b-fc77e3ca0e9f>
I0906 15:20:16.325503       1 cache.go:1171] Retry to delete Job <volcano-tests/flow-step-b-c20955e9-4f56-477f-b76b-ce1bd3644bdb:volcano-tests/flow-step-b-c20955e9-4f56-477f-b76b-ce1bd3644bdb>
I0906 15:20:16.359199       1 device_info.go:111] GPU sharing mode:  hami-core
I0906 15:20:16.359297       1 device_info.go:113] "Nvidia Device registered name" name="volcano-lab-worker2" val={"ID":0,"Node":"volcano-lab-worker2","UUID":"GPU-22345678-1234-1234-1234-123456780000","PodMap":{},"Memory":409,"Number":10,"Type":"NVIDIA-NVIDIA A100-SXM4-40GB","Health":true,"UsedNum":0,"UsedMem":0,"UsedCore":0,"MigTemplate":[],"MigUsage":{"Index":-1,"UsageList":null}}
I0906 15:20:16.359355       1 device_info.go:113] "Nvidia Device registered name" name="volcano-lab-worker2" val={"ID":1,"Node":"volcano-lab-worker2","UUID":"GPU-22345678-1234-1234-1234-123456780001","PodMap":{},"Memory":409,"Number":10,"Type":"NVIDIA-NVIDIA A100-SXM4-40GB","Health":true,"UsedNum":0,"UsedMem":0,"UsedCore":0,"MigTemplate":[],"MigUsage":{"Index":-1,"UsageList":null}}
I0906 15:20:16.359390       1 device_info.go:111] GPU sharing mode:  hami-core
I0906 15:20:16.359418       1 device_info.go:113] "Nvidia Device registered name" name="volcano-lab-worker2" val={"ID":0,"Node":"volcano-lab-worker2","UUID":"GPU-22345678-1234-1234-1234-123456780000","PodMap":{},"Memory":409,"Number":10,"Type":"NVIDIA-NVIDIA A100-SXM4-40GB","Health":true,"UsedNum":0,"UsedMem":0,"UsedCore":0,"MigTemplate":[],"MigUsage":{"Index":-1,"UsageList":null}}
I0906 15:20:16.359448       1 device_info.go:113] "Nvidia Device registered name" name="volcano-lab-worker2" val={"ID":1,"Node":"volcano-lab-worker2","UUID":"GPU-22345678-1234-1234-1234-123456780001","PodMap":{},"Memory":409,"Number":10,"Type":"NVIDIA-NVIDIA A100-SXM4-40GB","Health":true,"UsedNum":0,"UsedMem":0,"UsedCore":0,"MigTemplate":[],"MigUsage":{"Index":-1,"UsageList":null}}
E0906 15:20:16.359490       1 device_info.go:189] pod mock2-nvml-mock-mtnbp has no annotation volcano.sh/devices-to-allocate
E0906 15:20:16.359511       1 device_info.go:189] pod volcano-controllers-5b976c6d4b-rkqw6 has no annotation volcano.sh/devices-to-allocate
E0906 15:20:16.359525       1 device_info.go:189] pod kindnet-5whpw has no annotation volcano.sh/devices-to-allocate
E0906 15:20:16.359540       1 device_info.go:189] pod kube-proxy-gwssg has no annotation volcano.sh/devices-to-allocate
E0906 15:20:16.359551       1 device_info.go:189] pod volcano-device-plugin-jj26z has no annotation volcano.sh/devices-to-allocate
E0906 15:20:16.359563       1 device_info.go:189] pod prometheus-deployment-7cb9b4545b-h2fz4 has no annotation volcano.sh/devices-to-allocate
E0906 15:20:16.359584       1 device_info.go:189] pod volcano-admission-5b979dc8f6-8rdzl has no annotation volcano.sh/devices-to-allocate
E0906 15:20:16.359596       1 device_info.go:189] pod kube-state-metrics-5ffcdf767c-gf9d5 has no annotation volcano.sh/devices-to-allocate
I0906 15:20:16.359741       1 device_info.go:111] GPU sharing mode:  hami-core
I0906 15:20:16.359759       1 device_info.go:113] "Nvidia Device registered name" name="volcano-lab-worker" val={"ID":0,"Node":"volcano-lab-worker","UUID":"GPU-12345678-1234-1234-1234-123456780000","PodMap":{},"Memory":409,"Number":10,"Type":"NVIDIA-NVIDIA A100-SXM4-40GB","Health":true,"UsedNum":0,"UsedMem":0,"UsedCore":0,"MigTemplate":[],"MigUsage":{"Index":-1,"UsageList":null}}
I0906 15:20:16.359773       1 device_info.go:113] "Nvidia Device registered name" name="volcano-lab-worker" val={"ID":1,"Node":"volcano-lab-worker","UUID":"GPU-12345678-1234-1234-1234-123456780001","PodMap":{},"Memory":409,"Number":10,"Type":"NVIDIA-NVIDIA A100-SXM4-40GB","Health":true,"UsedNum":0,"UsedMem":0,"UsedCore":0,"MigTemplate":[],"MigUsage":{"Index":-1,"UsageList":null}}
I0906 15:20:16.359787       1 device_info.go:111] GPU sharing mode:  hami-core
I0906 15:20:16.359803       1 device_info.go:113] "Nvidia Device registered name" name="volcano-lab-worker" val={"ID":0,"Node":"volcano-lab-worker","UUID":"GPU-12345678-1234-1234-1234-123456780000","PodMap":{},"Memory":409,"Number":10,"Type":"NVIDIA-NVIDIA A100-SXM4-40GB","Health":true,"UsedNum":0,"UsedMem":0,"UsedCore":0,"MigTemplate":[],"MigUsage":{"Index":-1,"UsageList":null}}
I0906 15:20:16.359820       1 device_info.go:113] "Nvidia Device registered name" name="volcano-lab-worker" val={"ID":1,"Node":"volcano-lab-worker","UUID":"GPU-12345678-1234-1234-1234-123456780001","PodMap":{},"Memory":409,"Number":10,"Type":"NVIDIA-NVIDIA A100-SXM4-40GB","Health":true,"UsedNum":0,"UsedMem":0,"UsedCore":0,"MigTemplate":[],"MigUsage":{"Index":-1,"UsageList":null}}
E0906 15:20:16.359839       1 device_info.go:189] pod volcano-scheduler-5c55487d7d-gc8q5 has no annotation volcano.sh/devices-to-allocate
E0906 15:20:16.359852       1 device_info.go:189] pod grafana-7c5659d458-xrbnn has no annotation volcano.sh/devices-to-allocate
E0906 15:20:16.359865       1 device_info.go:189] pod kindnet-k2m7h has no annotation volcano.sh/devices-to-allocate
E0906 15:20:16.359876       1 device_info.go:189] pod volcano-device-plugin-2sg22 has no annotation volcano.sh/devices-to-allocate
E0906 15:20:16.359888       1 device_info.go:189] pod kube-proxy-btcmr has no annotation volcano.sh/devices-to-allocate
E0906 15:20:16.359940       1 device_info.go:189] pod mock1-nvml-mock-9rgh9 has no annotation volcano.sh/devices-to-allocate
I0906 15:20:16.360004       1 cache.go:1581] "SnapShot for scheduling" jobNum=0 QueueNum=3 NodeNum=3
I0906 15:20:16.360023       1 session.go:1036] Start adjusting jobs' network topology spec according to hyperNodeTierNameMap map[]
I0906 15:20:16.360036       1 session.go:1079] Finish adjusting jobs' network topology spec according to hyperNodeTierNameMap map[]
I0906 15:20:16.360059       1 session.go:279] Open Session f2526347-d8b3-4942-9a45-794f7deade38 with <0> Job and <3> Queues. HyperNodesReadyToSchedule: true
I0906 15:20:16.360396       1 gpuexclusive.go:437] gpuexclusive: no rules configured, skipping GPU exclusivity wrapping
I0906 15:20:16.360414       1 enqueue.go:79] Try to enqueue PodGroup to 0 Queues
I0906 15:20:16.360425       1 reclaim.go:68] There are <0> Jobs and <3> Queues in total for scheduling.
I0906 15:20:16.360439       1 allocate.go:138] Try to allocate resource to 0 Queues
I0906 15:20:16.379661       1 session.go:577] Close Session f2526347-d8b3-4942-9a45-794f7deade38
I0906 15:20:16.486592       1 cache.go:1171] Retry to delete Job <volcano-tests/flow-step-b-c20955e9-4f56-477f-b76b-ce1bd3644bdb:volcano-tests/flow-step-b-c20955e9-4f56-477f-b76b-ce1bd3644bdb>
I0906 15:20:16.807386       1 cache.go:1171] Retry to delete Job <volcano-tests/flow-step-b-c20955e9-4f56-477f-b76b-ce1bd3644bdb:volcano-tests/flow-step-b-c20955e9-4f56-477f-b76b-ce1bd3644bdb>
I0906 15:20:17.094635       1 cache.go:1126] Try to delete Job <volcano-tests/flow-step-b-c20955e9-4f56-477f-b76b-ce1bd3644bdb:volcano-tests/flow-step-b-c20955e9-4f56-477f-b76b-ce1bd3644bdb>
I0906 15:20:17.094679       1 cache.go:1171] Retry to delete Job <volcano-tests/flow-step-b-c20955e9-4f56-477f-b76b-ce1bd3644bdb:volcano-tests/flow-step-b-c20955e9-4f56-477f-b76b-ce1bd3644bdb>
I0906 15:20:17.100330       1 cache.go:1126] Try to delete Job <volcano-tests/flow-step-a-fbdab429-cfd6-4c6d-917b-fc77e3ca0e9f:volcano-tests/flow-step-a-fbdab429-cfd6-4c6d-917b-fc77e3ca0e9f>
I0906 15:20:17.100380       1 cache.go:1171] Retry to delete Job <volcano-tests/flow-step-a-fbdab429-cfd6-4c6d-917b-fc77e3ca0e9f:volcano-tests/flow-step-a-fbdab429-cfd6-4c6d-917b-fc77e3ca0e9f>
I0906 15:20:17.102055       1 cache.go:1126] Try to delete Job <volcano-tests/flow-step-b-c20955e9-4f56-477f-b76b-ce1bd3644bdb:volcano-tests/flow-step-b-c20955e9-4f56-477f-b76b-ce1bd3644bdb>
I0906 15:20:17.102078       1 event_handlers.go:476] Deleted pod <volcano-tests/flow-step-b-worker-0> from cache.
I0906 15:20:17.102099       1 cache.go:1166] Job <volcano-tests/flow-step-b-c20955e9-4f56-477f-b76b-ce1bd3644bdb:volcano-tests/flow-step-b-c20955e9-4f56-477f-b76b-ce1bd3644bdb> was deleted.
I0906 15:20:17.106191       1 cache.go:1126] Try to delete Job <volcano-tests/flow-step-a-fbdab429-cfd6-4c6d-917b-fc77e3ca0e9f:volcano-tests/flow-step-a-fbdab429-cfd6-4c6d-917b-fc77e3ca0e9f>
I0906 15:20:17.106217       1 event_handlers.go:476] Deleted pod <volcano-tests/flow-step-a-worker-0> from cache.
I0906 15:20:17.106236       1 cache.go:1166] Job <volcano-tests/flow-step-a-fbdab429-cfd6-4c6d-917b-fc77e3ca0e9f:volcano-tests/flow-step-a-fbdab429-cfd6-4c6d-917b-fc77e3ca0e9f> was deleted.
I0906 15:20:17.379983       1 device_info.go:111] GPU sharing mode:  hami-core
I0906 15:20:17.380017       1 device_info.go:113] "Nvidia Device registered name" name="volcano-lab-worker2" val={"ID":0,"Node":"volcano-lab-worker2","UUID":"GPU-22345678-1234-1234-1234-123456780000","PodMap":{},"Memory":409,"Number":10,"Type":"NVIDIA-NVIDIA A100-SXM4-40GB","Health":true,"UsedNum":0,"UsedMem":0,"UsedCore":0,"MigTemplate":[],"MigUsage":{"Index":-1,"UsageList":null}}
I0906 15:20:17.380042       1 device_info.go:113] "Nvidia Device registered name" name="volcano-lab-worker2" val={"ID":1,"Node":"volcano-lab-worker2","UUID":"GPU-22345678-1234-1234-1234-123456780001","PodMap":{},"Memory":409,"Number":10,"Type":"NVIDIA-NVIDIA A100-SXM4-40GB","Health":true,"UsedNum":0,"UsedMem":0,"UsedCore":0,"MigTemplate":[],"MigUsage":{"Index":-1,"UsageList":null}}
I0906 15:20:17.380066       1 device_info.go:111] GPU sharing mode:  hami-core
I0906 15:20:17.380077       1 device_info.go:113] "Nvidia Device registered name" name="volcano-lab-worker2" val={"ID":0,"Node":"volcano-lab-worker2","UUID":"GPU-22345678-1234-1234-1234-123456780000","PodMap":{},"Memory":409,"Number":10,"Type":"NVIDIA-NVIDIA A100-SXM4-40GB","Health":true,"UsedNum":0,"UsedMem":0,"UsedCore":0,"MigTemplate":[],"MigUsage":{"Index":-1,"UsageList":null}}
I0906 15:20:17.380086       1 device_info.go:113] "Nvidia Device registered name" name="volcano-lab-worker2" val={"ID":1,"Node":"volcano-lab-worker2","UUID":"GPU-22345678-1234-1234-1234-123456780001","PodMap":{},"Memory":409,"Number":10,"Type":"NVIDIA-NVIDIA A100-SXM4-40GB","Health":true,"UsedNum":0,"UsedMem":0,"UsedCore":0,"MigTemplate":[],"MigUsage":{"Index":-1,"UsageList":null}}
E0906 15:20:17.380103       1 device_info.go:189] pod volcano-controllers-5b976c6d4b-rkqw6 has no annotation volcano.sh/devices-to-allocate
E0906 15:20:17.380113       1 device_info.go:189] pod kindnet-5whpw has no annotation volcano.sh/devices-to-allocate
E0906 15:20:17.380119       1 device_info.go:189] pod kube-proxy-gwssg has no annotation volcano.sh/devices-to-allocate
E0906 15:20:17.380124       1 device_info.go:189] pod volcano-device-plugin-jj26z has no annotation volcano.sh/devices-to-allocate
E0906 15:20:17.380129       1 device_info.go:189] pod prometheus-deployment-7cb9b4545b-h2fz4 has no annotation volcano.sh/devices-to-allocate
E0906 15:20:17.380135       1 device_info.go:189] pod volcano-admission-5b979dc8f6-8rdzl has no annotation volcano.sh/devices-to-allocate
E0906 15:20:17.380140       1 device_info.go:189] pod kube-state-metrics-5ffcdf767c-gf9d5 has no annotation volcano.sh/devices-to-allocate
E0906 15:20:17.380146       1 device_info.go:189] pod mock2-nvml-mock-mtnbp has no annotation volcano.sh/devices-to-allocate
I0906 15:20:17.380218       1 device_info.go:111] GPU sharing mode:  hami-core
I0906 15:20:17.380227       1 device_info.go:113] "Nvidia Device registered name" name="volcano-lab-worker" val={"ID":0,"Node":"volcano-lab-worker","UUID":"GPU-12345678-1234-1234-1234-123456780000","PodMap":{},"Memory":409,"Number":10,"Type":"NVIDIA-NVIDIA A100-SXM4-40GB","Health":true,"UsedNum":0,"UsedMem":0,"UsedCore":0,"MigTemplate":[],"MigUsage":{"Index":-1,"UsageList":null}}
I0906 15:20:17.380241       1 device_info.go:113] "Nvidia Device registered name" name="volcano-lab-worker" val={"ID":1,"Node":"volcano-lab-worker","UUID":"GPU-12345678-1234-1234-1234-123456780001","PodMap":{},"Memory":409,"Number":10,"Type":"NVIDIA-NVIDIA A100-SXM4-40GB","Health":true,"UsedNum":0,"UsedMem":0,"UsedCore":0,"MigTemplate":[],"MigUsage":{"Index":-1,"UsageList":null}}
I0906 15:20:17.380254       1 device_info.go:111] GPU sharing mode:  hami-core
I0906 15:20:17.380261       1 device_info.go:113] "Nvidia Device registered name" name="volcano-lab-worker" val={"ID":1,"Node":"volcano-lab-worker","UUID":"GPU-12345678-1234-1234-1234-123456780001","PodMap":{},"Memory":409,"Number":10,"Type":"NVIDIA-NVIDIA A100-SXM4-40GB","Health":true,"UsedNum":0,"UsedMem":0,"UsedCore":0,"MigTemplate":[],"MigUsage":{"Index":-1,"UsageList":null}}
I0906 15:20:17.380270       1 device_info.go:113] "Nvidia Device registered name" name="volcano-lab-worker" val={"ID":0,"Node":"volcano-lab-worker","UUID":"GPU-12345678-1234-1234-1234-123456780000","PodMap":{},"Memory":409,"Number":10,"Type":"NVIDIA-NVIDIA A100-SXM4-40GB","Health":true,"UsedNum":0,"UsedMem":0,"UsedCore":0,"MigTemplate":[],"MigUsage":{"Index":-1,"UsageList":null}}
E0906 15:20:17.380281       1 device_info.go:189] pod kube-proxy-btcmr has no annotation volcano.sh/devices-to-allocate
E0906 15:20:17.380289       1 device_info.go:189] pod mock1-nvml-mock-9rgh9 has no annotation volcano.sh/devices-to-allocate
E0906 15:20:17.380296       1 device_info.go:189] pod volcano-scheduler-5c55487d7d-gc8q5 has no annotation volcano.sh/devices-to-allocate
E0906 15:20:17.380305       1 device_info.go:189] pod grafana-7c5659d458-xrbnn has no annotation volcano.sh/devices-to-allocate
E0906 15:20:17.380310       1 device_info.go:189] pod kindnet-k2m7h has no annotation volcano.sh/devices-to-allocate
E0906 15:20:17.380316       1 device_info.go:189] pod volcano-device-plugin-2sg22 has no annotation volcano.sh/devices-to-allocate
I0906 15:20:17.380371       1 cache.go:1581] "SnapShot for scheduling" jobNum=0 QueueNum=3 NodeNum=3
I0906 15:20:17.380385       1 session.go:1036] Start adjusting jobs' network topology spec according to hyperNodeTierNameMap map[]
I0906 15:20:17.380394       1 session.go:1079] Finish adjusting jobs' network topology spec according to hyperNodeTierNameMap map[]
I0906 15:20:17.380405       1 session.go:279] Open Session a134fd27-0751-4a49-bc51-dc85a3ec91ad with <0> Job and <3> Queues. HyperNodesReadyToSchedule: true
I0906 15:20:17.380713       1 gpuexclusive.go:437] gpuexclusive: no rules configured, skipping GPU exclusivity wrapping
I0906 15:20:17.380725       1 enqueue.go:79] Try to enqueue PodGroup to 0 Queues
I0906 15:20:17.380733       1 reclaim.go:68] There are <0> Jobs and <3> Queues in total for scheduling.
I0906 15:20:17.380741       1 allocate.go:138] Try to allocate resource to 0 Queues
I0906 15:20:17.380780       1 session.go:577] Close Session a134fd27-0751-4a49-bc51-dc85a3ec91ad
I0906 15:20:17.447469       1 cache.go:1154] Failed to find Job <volcano-tests/flow-step-b-c20955e9-4f56-477f-b76b-ce1bd3644bdb>, ignore it
