E0906 15:14:04.031097       1 device_info.go:189] pod grafana-7c5659d458-xrbnn has no annotation volcano.sh/devices-to-allocate
E0906 15:14:04.031109       1 device_info.go:189] pod kube-proxy-btcmr has no annotation volcano.sh/devices-to-allocate
E0906 15:14:04.031119       1 device_info.go:189] pod mock1-nvml-mock-9rgh9 has no annotation volcano.sh/devices-to-allocate
E0906 15:14:04.031131       1 device_info.go:189] pod kindnet-k2m7h has no annotation volcano.sh/devices-to-allocate
E0906 15:14:04.031146       1 device_info.go:189] pod volcano-device-plugin-6nqrv has no annotation volcano.sh/devices-to-allocate
I0906 15:14:04.031273       1 cache.go:1581] "SnapShot for scheduling" jobNum=1 QueueNum=3 NodeNum=3
I0906 15:14:04.031297       1 session.go:1036] Start adjusting jobs' network topology spec according to hyperNodeTierNameMap map[]
I0906 15:14:04.031313       1 session.go:1079] Finish adjusting jobs' network topology spec according to hyperNodeTierNameMap map[]
I0906 15:14:04.031332       1 session.go:279] Open Session 261444d3-849c-48d7-8acb-d56c703af5ba with <1> Job and <3> Queues. HyperNodesReadyToSchedule: true
I0906 15:14:04.031874       1 gpuexclusive.go:437] gpuexclusive: no rules configured, skipping GPU exclusivity wrapping
I0906 15:14:04.031911       1 enqueue.go:79] Try to enqueue PodGroup to 0 Queues
I0906 15:14:04.031927       1 reclaim.go:68] There are <1> Jobs and <3> Queues in total for scheduling.
I0906 15:14:04.031954       1 reclaim.go:140] Considering reclaim for 1 tasks of job <volcano-tests/abort-eb7eab89-9a7b-4b43-a2d3-9306a2da8a24>.
I0906 15:14:04.032035       1 predicate_helper.go:115] Predicates failed: task volcano-tests/abort-worker-0 on node volcano-lab-control-plane fit failed: node(s) had untolerated taint(s)
I0906 15:14:04.032155       1 reclaim.go:185] Considering Task <volcano-tests/abort-worker-0> on Node <volcano-lab-worker2>.
I0906 15:14:04.032176       1 reclaim.go:185] Considering Task <volcano-tests/abort-worker-0> on Node <volcano-lab-worker>.
I0906 15:14:04.032204       1 reclaim.go:135] No preemptor task in job <volcano-tests/abort-eb7eab89-9a7b-4b43-a2d3-9306a2da8a24>.
I0906 15:14:04.032220       1 statement.go:366] Discarding operations ...
I0906 15:14:04.032252       1 allocate.go:138] Try to allocate resource to 1 Queues
I0906 15:14:04.032283       1 allocate.go:328] "Try to allocate resource" queue="lab" job="volcano-tests/abort-eb7eab89-9a7b-4b43-a2d3-9306a2da8a24" taskNum=1
I0906 15:14:04.032317       1 allocate.go:757] There are <3> nodes for Job <volcano-tests/abort-eb7eab89-9a7b-4b43-a2d3-9306a2da8a24>
I0906 15:14:04.032424       1 predicate_helper.go:115] Predicates failed: task volcano-tests/abort-worker-0 on node volcano-lab-control-plane fit failed: node(s) had untolerated taint(s)
I0906 15:14:04.032554       1 allocate.go:934] Binding Task <volcano-tests/abort-worker-0> to node <volcano-lab-worker>
E0906 15:14:04.032564       1 device_info.go:189] pod abort-worker-0 has no annotation volcano.sh/devices-to-allocate
I0906 15:14:04.032571       1 statement.go:277] After allocated Task <volcano-tests/abort-worker-0> to Node <volcano-lab-worker>: idle <cpu 11290.00, memory 27959619584.00, ephemeral-storage 1005867986944000.00, hugepages-1Gi 0.00, hugepages-2Mi 0.00, pods 104.00, volcano.sh/vgpu-cores 200000.00, volcano.sh/vgpu-memory 0.00, volcano.sh/vgpu-number 20000.00>, used <cpu 710.00, memory 1193279488.00, pods 6.00>, releasing <cpu 0.00, memory 0.00>
I0906 15:14:04.032610       1 statement.go:307] Allocating operations ...
I0906 15:14:04.032624       1 allocate.go:833] "SubJob ready, return statement" job="volcano-tests/abort-eb7eab89-9a7b-4b43-a2d3-9306a2da8a24" subJob="volcano-tests/abort-eb7eab89-9a7b-4b43-a2d3-9306a2da8a24"
I0906 15:14:04.032630       1 statement.go:393] Committing operations ...
E0906 15:14:04.032643       1 device_info.go:189] pod abort-worker-0 has no annotation volcano.sh/devices-to-allocate
I0906 15:14:04.032654       1 proportion.go:326] Queue <lab> is overused: deserved <cpu 100.00, memory 33554432.00, ephemeral-storage 0.00, hugepages-1Gi 0.00, hugepages-2Mi 0.00, pods 1.00, volcano.sh/vgpu-cores 0.00, volcano.sh/vgpu-memory 0.00, volcano.sh/vgpu-number 0.00>, allocated <cpu 100.00, memory 33554432.00, pods 1.00>, share <1>
I0906 15:14:04.032667       1 allocate.go:295] Queue <lab> is overused, ignore it.
I0906 15:14:04.052993       1 cache.go:992] bind ok, latency 6.636395ms
E0906 15:14:04.053358       1 device_info.go:189] pod abort-worker-0 has no annotation volcano.sh/devices-to-allocate
I0906 15:14:04.054532       1 session.go:577] Close Session 261444d3-849c-48d7-8acb-d56c703af5ba
E0906 15:14:04.067222       1 device_info.go:189] pod abort-worker-0 has no annotation volcano.sh/devices-to-allocate
I0906 15:14:05.055220       1 device_info.go:111] GPU sharing mode:  hami-core
I0906 15:14:05.055266       1 device_info.go:113] "Nvidia Device registered name" name="volcano-lab-worker2" val={"ID":0,"Node":"volcano-lab-worker2","UUID":"GPU-22345678-1234-1234-1234-123456780000","PodMap":{},"Memory":40960,"Number":10,"Type":"NVIDIA-NVIDIA A100-SXM4-40GB","Health":true,"UsedNum":0,"UsedMem":0,"UsedCore":0,"MigTemplate":[],"MigUsage":{"Index":-1,"UsageList":null}}
I0906 15:14:05.055311       1 device_info.go:113] "Nvidia Device registered name" name="volcano-lab-worker2" val={"ID":1,"Node":"volcano-lab-worker2","UUID":"GPU-22345678-1234-1234-1234-123456780001","PodMap":{},"Memory":40960,"Number":10,"Type":"NVIDIA-NVIDIA A100-SXM4-40GB","Health":true,"UsedNum":0,"UsedMem":0,"UsedCore":0,"MigTemplate":[],"MigUsage":{"Index":-1,"UsageList":null}}
I0906 15:14:05.055336       1 device_info.go:111] GPU sharing mode:  hami-core
I0906 15:14:05.055351       1 device_info.go:113] "Nvidia Device registered name" name="volcano-lab-worker2" val={"ID":0,"Node":"volcano-lab-worker2","UUID":"GPU-22345678-1234-1234-1234-123456780000","PodMap":{},"Memory":40960,"Number":10,"Type":"NVIDIA-NVIDIA A100-SXM4-40GB","Health":true,"UsedNum":0,"UsedMem":0,"UsedCore":0,"MigTemplate":[],"MigUsage":{"Index":-1,"UsageList":null}}
I0906 15:14:05.055373       1 device_info.go:113] "Nvidia Device registered name" name="volcano-lab-worker2" val={"ID":1,"Node":"volcano-lab-worker2","UUID":"GPU-22345678-1234-1234-1234-123456780001","PodMap":{},"Memory":40960,"Number":10,"Type":"NVIDIA-NVIDIA A100-SXM4-40GB","Health":true,"UsedNum":0,"UsedMem":0,"UsedCore":0,"MigTemplate":[],"MigUsage":{"Index":-1,"UsageList":null}}
E0906 15:14:05.055415       1 device_info.go:189] pod kube-state-metrics-5ffcdf767c-gf9d5 has no annotation volcano.sh/devices-to-allocate
E0906 15:14:05.055436       1 device_info.go:189] pod prometheus-deployment-7cb9b4545b-h2fz4 has no annotation volcano.sh/devices-to-allocate
E0906 15:14:05.055453       1 device_info.go:189] pod volcano-admission-5b979dc8f6-8rdzl has no annotation volcano.sh/devices-to-allocate
E0906 15:14:05.055471       1 device_info.go:189] pod volcano-device-plugin-ctx68 has no annotation volcano.sh/devices-to-allocate
E0906 15:14:05.055484       1 device_info.go:189] pod mock2-nvml-mock-mtnbp has no annotation volcano.sh/devices-to-allocate
E0906 15:14:05.055505       1 device_info.go:189] pod volcano-scheduler-646b548f55-vvqx8 has no annotation volcano.sh/devices-to-allocate
E0906 15:14:05.055522       1 device_info.go:189] pod kindnet-5whpw has no annotation volcano.sh/devices-to-allocate
E0906 15:14:05.055545       1 device_info.go:189] pod volcano-controllers-5b976c6d4b-rkqw6 has no annotation volcano.sh/devices-to-allocate
E0906 15:14:05.055559       1 device_info.go:189] pod kube-proxy-gwssg has no annotation volcano.sh/devices-to-allocate
I0906 15:14:05.055673       1 device_info.go:111] GPU sharing mode:  hami-core
I0906 15:14:05.055695       1 device_info.go:113] "Nvidia Device registered name" name="volcano-lab-worker" val={"ID":1,"Node":"volcano-lab-worker","UUID":"GPU-12345678-1234-1234-1234-123456780001","PodMap":{},"Memory":40960,"Number":10,"Type":"NVIDIA-NVIDIA A100-SXM4-40GB","Health":true,"UsedNum":0,"UsedMem":0,"UsedCore":0,"MigTemplate":[],"MigUsage":{"Index":-1,"UsageList":null}}
I0906 15:14:05.055715       1 device_info.go:113] "Nvidia Device registered name" name="volcano-lab-worker" val={"ID":0,"Node":"volcano-lab-worker","UUID":"GPU-12345678-1234-1234-1234-123456780000","PodMap":{},"Memory":40960,"Number":10,"Type":"NVIDIA-NVIDIA A100-SXM4-40GB","Health":true,"UsedNum":0,"UsedMem":0,"UsedCore":0,"MigTemplate":[],"MigUsage":{"Index":-1,"UsageList":null}}
I0906 15:14:05.055737       1 device_info.go:111] GPU sharing mode:  hami-core
I0906 15:14:05.055761       1 device_info.go:113] "Nvidia Device registered name" name="volcano-lab-worker" val={"ID":0,"Node":"volcano-lab-worker","UUID":"GPU-12345678-1234-1234-1234-123456780000","PodMap":{},"Memory":40960,"Number":10,"Type":"NVIDIA-NVIDIA A100-SXM4-40GB","Health":true,"UsedNum":0,"UsedMem":0,"UsedCore":0,"MigTemplate":[],"MigUsage":{"Index":-1,"UsageList":null}}
I0906 15:14:05.055783       1 device_info.go:113] "Nvidia Device registered name" name="volcano-lab-worker" val={"ID":1,"Node":"volcano-lab-worker","UUID":"GPU-12345678-1234-1234-1234-123456780001","PodMap":{},"Memory":40960,"Number":10,"Type":"NVIDIA-NVIDIA A100-SXM4-40GB","Health":true,"UsedNum":0,"UsedMem":0,"UsedCore":0,"MigTemplate":[],"MigUsage":{"Index":-1,"UsageList":null}}
E0906 15:14:05.055803       1 device_info.go:189] pod grafana-7c5659d458-xrbnn has no annotation volcano.sh/devices-to-allocate
E0906 15:14:05.055821       1 device_info.go:189] pod kube-proxy-btcmr has no annotation volcano.sh/devices-to-allocate
E0906 15:14:05.055837       1 device_info.go:189] pod mock1-nvml-mock-9rgh9 has no annotation volcano.sh/devices-to-allocate
E0906 15:14:05.055850       1 device_info.go:189] pod kindnet-k2m7h has no annotation volcano.sh/devices-to-allocate
E0906 15:14:05.055864       1 device_info.go:189] pod abort-worker-0 has no annotation volcano.sh/devices-to-allocate
E0906 15:14:05.055878       1 device_info.go:189] pod volcano-device-plugin-6nqrv has no annotation volcano.sh/devices-to-allocate
I0906 15:14:05.056043       1 cache.go:1581] "SnapShot for scheduling" jobNum=1 QueueNum=3 NodeNum=3
I0906 15:14:05.056092       1 session.go:1036] Start adjusting jobs' network topology spec according to hyperNodeTierNameMap map[]
I0906 15:14:05.056107       1 session.go:1079] Finish adjusting jobs' network topology spec according to hyperNodeTierNameMap map[]
I0906 15:14:05.056119       1 session.go:279] Open Session db19d1c3-8732-4e79-a94d-4fcabe882400 with <1> Job and <3> Queues. HyperNodesReadyToSchedule: true
I0906 15:14:05.056400       1 gpuexclusive.go:437] gpuexclusive: no rules configured, skipping GPU exclusivity wrapping
I0906 15:14:05.056420       1 enqueue.go:79] Try to enqueue PodGroup to 0 Queues
I0906 15:14:05.056428       1 reclaim.go:68] There are <1> Jobs and <3> Queues in total for scheduling.
I0906 15:14:05.056440       1 proportion.go:326] Queue <lab> is overused: deserved <cpu 100.00, memory 33554432.00, ephemeral-storage 0.00, hugepages-1Gi 0.00, hugepages-2Mi 0.00, pods 1.00, volcano.sh/vgpu-cores 0.00, volcano.sh/vgpu-memory 0.00, volcano.sh/vgpu-number 0.00>, allocated <cpu 100.00, memory 33554432.00, pods 1.00>, share <1>
I0906 15:14:05.056457       1 reclaim.go:112] Queue <lab> is overused, ignore it.
I0906 15:14:05.056468       1 allocate.go:138] Try to allocate resource to 0 Queues
I0906 15:14:05.064857       1 session.go:577] Close Session db19d1c3-8732-4e79-a94d-4fcabe882400
E0906 15:14:05.233077       1 device_info.go:189] pod abort-worker-0 has no annotation volcano.sh/devices-to-allocate
I0906 15:14:06.066032       1 device_info.go:111] GPU sharing mode:  hami-core
I0906 15:14:06.066189       1 device_info.go:113] "Nvidia Device registered name" name="volcano-lab-worker2" val={"ID":0,"Node":"volcano-lab-worker2","UUID":"GPU-22345678-1234-1234-1234-123456780000","PodMap":{},"Memory":40960,"Number":10,"Type":"NVIDIA-NVIDIA A100-SXM4-40GB","Health":true,"UsedNum":0,"UsedMem":0,"UsedCore":0,"MigTemplate":[],"MigUsage":{"Index":-1,"UsageList":null}}
I0906 15:14:06.066245       1 device_info.go:113] "Nvidia Device registered name" name="volcano-lab-worker2" val={"ID":1,"Node":"volcano-lab-worker2","UUID":"GPU-22345678-1234-1234-1234-123456780001","PodMap":{},"Memory":40960,"Number":10,"Type":"NVIDIA-NVIDIA A100-SXM4-40GB","Health":true,"UsedNum":0,"UsedMem":0,"UsedCore":0,"MigTemplate":[],"MigUsage":{"Index":-1,"UsageList":null}}
I0906 15:14:06.066276       1 device_info.go:111] GPU sharing mode:  hami-core
I0906 15:14:06.066312       1 device_info.go:113] "Nvidia Device registered name" name="volcano-lab-worker2" val={"ID":0,"Node":"volcano-lab-worker2","UUID":"GPU-22345678-1234-1234-1234-123456780000","PodMap":{},"Memory":40960,"Number":10,"Type":"NVIDIA-NVIDIA A100-SXM4-40GB","Health":true,"UsedNum":0,"UsedMem":0,"UsedCore":0,"MigTemplate":[],"MigUsage":{"Index":-1,"UsageList":null}}
I0906 15:14:06.066336       1 device_info.go:113] "Nvidia Device registered name" name="volcano-lab-worker2" val={"ID":1,"Node":"volcano-lab-worker2","UUID":"GPU-22345678-1234-1234-1234-123456780001","PodMap":{},"Memory":40960,"Number":10,"Type":"NVIDIA-NVIDIA A100-SXM4-40GB","Health":true,"UsedNum":0,"UsedMem":0,"UsedCore":0,"MigTemplate":[],"MigUsage":{"Index":-1,"UsageList":null}}
E0906 15:14:06.066371       1 device_info.go:189] pod kube-proxy-gwssg has no annotation volcano.sh/devices-to-allocate
E0906 15:14:06.066390       1 device_info.go:189] pod kube-state-metrics-5ffcdf767c-gf9d5 has no annotation volcano.sh/devices-to-allocate
E0906 15:14:06.066446       1 device_info.go:189] pod prometheus-deployment-7cb9b4545b-h2fz4 has no annotation volcano.sh/devices-to-allocate
E0906 15:14:06.066462       1 device_info.go:189] pod volcano-admission-5b979dc8f6-8rdzl has no annotation volcano.sh/devices-to-allocate
E0906 15:14:06.066476       1 device_info.go:189] pod volcano-device-plugin-ctx68 has no annotation volcano.sh/devices-to-allocate
E0906 15:14:06.066501       1 device_info.go:189] pod mock2-nvml-mock-mtnbp has no annotation volcano.sh/devices-to-allocate
E0906 15:14:06.066515       1 device_info.go:189] pod volcano-scheduler-646b548f55-vvqx8 has no annotation volcano.sh/devices-to-allocate
E0906 15:14:06.066529       1 device_info.go:189] pod kindnet-5whpw has no annotation volcano.sh/devices-to-allocate
E0906 15:14:06.066540       1 device_info.go:189] pod volcano-controllers-5b976c6d4b-rkqw6 has no annotation volcano.sh/devices-to-allocate
I0906 15:14:06.066603       1 device_info.go:111] GPU sharing mode:  hami-core
I0906 15:14:06.066612       1 device_info.go:113] "Nvidia Device registered name" name="volcano-lab-worker" val={"ID":0,"Node":"volcano-lab-worker","UUID":"GPU-12345678-1234-1234-1234-123456780000","PodMap":{},"Memory":40960,"Number":10,"Type":"NVIDIA-NVIDIA A100-SXM4-40GB","Health":true,"UsedNum":0,"UsedMem":0,"UsedCore":0,"MigTemplate":[],"MigUsage":{"Index":-1,"UsageList":null}}
I0906 15:14:06.066627       1 device_info.go:113] "Nvidia Device registered name" name="volcano-lab-worker" val={"ID":1,"Node":"volcano-lab-worker","UUID":"GPU-12345678-1234-1234-1234-123456780001","PodMap":{},"Memory":40960,"Number":10,"Type":"NVIDIA-NVIDIA A100-SXM4-40GB","Health":true,"UsedNum":0,"UsedMem":0,"UsedCore":0,"MigTemplate":[],"MigUsage":{"Index":-1,"UsageList":null}}
I0906 15:14:06.066635       1 device_info.go:111] GPU sharing mode:  hami-core
I0906 15:14:06.066644       1 device_info.go:113] "Nvidia Device registered name" name="volcano-lab-worker" val={"ID":1,"Node":"volcano-lab-worker","UUID":"GPU-12345678-1234-1234-1234-123456780001","PodMap":{},"Memory":40960,"Number":10,"Type":"NVIDIA-NVIDIA A100-SXM4-40GB","Health":true,"UsedNum":0,"UsedMem":0,"UsedCore":0,"MigTemplate":[],"MigUsage":{"Index":-1,"UsageList":null}}
I0906 15:14:06.066656       1 device_info.go:113] "Nvidia Device registered name" name="volcano-lab-worker" val={"ID":0,"Node":"volcano-lab-worker","UUID":"GPU-12345678-1234-1234-1234-123456780000","PodMap":{},"Memory":40960,"Number":10,"Type":"NVIDIA-NVIDIA A100-SXM4-40GB","Health":true,"UsedNum":0,"UsedMem":0,"UsedCore":0,"MigTemplate":[],"MigUsage":{"Index":-1,"UsageList":null}}
E0906 15:14:06.066666       1 device_info.go:189] pod grafana-7c5659d458-xrbnn has no annotation volcano.sh/devices-to-allocate
E0906 15:14:06.066678       1 device_info.go:189] pod kube-proxy-btcmr has no annotation volcano.sh/devices-to-allocate
E0906 15:14:06.066686       1 device_info.go:189] pod mock1-nvml-mock-9rgh9 has no annotation volcano.sh/devices-to-allocate
E0906 15:14:06.066690       1 device_info.go:189] pod kindnet-k2m7h has no annotation volcano.sh/devices-to-allocate
E0906 15:14:06.066695       1 device_info.go:189] pod abort-worker-0 has no annotation volcano.sh/devices-to-allocate
E0906 15:14:06.066699       1 device_info.go:189] pod volcano-device-plugin-6nqrv has no annotation volcano.sh/devices-to-allocate
I0906 15:14:06.066931       1 cache.go:1581] "SnapShot for scheduling" jobNum=1 QueueNum=3 NodeNum=3
I0906 15:14:06.067112       1 session.go:1036] Start adjusting jobs' network topology spec according to hyperNodeTierNameMap map[]
I0906 15:14:06.067121       1 session.go:1079] Finish adjusting jobs' network topology spec according to hyperNodeTierNameMap map[]
I0906 15:14:06.067129       1 session.go:279] Open Session 2ef14507-3073-49d9-ade0-68381f09f74f with <1> Job and <3> Queues. HyperNodesReadyToSchedule: true
I0906 15:14:06.067395       1 gpuexclusive.go:437] gpuexclusive: no rules configured, skipping GPU exclusivity wrapping
I0906 15:14:06.067410       1 enqueue.go:79] Try to enqueue PodGroup to 0 Queues
I0906 15:14:06.067419       1 reclaim.go:68] There are <1> Jobs and <3> Queues in total for scheduling.
I0906 15:14:06.067428       1 proportion.go:326] Queue <lab> is overused: deserved <cpu 100.00, memory 33554432.00, ephemeral-storage 0.00, hugepages-1Gi 0.00, hugepages-2Mi 0.00, pods 1.00, volcano.sh/vgpu-cores 0.00, volcano.sh/vgpu-memory 0.00, volcano.sh/vgpu-number 0.00>, allocated <cpu 100.00, memory 33554432.00, pods 1.00>, share <1>
I0906 15:14:06.067441       1 reclaim.go:112] Queue <lab> is overused, ignore it.
I0906 15:14:06.067452       1 allocate.go:138] Try to allocate resource to 0 Queues
I0906 15:14:06.067518       1 session.go:577] Close Session 2ef14507-3073-49d9-ade0-68381f09f74f
I0906 15:14:06.370113       1 cache.go:1126] Try to delete Job <volcano-tests/abort-eb7eab89-9a7b-4b43-a2d3-9306a2da8a24:volcano-tests/abort-eb7eab89-9a7b-4b43-a2d3-9306a2da8a24>
I0906 15:14:06.370141       1 cache.go:1171] Retry to delete Job <volcano-tests/abort-eb7eab89-9a7b-4b43-a2d3-9306a2da8a24:volcano-tests/abort-eb7eab89-9a7b-4b43-a2d3-9306a2da8a24>
I0906 15:14:06.375372       1 cache.go:1171] Retry to delete Job <volcano-tests/abort-eb7eab89-9a7b-4b43-a2d3-9306a2da8a24:volcano-tests/abort-eb7eab89-9a7b-4b43-a2d3-9306a2da8a24>
I0906 15:14:06.385620       1 cache.go:1171] Retry to delete Job <volcano-tests/abort-eb7eab89-9a7b-4b43-a2d3-9306a2da8a24:volcano-tests/abort-eb7eab89-9a7b-4b43-a2d3-9306a2da8a24>
I0906 15:14:06.405903       1 cache.go:1171] Retry to delete Job <volcano-tests/abort-eb7eab89-9a7b-4b43-a2d3-9306a2da8a24:volcano-tests/abort-eb7eab89-9a7b-4b43-a2d3-9306a2da8a24>
I0906 15:14:06.446319       1 cache.go:1171] Retry to delete Job <volcano-tests/abort-eb7eab89-9a7b-4b43-a2d3-9306a2da8a24:volcano-tests/abort-eb7eab89-9a7b-4b43-a2d3-9306a2da8a24>
I0906 15:14:06.526981       1 cache.go:1171] Retry to delete Job <volcano-tests/abort-eb7eab89-9a7b-4b43-a2d3-9306a2da8a24:volcano-tests/abort-eb7eab89-9a7b-4b43-a2d3-9306a2da8a24>
I0906 15:14:06.687254       1 cache.go:1171] Retry to delete Job <volcano-tests/abort-eb7eab89-9a7b-4b43-a2d3-9306a2da8a24:volcano-tests/abort-eb7eab89-9a7b-4b43-a2d3-9306a2da8a24>
