I0906 15:24:24.127725       1 predicate_helper.go:115] Predicates failed: task volcano-tests/nvml-worker-0 on node volcano-lab-control-plane fit failed: node(s) had untolerated taint(s)
I0906 15:24:24.127738       1 util.go:238] counts= [{1 NVIDIA 30 101 25}]
I0906 15:24:24.127733       1 util.go:238] counts= [{1 NVIDIA 30 101 25}]
I0906 15:24:24.127802       1 utils.go:399] "Allocating device for container" request={"Nums":1,"Type":"NVIDIA","Memreq":30,"MemPercentagereq":101,"Coresreq":25}
I0906 15:24:24.127812       1 utils.go:402] "Scoring pod request" memReq=30 memPercentageReq=101 coresReq=25 Nums=1 Index=0 ID=0
I0906 15:24:24.127820       1 utils.go:403] "Current Device" Index=0 TotalMemory=409 UsedMemory=0 UsedCores=0 UsedNum=0 Number=10 replicate=true
I0906 15:24:24.127825       1 utils.go:449] fitted uuid: GPU-22345678-1234-1234-1234-123456780000
I0906 15:24:24.127832       1 utils.go:399] "Allocating device for container" request={"Nums":1,"Type":"NVIDIA","Memreq":30,"MemPercentagereq":101,"Coresreq":25}
I0906 15:24:24.127838       1 utils.go:402] "Scoring pod request" memReq=30 memPercentageReq=101 coresReq=25 Nums=1 Index=0 ID=0
I0906 15:24:24.127842       1 utils.go:403] "Current Device" Index=0 TotalMemory=409 UsedMemory=0 UsedCores=0 UsedNum=0 Number=10 replicate=true
I0906 15:24:24.127846       1 utils.go:449] fitted uuid: GPU-12345678-1234-1234-1234-123456780000
I0906 15:24:24.127853       1 reclaim.go:185] Considering Task <volcano-tests/nvml-worker-0> on Node <volcano-lab-worker2>.
I0906 15:24:24.127858       1 reclaim.go:185] Considering Task <volcano-tests/nvml-worker-0> on Node <volcano-lab-worker>.
I0906 15:24:24.127863       1 reclaim.go:135] No preemptor task in job <volcano-tests/nvml-8af64a33-6b63-46e6-a8f2-c0a66cd33229>.
I0906 15:24:24.127869       1 statement.go:366] Discarding operations ...
I0906 15:24:24.127880       1 allocate.go:138] Try to allocate resource to 1 Queues
I0906 15:24:24.127889       1 allocate.go:328] "Try to allocate resource" queue="lab" job="volcano-tests/nvml-8af64a33-6b63-46e6-a8f2-c0a66cd33229" taskNum=1
I0906 15:24:24.127900       1 allocate.go:757] There are <3> nodes for Job <volcano-tests/nvml-8af64a33-6b63-46e6-a8f2-c0a66cd33229>
I0906 15:24:24.127923       1 predicate_helper.go:115] Predicates failed: task volcano-tests/nvml-worker-0 on node volcano-lab-control-plane fit failed: Insufficient volcano.sh/vgpu-cores
I0906 15:24:24.127933       1 util.go:238] counts= [{1 NVIDIA 30 101 25}]
I0906 15:24:24.127943       1 utils.go:399] "Allocating device for container" request={"Nums":1,"Type":"NVIDIA","Memreq":30,"MemPercentagereq":101,"Coresreq":25}
I0906 15:24:24.127948       1 utils.go:402] "Scoring pod request" memReq=30 memPercentageReq=101 coresReq=25 Nums=1 Index=0 ID=0
I0906 15:24:24.127946       1 util.go:238] counts= [{1 NVIDIA 30 101 25}]
I0906 15:24:24.127953       1 utils.go:403] "Current Device" Index=0 TotalMemory=409 UsedMemory=0 UsedCores=0 UsedNum=0 Number=10 replicate=true
I0906 15:24:24.127957       1 utils.go:449] fitted uuid: GPU-12345678-1234-1234-1234-123456780000
I0906 15:24:24.127959       1 utils.go:399] "Allocating device for container" request={"Nums":1,"Type":"NVIDIA","Memreq":30,"MemPercentagereq":101,"Coresreq":25}
I0906 15:24:24.127967       1 utils.go:402] "Scoring pod request" memReq=30 memPercentageReq=101 coresReq=25 Nums=1 Index=0 ID=0
I0906 15:24:24.127973       1 utils.go:403] "Current Device" Index=0 TotalMemory=409 UsedMemory=0 UsedCores=0 UsedNum=0 Number=10 replicate=true
I0906 15:24:24.127977       1 utils.go:449] fitted uuid: GPU-22345678-1234-1234-1234-123456780000
I0906 15:24:24.128067       1 allocate.go:934] Binding Task <volcano-tests/nvml-worker-0> to node <volcano-lab-worker>
E0906 15:24:24.128081       1 device_info.go:189] pod nvml-worker-0 has no annotation volcano.sh/devices-to-allocate
I0906 15:24:24.128088       1 statement.go:277] After allocated Task <volcano-tests/nvml-worker-0> to Node <volcano-lab-worker>: idle <cpu 11290.00, memory 27959619584.00, ephemeral-storage 1005867986944000.00, hugepages-1Gi 0.00, hugepages-2Mi 0.00, pods 104.00, volcano.sh/vgpu-cores 175000.00, volcano.sh/vgpu-memory 788000.00, volcano.sh/vgpu-number 19000.00>, used <cpu 710.00, memory 1193279488.00, pods 6.00, volcano.sh/vgpu-cores 25000.00, volcano.sh/vgpu-memory 30000.00, volcano.sh/vgpu-number 1000.00>, releasing <cpu 0.00, memory 0.00>
I0906 15:24:24.128124       1 util.go:238] counts= [{1 NVIDIA 30 101 25}]
I0906 15:24:24.128132       1 utils.go:399] "Allocating device for container" request={"Nums":1,"Type":"NVIDIA","Memreq":30,"MemPercentagereq":101,"Coresreq":25}
I0906 15:24:24.128139       1 utils.go:402] "Scoring pod request" memReq=30 memPercentageReq=101 coresReq=25 Nums=1 Index=0 ID=0
I0906 15:24:24.128144       1 utils.go:403] "Current Device" Index=0 TotalMemory=409 UsedMemory=0 UsedCores=0 UsedNum=0 Number=10 replicate=false
I0906 15:24:24.128148       1 utils.go:449] fitted uuid: GPU-12345678-1234-1234-1234-123456780000
I0906 15:24:24.146473       1 device_info.go:343] DeviceSharing:Allocate Success
I0906 15:24:24.146523       1 statement.go:307] Allocating operations ...
I0906 15:24:24.146550       1 allocate.go:833] "SubJob ready, return statement" job="volcano-tests/nvml-8af64a33-6b63-46e6-a8f2-c0a66cd33229" subJob="volcano-tests/nvml-8af64a33-6b63-46e6-a8f2-c0a66cd33229"
I0906 15:24:24.146559       1 statement.go:393] Committing operations ...
I0906 15:24:24.146598       1 proportion.go:326] Queue <lab> is overused: deserved <cpu 100.00, memory 33554432.00, ephemeral-storage 0.00, hugepages-1Gi 0.00, hugepages-2Mi 0.00, pods 1.00, volcano.sh/vgpu-cores 25000.00, volcano.sh/vgpu-memory 30000.00, volcano.sh/vgpu-number 1000.00>, allocated <cpu 100.00, memory 33554432.00, pods 1.00, volcano.sh/vgpu-cores 25000.00, volcano.sh/vgpu-memory 30000.00, volcano.sh/vgpu-number 1000.00>, share <1>
I0906 15:24:24.146618       1 allocate.go:295] Queue <lab> is overused, ignore it.
E0906 15:24:24.154283       1 device_info.go:159] pod nvml-worker-0 has no annotation volcano.sh/devices-to-allocate
I0906 15:24:24.159413       1 cache.go:992] bind ok, latency 7.934359ms
I0906 15:24:24.173247       1 session.go:577] Close Session c03b0093-87ce-4926-a6f6-e0f8398a9c34
I0906 15:24:25.174350       1 device_info.go:111] GPU sharing mode:  hami-core
I0906 15:24:25.174391       1 device_info.go:113] "Nvidia Device registered name" name="volcano-lab-worker" val={"ID":1,"Node":"volcano-lab-worker","UUID":"GPU-12345678-1234-1234-1234-123456780001","PodMap":{},"Memory":409,"Number":10,"Type":"NVIDIA-NVIDIA A100-SXM4-40GB","Health":true,"UsedNum":0,"UsedMem":0,"UsedCore":0,"MigTemplate":[],"MigUsage":{"Index":-1,"UsageList":null}}
I0906 15:24:25.174422       1 device_info.go:113] "Nvidia Device registered name" name="volcano-lab-worker" val={"ID":0,"Node":"volcano-lab-worker","UUID":"GPU-12345678-1234-1234-1234-123456780000","PodMap":{},"Memory":409,"Number":10,"Type":"NVIDIA-NVIDIA A100-SXM4-40GB","Health":true,"UsedNum":0,"UsedMem":0,"UsedCore":0,"MigTemplate":[],"MigUsage":{"Index":-1,"UsageList":null}}
I0906 15:24:25.174442       1 device_info.go:111] GPU sharing mode:  hami-core
I0906 15:24:25.174456       1 device_info.go:113] "Nvidia Device registered name" name="volcano-lab-worker" val={"ID":1,"Node":"volcano-lab-worker","UUID":"GPU-12345678-1234-1234-1234-123456780001","PodMap":{},"Memory":409,"Number":10,"Type":"NVIDIA-NVIDIA A100-SXM4-40GB","Health":true,"UsedNum":0,"UsedMem":0,"UsedCore":0,"MigTemplate":[],"MigUsage":{"Index":-1,"UsageList":null}}
I0906 15:24:25.174474       1 device_info.go:113] "Nvidia Device registered name" name="volcano-lab-worker" val={"ID":0,"Node":"volcano-lab-worker","UUID":"GPU-12345678-1234-1234-1234-123456780000","PodMap":{},"Memory":409,"Number":10,"Type":"NVIDIA-NVIDIA A100-SXM4-40GB","Health":true,"UsedNum":0,"UsedMem":0,"UsedCore":0,"MigTemplate":[],"MigUsage":{"Index":-1,"UsageList":null}}
E0906 15:24:25.174504       1 device_info.go:189] pod kube-proxy-btcmr has no annotation volcano.sh/devices-to-allocate
E0906 15:24:25.174522       1 device_info.go:189] pod mock1-nvml-mock-9rgh9 has no annotation volcano.sh/devices-to-allocate
E0906 15:24:25.174534       1 device_info.go:189] pod volcano-device-plugin-2sg22 has no annotation volcano.sh/devices-to-allocate
E0906 15:24:25.174546       1 device_info.go:189] pod grafana-7c5659d458-xrbnn has no annotation volcano.sh/devices-to-allocate
E0906 15:24:25.174581       1 device_info.go:189] pod kindnet-k2m7h has no annotation volcano.sh/devices-to-allocate
I0906 15:24:25.174683       1 device_info.go:111] GPU sharing mode:  hami-core
I0906 15:24:25.174704       1 device_info.go:113] "Nvidia Device registered name" name="volcano-lab-worker2" val={"ID":0,"Node":"volcano-lab-worker2","UUID":"GPU-22345678-1234-1234-1234-123456780000","PodMap":{},"Memory":409,"Number":10,"Type":"NVIDIA-NVIDIA A100-SXM4-40GB","Health":true,"UsedNum":0,"UsedMem":0,"UsedCore":0,"MigTemplate":[],"MigUsage":{"Index":-1,"UsageList":null}}
I0906 15:24:25.174724       1 device_info.go:113] "Nvidia Device registered name" name="volcano-lab-worker2" val={"ID":1,"Node":"volcano-lab-worker2","UUID":"GPU-22345678-1234-1234-1234-123456780001","PodMap":{},"Memory":409,"Number":10,"Type":"NVIDIA-NVIDIA A100-SXM4-40GB","Health":true,"UsedNum":0,"UsedMem":0,"UsedCore":0,"MigTemplate":[],"MigUsage":{"Index":-1,"UsageList":null}}
I0906 15:24:25.174734       1 device_info.go:111] GPU sharing mode:  hami-core
I0906 15:24:25.174742       1 device_info.go:113] "Nvidia Device registered name" name="volcano-lab-worker2" val={"ID":0,"Node":"volcano-lab-worker2","UUID":"GPU-22345678-1234-1234-1234-123456780000","PodMap":{},"Memory":409,"Number":10,"Type":"NVIDIA-NVIDIA A100-SXM4-40GB","Health":true,"UsedNum":0,"UsedMem":0,"UsedCore":0,"MigTemplate":[],"MigUsage":{"Index":-1,"UsageList":null}}
I0906 15:24:25.174752       1 device_info.go:113] "Nvidia Device registered name" name="volcano-lab-worker2" val={"ID":1,"Node":"volcano-lab-worker2","UUID":"GPU-22345678-1234-1234-1234-123456780001","PodMap":{},"Memory":409,"Number":10,"Type":"NVIDIA-NVIDIA A100-SXM4-40GB","Health":true,"UsedNum":0,"UsedMem":0,"UsedCore":0,"MigTemplate":[],"MigUsage":{"Index":-1,"UsageList":null}}
E0906 15:24:25.174762       1 device_info.go:189] pod prometheus-deployment-7cb9b4545b-h2fz4 has no annotation volcano.sh/devices-to-allocate
E0906 15:24:25.174772       1 device_info.go:189] pod volcano-device-plugin-jj26z has no annotation volcano.sh/devices-to-allocate
E0906 15:24:25.174777       1 device_info.go:189] pod volcano-controllers-5b976c6d4b-rkqw6 has no annotation volcano.sh/devices-to-allocate
E0906 15:24:25.174783       1 device_info.go:189] pod volcano-scheduler-679b8694f8-6smfw has no annotation volcano.sh/devices-to-allocate
E0906 15:24:25.174790       1 device_info.go:189] pod kindnet-5whpw has no annotation volcano.sh/devices-to-allocate
E0906 15:24:25.174795       1 device_info.go:189] pod kube-proxy-gwssg has no annotation volcano.sh/devices-to-allocate
E0906 15:24:25.174800       1 device_info.go:189] pod mock2-nvml-mock-mtnbp has no annotation volcano.sh/devices-to-allocate
E0906 15:24:25.174809       1 device_info.go:189] pod kube-state-metrics-5ffcdf767c-gf9d5 has no annotation volcano.sh/devices-to-allocate
E0906 15:24:25.174815       1 device_info.go:189] pod volcano-admission-5b979dc8f6-8rdzl has no annotation volcano.sh/devices-to-allocate
I0906 15:24:25.174885       1 cache.go:1581] "SnapShot for scheduling" jobNum=1 QueueNum=3 NodeNum=3
I0906 15:24:25.174900       1 session.go:1036] Start adjusting jobs' network topology spec according to hyperNodeTierNameMap map[]
I0906 15:24:25.174911       1 session.go:1079] Finish adjusting jobs' network topology spec according to hyperNodeTierNameMap map[]
I0906 15:24:25.174921       1 session.go:279] Open Session ee796392-26d2-479a-b730-e5e53e918258 with <1> Job and <3> Queues. HyperNodesReadyToSchedule: true
I0906 15:24:25.175262       1 gpuexclusive.go:437] gpuexclusive: no rules configured, skipping GPU exclusivity wrapping
I0906 15:24:25.175283       1 enqueue.go:79] Try to enqueue PodGroup to 0 Queues
I0906 15:24:25.175292       1 reclaim.go:68] There are <1> Jobs and <3> Queues in total for scheduling.
I0906 15:24:25.175302       1 proportion.go:326] Queue <lab> is overused: deserved <cpu 100.00, memory 33554432.00, ephemeral-storage 0.00, hugepages-1Gi 0.00, hugepages-2Mi 0.00, pods 1.00, volcano.sh/vgpu-cores 25000.00, volcano.sh/vgpu-memory 30000.00, volcano.sh/vgpu-number 1000.00>, allocated <cpu 100.00, memory 33554432.00, pods 1.00, volcano.sh/vgpu-cores 25000.00, volcano.sh/vgpu-memory 30000.00, volcano.sh/vgpu-number 1000.00>, share <1>
I0906 15:24:25.175321       1 reclaim.go:112] Queue <lab> is overused, ignore it.
I0906 15:24:25.175335       1 allocate.go:138] Try to allocate resource to 0 Queues
I0906 15:24:25.198763       1 session.go:577] Close Session ee796392-26d2-479a-b730-e5e53e918258
I0906 15:24:26.199173       1 device_info.go:111] GPU sharing mode:  hami-core
I0906 15:24:26.199209       1 device_info.go:113] "Nvidia Device registered name" name="volcano-lab-worker2" val={"ID":0,"Node":"volcano-lab-worker2","UUID":"GPU-22345678-1234-1234-1234-123456780000","PodMap":{},"Memory":409,"Number":10,"Type":"NVIDIA-NVIDIA A100-SXM4-40GB","Health":true,"UsedNum":0,"UsedMem":0,"UsedCore":0,"MigTemplate":[],"MigUsage":{"Index":-1,"UsageList":null}}
I0906 15:24:26.199238       1 device_info.go:113] "Nvidia Device registered name" name="volcano-lab-worker2" val={"ID":1,"Node":"volcano-lab-worker2","UUID":"GPU-22345678-1234-1234-1234-123456780001","PodMap":{},"Memory":409,"Number":10,"Type":"NVIDIA-NVIDIA A100-SXM4-40GB","Health":true,"UsedNum":0,"UsedMem":0,"UsedCore":0,"MigTemplate":[],"MigUsage":{"Index":-1,"UsageList":null}}
I0906 15:24:26.199255       1 device_info.go:111] GPU sharing mode:  hami-core
I0906 15:24:26.199267       1 device_info.go:113] "Nvidia Device registered name" name="volcano-lab-worker2" val={"ID":1,"Node":"volcano-lab-worker2","UUID":"GPU-22345678-1234-1234-1234-123456780001","PodMap":{},"Memory":409,"Number":10,"Type":"NVIDIA-NVIDIA A100-SXM4-40GB","Health":true,"UsedNum":0,"UsedMem":0,"UsedCore":0,"MigTemplate":[],"MigUsage":{"Index":-1,"UsageList":null}}
I0906 15:24:26.199280       1 device_info.go:113] "Nvidia Device registered name" name="volcano-lab-worker2" val={"ID":0,"Node":"volcano-lab-worker2","UUID":"GPU-22345678-1234-1234-1234-123456780000","PodMap":{},"Memory":409,"Number":10,"Type":"NVIDIA-NVIDIA A100-SXM4-40GB","Health":true,"UsedNum":0,"UsedMem":0,"UsedCore":0,"MigTemplate":[],"MigUsage":{"Index":-1,"UsageList":null}}
E0906 15:24:26.199304       1 device_info.go:189] pod mock2-nvml-mock-mtnbp has no annotation volcano.sh/devices-to-allocate
E0906 15:24:26.199314       1 device_info.go:189] pod kube-state-metrics-5ffcdf767c-gf9d5 has no annotation volcano.sh/devices-to-allocate
E0906 15:24:26.199324       1 device_info.go:189] pod volcano-admission-5b979dc8f6-8rdzl has no annotation volcano.sh/devices-to-allocate
E0906 15:24:26.199333       1 device_info.go:189] pod prometheus-deployment-7cb9b4545b-h2fz4 has no annotation volcano.sh/devices-to-allocate
E0906 15:24:26.199348       1 device_info.go:189] pod volcano-device-plugin-jj26z has no annotation volcano.sh/devices-to-allocate
E0906 15:24:26.199360       1 device_info.go:189] pod volcano-controllers-5b976c6d4b-rkqw6 has no annotation volcano.sh/devices-to-allocate
E0906 15:24:26.199372       1 device_info.go:189] pod volcano-scheduler-679b8694f8-6smfw has no annotation volcano.sh/devices-to-allocate
E0906 15:24:26.199384       1 device_info.go:189] pod kindnet-5whpw has no annotation volcano.sh/devices-to-allocate
E0906 15:24:26.199397       1 device_info.go:189] pod kube-proxy-gwssg has no annotation volcano.sh/devices-to-allocate
I0906 15:24:26.199467       1 device_info.go:111] GPU sharing mode:  hami-core
I0906 15:24:26.199482       1 device_info.go:113] "Nvidia Device registered name" name="volcano-lab-worker" val={"ID":0,"Node":"volcano-lab-worker","UUID":"GPU-12345678-1234-1234-1234-123456780000","PodMap":{},"Memory":409,"Number":10,"Type":"NVIDIA-NVIDIA A100-SXM4-40GB","Health":true,"UsedNum":0,"UsedMem":0,"UsedCore":0,"MigTemplate":[],"MigUsage":{"Index":-1,"UsageList":null}}
I0906 15:24:26.199499       1 device_info.go:113] "Nvidia Device registered name" name="volcano-lab-worker" val={"ID":1,"Node":"volcano-lab-worker","UUID":"GPU-12345678-1234-1234-1234-123456780001","PodMap":{},"Memory":409,"Number":10,"Type":"NVIDIA-NVIDIA A100-SXM4-40GB","Health":true,"UsedNum":0,"UsedMem":0,"UsedCore":0,"MigTemplate":[],"MigUsage":{"Index":-1,"UsageList":null}}
I0906 15:24:26.199511       1 device_info.go:111] GPU sharing mode:  hami-core
I0906 15:24:26.199522       1 device_info.go:113] "Nvidia Device registered name" name="volcano-lab-worker" val={"ID":0,"Node":"volcano-lab-worker","UUID":"GPU-12345678-1234-1234-1234-123456780000","PodMap":{},"Memory":409,"Number":10,"Type":"NVIDIA-NVIDIA A100-SXM4-40GB","Health":true,"UsedNum":0,"UsedMem":0,"UsedCore":0,"MigTemplate":[],"MigUsage":{"Index":-1,"UsageList":null}}
I0906 15:24:26.199533       1 device_info.go:113] "Nvidia Device registered name" name="volcano-lab-worker" val={"ID":1,"Node":"volcano-lab-worker","UUID":"GPU-12345678-1234-1234-1234-123456780001","PodMap":{},"Memory":409,"Number":10,"Type":"NVIDIA-NVIDIA A100-SXM4-40GB","Health":true,"UsedNum":0,"UsedMem":0,"UsedCore":0,"MigTemplate":[],"MigUsage":{"Index":-1,"UsageList":null}}
E0906 15:24:26.199546       1 device_info.go:189] pod kube-proxy-btcmr has no annotation volcano.sh/devices-to-allocate
E0906 15:24:26.199559       1 device_info.go:189] pod mock1-nvml-mock-9rgh9 has no annotation volcano.sh/devices-to-allocate
E0906 15:24:26.199574       1 device_info.go:189] pod volcano-device-plugin-2sg22 has no annotation volcano.sh/devices-to-allocate
E0906 15:24:26.199583       1 device_info.go:189] pod grafana-7c5659d458-xrbnn has no annotation volcano.sh/devices-to-allocate
E0906 15:24:26.199602       1 device_info.go:189] pod kindnet-k2m7h has no annotation volcano.sh/devices-to-allocate
I0906 15:24:26.199693       1 cache.go:1581] "SnapShot for scheduling" jobNum=1 QueueNum=3 NodeNum=3
I0906 15:24:26.199704       1 session.go:1036] Start adjusting jobs' network topology spec according to hyperNodeTierNameMap map[]
I0906 15:24:26.199711       1 session.go:1079] Finish adjusting jobs' network topology spec according to hyperNodeTierNameMap map[]
I0906 15:24:26.199719       1 session.go:279] Open Session c110dd60-564d-4fba-90aa-f27d2f71b78f with <1> Job and <3> Queues. HyperNodesReadyToSchedule: true
I0906 15:24:26.200076       1 gpuexclusive.go:437] gpuexclusive: no rules configured, skipping GPU exclusivity wrapping
I0906 15:24:26.200091       1 enqueue.go:79] Try to enqueue PodGroup to 0 Queues
I0906 15:24:26.200096       1 reclaim.go:68] There are <1> Jobs and <3> Queues in total for scheduling.
I0906 15:24:26.200104       1 proportion.go:326] Queue <lab> is overused: deserved <cpu 100.00, memory 33554432.00, ephemeral-storage 0.00, hugepages-1Gi 0.00, hugepages-2Mi 0.00, pods 1.00, volcano.sh/vgpu-cores 25000.00, volcano.sh/vgpu-memory 30000.00, volcano.sh/vgpu-number 1000.00>, allocated <cpu 100.00, memory 33554432.00, pods 1.00, volcano.sh/vgpu-cores 25000.00, volcano.sh/vgpu-memory 30000.00, volcano.sh/vgpu-number 1000.00>, share <1>
I0906 15:24:26.200122       1 reclaim.go:112] Queue <lab> is overused, ignore it.
I0906 15:24:26.200148       1 allocate.go:138] Try to allocate resource to 0 Queues
I0906 15:24:26.205281       1 session.go:577] Close Session c110dd60-564d-4fba-90aa-f27d2f71b78f
